Archive member included to satisfy reference by file (symbol)

../Application/Parser/miscelln/libmiscelln.a(ascii_list_print.c.obj)
                              ../Application/Parser/CMakeFiles/parser.dir/parser.c.obj (ascii_list_print)
../Application/Parser/miscelln/libmiscelln.a(ascii_list_scan.c.obj)
                              ../Application/Parser/CMakeFiles/parser.dir/parser.c.obj (ascii_list_scan)
../Application/Parser/miscelln/libmiscelln.a(fillbitfield.c.obj)
                              ../Application/Parser/CMakeFiles/parser.dir/parser.c.obj (fillbitfield)
../Application/Parser/miscelln/libmiscelln.a(findbitclr.c.obj)
                              ../Application/Parser/CMakeFiles/parser.dir/parser.c.obj (findbitclr)
../Application/Parser/miscelln/libmiscelln.a(findbitset.c.obj)
                              ../Application/Parser/CMakeFiles/parser.dir/parser.c.obj (findbitset)
../Application/Parser/miscelln/libmiscelln.a(getonebit.c.obj)
                              ../Application/Parser/CMakeFiles/parser.dir/parser.c.obj (getonebit)
../Application/Parser/miscelln/libmiscelln.a(memset.s.obj)
                              /opt/arm-gnu-toolchain-13.2.Rel1-arm-none-eabi/bin/../lib/gcc/arm-none-eabi/13.2.1/../../../../arm-none-eabi/lib/thumb/v8-m.main+fp/hard/crt0.o (memset)
../Application/Parser/miscelln/libmiscelln.a(mem_xor.c.obj)
                              ../Application/Parser/CMakeFiles/parser.dir/parser.c.obj (mem_xor)
../Application/Parser/miscelln/libmiscelln.a(setonebit.c.obj)
                              ../Application/Parser/CMakeFiles/parser.dir/parser.c.obj (setonebit)
../Application/Parser/miscelln/libmiscelln.a(stricmp.c.obj)
                              ../Application/Parser/CMakeFiles/parser.dir/parser.c.obj (stricmp)
../Application/Parser/miscelln/libmiscelln.a(strupr.c.obj)
                              ../Application/Parser/CMakeFiles/parser.dir/parser.c.obj (strupr)
../Application/Parser/miscelln/libmiscelln.a(wr_bits.c.obj)
                              ../Application/Parser/miscelln/libmiscelln.a(fillbitfield.c.obj) (wr_bits)
../Application/Parser/miscelln/libmiscelln.a(bitmasktable.c.obj)
                              ../Application/Parser/miscelln/libmiscelln.a(findbitclr.c.obj) (bitmasktable)
/opt/arm-gnu-toolchain-13.2.Rel1-arm-none-eabi/bin/../lib/gcc/arm-none-eabi/13.2.1/../../../../arm-none-eabi/lib/thumb/v8-m.main+fp/hard/libc_nano.a(libc_a-exit.o)
                              /opt/arm-gnu-toolchain-13.2.Rel1-arm-none-eabi/bin/../lib/gcc/arm-none-eabi/13.2.1/../../../../arm-none-eabi/lib/thumb/v8-m.main+fp/hard/crt0.o (exit)
/opt/arm-gnu-toolchain-13.2.Rel1-arm-none-eabi/bin/../lib/gcc/arm-none-eabi/13.2.1/../../../../arm-none-eabi/lib/thumb/v8-m.main+fp/hard/libc_nano.a(libc_a-ctype_.o)
                              ../Application/Parser/CMakeFiles/parser.dir/parser.c.obj (_ctype_)
/opt/arm-gnu-toolchain-13.2.Rel1-arm-none-eabi/bin/../lib/gcc/arm-none-eabi/13.2.1/../../../../arm-none-eabi/lib/thumb/v8-m.main+fp/hard/libc_nano.a(libc_a-nano-vfprintf_float.o)
                              (_printf_float)
/opt/arm-gnu-toolchain-13.2.Rel1-arm-none-eabi/bin/../lib/gcc/arm-none-eabi/13.2.1/../../../../arm-none-eabi/lib/thumb/v8-m.main+fp/hard/libc_nano.a(libc_a-nano-vfprintf_i.o)
                              /opt/arm-gnu-toolchain-13.2.Rel1-arm-none-eabi/bin/../lib/gcc/arm-none-eabi/13.2.1/../../../../arm-none-eabi/lib/thumb/v8-m.main+fp/hard/libc_nano.a(libc_a-nano-vfprintf_float.o) (_printf_common)
/opt/arm-gnu-toolchain-13.2.Rel1-arm-none-eabi/bin/../lib/gcc/arm-none-eabi/13.2.1/../../../../arm-none-eabi/lib/thumb/v8-m.main+fp/hard/libc_nano.a(libc_a-findfp.o)
                              /opt/arm-gnu-toolchain-13.2.Rel1-arm-none-eabi/bin/../lib/gcc/arm-none-eabi/13.2.1/../../../../arm-none-eabi/lib/thumb/v8-m.main+fp/hard/libc_nano.a(libc_a-exit.o) (__stdio_exit_handler)
/opt/arm-gnu-toolchain-13.2.Rel1-arm-none-eabi/bin/../lib/gcc/arm-none-eabi/13.2.1/../../../../arm-none-eabi/lib/thumb/v8-m.main+fp/hard/libc_nano.a(libc_a-fwalk.o)
                              /opt/arm-gnu-toolchain-13.2.Rel1-arm-none-eabi/bin/../lib/gcc/arm-none-eabi/13.2.1/../../../../arm-none-eabi/lib/thumb/v8-m.main+fp/hard/libc_nano.a(libc_a-findfp.o) (_fwalk_sglue)
/opt/arm-gnu-toolchain-13.2.Rel1-arm-none-eabi/bin/../lib/gcc/arm-none-eabi/13.2.1/../../../../arm-none-eabi/lib/thumb/v8-m.main+fp/hard/libc_nano.a(libc_a-sprintf.o)
                              ../Application/Parser/CMakeFiles/parser.dir/parser.c.obj (sprintf)
/opt/arm-gnu-toolchain-13.2.Rel1-arm-none-eabi/bin/../lib/gcc/arm-none-eabi/13.2.1/../../../../arm-none-eabi/lib/thumb/v8-m.main+fp/hard/libc_nano.a(libc_a-sscanf.o)
                              ../Application/Parser/CMakeFiles/parser.dir/parser.c.obj (sscanf)
/opt/arm-gnu-toolchain-13.2.Rel1-arm-none-eabi/bin/../lib/gcc/arm-none-eabi/13.2.1/../../../../arm-none-eabi/lib/thumb/v8-m.main+fp/hard/libc_nano.a(libc_a-stdio.o)
[...]
Memory Configuration

Name             Origin             Length             Attributes
RAM              0x20000000         0x0009ff80         xrw
FLASH            0x08000000         0x00020000         xr
NOINIT_INTRAM    0x2009ff80         0x00000080
*default*        0x00000000         0xffffffff

Linker script and memory map

LOAD /opt/arm-gnu-toolchain-13.2.Rel1-arm-none-eabi/bin/../lib/gcc/arm-none-eabi/13.2.1/thumb/v8-m.main+fp/hard/crti.o
LOAD /opt/arm-gnu-toolchain-13.2.Rel1-arm-none-eabi/bin/../lib/gcc/arm-none-eabi/13.2.1/thumb/v8-m.main+fp/hard/crtbegin.o
LOAD /opt/arm-gnu-toolchain-13.2.Rel1-arm-none-eabi/bin/../lib/gcc/arm-none-eabi/13.2.1/../../../../arm-none-eabi/lib/thumb/v8-m.main+fp/hard/crt0.o
START GROUP
END GROUP
LOAD CMakeFiles/Bootloader.dir/bootloader.cpp.obj
LOAD CMakeFiles/Bootloader.dir/__/Toolchain/syscalls.c.obj
LOAD CMakeFiles/Bootloader.dir/__/Deps/stm32h5/system_stm32h5xx_boot.c.obj
LOAD ../BSP/CMakeFiles/BSP.dir/trident-board.cpp.obj
LOAD ../BSP/CMakeFiles/BSP.dir/bsp_audioboard.cpp.obj
LOAD ../BSP/CMakeFiles/BSP.dir/p23f_mx_frontboard.cpp.obj
LOAD ../Deps/CMakeFiles/STM32H5_TARGET.dir/Externals/stm32h5_hal-src/Src/stm32h5xx_hal_cortex.c.obj
LOAD ../Deps/CMakeFiles/STM32H5_TARGET.dir/Externals/stm32h5_hal-src/Src/stm32h5xx_hal_flash.c.obj
LOAD ../Deps/CMakeFiles/STM32H5_TARGET.dir/Externals/stm32h5_hal-src/Src/stm32h5xx_hal_adc.c.obj
LOAD ../Deps/CMakeFiles/STM32H5_TARGET.dir/Externals/stm32h5_hal-src/Src/stm32h5xx_hal_adc_ex.c.obj
LOAD ../Deps/CMakeFiles/STM32H5_TARGET.dir/Externals/stm32h5_hal-src/Src/stm32h5xx_hal_rcc.c.obj
LOAD ../Deps/CMakeFiles/STM32H5_TARGET.dir/Externals/stm32h5_hal-src/Src/stm32h5xx_hal_rcc_ex.c.obj
LOAD ../Deps/CMakeFiles/STM32H5_TARGET.dir/Externals/stm32h5_hal-src/Src/stm32h5xx_hal_pwr.c.obj
LOAD ../Deps/CMakeFiles/STM32H5_TARGET.dir/Externals/stm32h5_hal-src/Src/stm32h5xx_hal_pwr_ex.c.obj
LOAD ../Deps/CMakeFiles/STM32H5_TARGET.dir/Externals/stm32h5_hal-src/Src/stm32h5xx_hal_gpio.c.obj
LOAD ../Deps/CMakeFiles/STM32H5_TARGET.dir/Externals/stm32h5_hal-src/Src/stm32h5xx_hal_i2c.c.obj
LOAD ../Deps/CMakeFiles/STM32H5_TARGET.dir/Externals/stm32h5_hal-src/Src/stm32h5xx_hal_i2c_ex.c.obj
LOAD ../Deps/CMakeFiles/STM32H5_TARGET.dir/Externals/stm32h5_hal-src/Src/stm32h5xx_hal_dma.c.obj
LOAD ../Deps/CMakeFiles/STM32H5_TARGET.dir/Externals/stm32h5_hal-src/Src/stm32h5xx_hal_uart.c.obj
LOAD ../Deps/CMakeFiles/STM32H5_TARGET.dir/Externals/stm32h5_hal-src/Src/stm32h5xx_hal_tim.c.obj
LOAD ../Deps/CMakeFiles/STM32H5_TARGET.dir/Externals/stm32h5_hal-src/Src/stm32h5xx_hal_tim_ex.c.obj
LOAD ../Deps/CMakeFiles/STM32H5_TARGET.dir/Externals/stm32h5_hal-src/Src/stm32h5xx_hal_uart_ex.c.obj
LOAD ../Deps/CMakeFiles/STM32H5_TARGET.dir/Externals/stm32h5_hal-src/Src/stm32h5xx_hal_fdcan.c.obj
LOAD ../Deps/CMakeFiles/STM32H5_TARGET.dir/Externals/stm32h5_hal-src/Src/stm32h5xx_hal_spi.c.obj
LOAD ../Deps/CMakeFiles/STM32H5_TARGET.dir/Externals/stm32h5_hal-src/Src/stm32h5xx_hal_spi_ex.c.obj
LOAD ../Deps/CMakeFiles/STM32H5_TARGET.dir/Externals/stm32h5_hal-src/Src/stm32h5xx_hal_dma_ex.c.obj
LOAD ../Deps/CMakeFiles/STM32H5_TARGET.dir/Externals/stm32h5_hal-src/Src/stm32h5xx_hal.c.obj
LOAD ../Deps/CMakeFiles/STM32H5_TARGET.dir/Externals/cmsis_device_h5-src/Source/Templates/gcc/startup_stm32h563xx.s.obj
LOAD ../Deps/CMakeFiles/STM32H5_TARGET.dir/stm32h5/stm32h5xx_hal_timebase_tim.c.obj
LOAD ../Application/Parser/CMakeFiles/parser.dir/ascii_io.c.obj
LOAD ../Application/Parser/CMakeFiles/parser.dir/parser.c.obj
LOAD ../Application/Parser/CMakeFiles/parser.dir/rs232.c.obj
LOAD ../Application/Parser/miscelln/libmiscelln.a
LOAD /opt/arm-gnu-toolchain-13.2.Rel1-arm-none-eabi/bin/../lib/gcc/arm-none-eabi/13.2.1/../../../../arm-none-eabi/lib/thumb/v8-m.main+fp/hard/libstdc++_nano.a
LOAD /opt/arm-gnu-toolchain-13.2.Rel1-arm-none-eabi/bin/../lib/gcc/arm-none-eabi/13.2.1/../../../../arm-none-eabi/lib/thumb/v8-m.main+fp/hard/libm.a
LOAD /opt/arm-gnu-toolchain-13.2.Rel1-arm-none-eabi/bin/../lib/gcc/arm-none-eabi/13.2.1/../../../../arm-none-eabi/lib/thumb/v8-m.main+fp/hard/libc_nano.a
START GROUP
LOAD /opt/arm-gnu-toolchain-13.2.Rel1-arm-none-eabi/bin/../lib/gcc/arm-none-eabi/13.2.1/thumb/v8-m.main+fp/hard/libgcc.a
LOAD /opt/arm-gnu-toolchain-13.2.Rel1-arm-none-eabi/bin/../lib/gcc/arm-none-eabi/13.2.1/../../../../arm-none-eabi/lib/thumb/v8-m.main+fp/hard/libg_nano.a
LOAD /opt/arm-gnu-toolchain-13.2.Rel1-arm-none-eabi/bin/../lib/gcc/arm-none-eabi/13.2.1/../../../../arm-none-eabi/lib/thumb/v8-m.main+fp/hard/libc_nano.a
END GROUP
START GROUP
LOAD /opt/arm-gnu-toolchain-13.2.Rel1-arm-none-eabi/bin/../lib/gcc/arm-none-eabi/13.2.1/thumb/v8-m.main+fp/hard/libgcc.a
LOAD /opt/arm-gnu-toolchain-13.2.Rel1-arm-none-eabi/bin/../lib/gcc/arm-none-eabi/13.2.1/../../../../arm-none-eabi/lib/thumb/v8-m.main+fp/hard/libc_nano.a
LOAD /opt/arm-gnu-toolchain-13.2.Rel1-arm-none-eabi/bin/../lib/gcc/arm-none-eabi/13.2.1/../../../../arm-none-eabi/lib/thumb/v8-m.main+fp/hard/libnosys.a
END GROUP
START GROUP
LOAD /opt/arm-gnu-toolchain-13.2.Rel1-arm-none-eabi/bin/../lib/gcc/arm-none-eabi/13.2.1/thumb/v8-m.main+fp/hard/libgcc.a
LOAD /opt/arm-gnu-toolchain-13.2.Rel1-arm-none-eabi/bin/../lib/gcc/arm-none-eabi/13.2.1/../../../../arm-none-eabi/lib/thumb/v8-m.main+fp/hard/libc_nano.a
LOAD /opt/arm-gnu-toolchain-13.2.Rel1-arm-none-eabi/bin/../lib/gcc/arm-none-eabi/13.2.1/../../../../arm-none-eabi/lib/thumb/v8-m.main+fp/hard/libnosys.a
END GROUP
LOAD /opt/arm-gnu-toolchain-13.2.Rel1-arm-none-eabi/bin/../lib/gcc/arm-none-eabi/13.2.1/thumb/v8-m.main+fp/hard/crtend.o
LOAD /opt/arm-gnu-toolchain-13.2.Rel1-arm-none-eabi/bin/../lib/gcc/arm-none-eabi/13.2.1/thumb/v8-m.main+fp/hard/crtn.o
                0x2009ff80                        _estack = (ORIGIN (RAM) + LENGTH (RAM))
                0x00000200                        _Min_Heap_Size = 0x200
                0x00000400                        _Min_Stack_Size = 0x400

.isr_vector     0x08000000      0x24c
                0x08000000                        . = ALIGN (0x4)
 *(.isr_vector)
 .isr_vector    0x08000000      0x24c ../Deps/CMakeFiles/STM32H5_TARGET.dir/Externals/cmsis_device_h5-src/Source/Templates/gcc/startup_stm32h563xx.s.obj
                0x08000000                g_pfnVectors
                0x0800024c                        . = ALIGN (0x4)

.text           0x08000250     0xd6a8
                0x08000250                        . = ALIGN (0x4)
 *(.text)
 .text          0x08000250       0x88 ../Application/Parser/miscelln/libmiscelln.a(memset.s.obj)
                0x08000270                memset_c2c
                0x08000270                memset
                0x080002aa                memset_l2l
 .text          0x080002d8       0x10 /opt/arm-gnu-toolchain-13.2.Rel1-arm-none-eabi/bin/../lib/gcc/arm-none-eabi/13.2.1/../../../../arm-none-eabi/lib/thumb/v8-m.main+fp/hard/libc_nano.a(libc_a-strlen.o)
                0x080002d8                strlen
 .text          0x080002e8      0x378 /opt/arm-gnu-toolchain-13.2.Rel1-arm-none-eabi/bin/../lib/gcc/arm-none-eabi/13.2.1/thumb/v8-m.main+fp/hard/libgcc.a(_arm_addsubdf3.o)
                0x080002e8                __aeabi_drsub
                0x080002f0                __aeabi_dsub
                0x080002f0                __subdf3
                0x080002f4                __adddf3
                0x080002f4                __aeabi_dadd
                0x0800056c                __aeabi_ui2d
                0x0800056c                __floatunsidf
                0x0800058c                __floatsidf
                0x0800058c                __aeabi_i2d
                0x080005b0                __extendsfdf2
                0x080005b0                __aeabi_f2d
                0x080005f4                __aeabi_ul2d
                0x080005f4                __floatundidf
                0x08000604                __floatdidf
                0x08000604                __aeabi_l2d
 .text          0x08000660      0x424 /opt/arm-gnu-toolchain-13.2.Rel1-arm-none-eabi/bin/../lib/gcc/arm-none-eabi/13.2.1/thumb/v8-m.main+fp/hard/libgcc.a(_arm_muldivdf3.o)
                0x08000660                __aeabi_dmul
                0x08000660                __muldf3
                0x080008b4                __aeabi_ddiv
                0x080008b4                __divdf3
 .text          0x08000a84      0x110 /opt/arm-gnu-toolchain-13.2.Rel1-arm-none-eabi/bin/../lib/gcc/arm-none-eabi/13.2.1/thumb/v8-m.main+fp/hard/libgcc.a(_arm_cmpdf2.o)
                0x08000a84                __gtdf2
                0x08000a84                __gedf2
                0x08000a8c                __ltdf2
                0x08000a8c                __ledf2
                0x08000a94                __cmpdf2
                0x08000a94                __eqdf2
                0x08000a94                __nedf2
                0x08000b10                __aeabi_cdrcmple
                0x08000b20                __aeabi_cdcmple
                0x08000b20                __aeabi_cdcmpeq
                0x08000b30                __aeabi_dcmpeq
                0x08000b44                __aeabi_dcmplt
                0x08000b58                __aeabi_dcmple
                0x08000b6c                __aeabi_dcmpge
                0x08000b80                __aeabi_dcmpgt
 .text          0x08000b94       0x2c /opt/arm-gnu-toolchain-13.2.Rel1-arm-none-eabi/bin/../lib/gcc/arm-none-eabi/13.2.1/thumb/v8-m.main+fp/hard/libgcc.a(_arm_unorddf2.o)
                0x08000b94                __aeabi_dcmpun
                0x08000b94                __unorddf2
 .text          0x08000bc0       0x50 /opt/arm-gnu-toolchain-13.2.Rel1-arm-none-eabi/bin/../lib/gcc/arm-none-eabi/13.2.1/thumb/v8-m.main+fp/hard/libgcc.a(_arm_fixdfsi.o)
                0x08000bc0                __fixdfsi
                0x08000bc0                __aeabi_d2iz
 .text          0x08000c10       0x30 /opt/arm-gnu-toolchain-13.2.Rel1-arm-none-eabi/bin/../lib/gcc/arm-none-eabi/13.2.1/thumb/v8-m.main+fp/hard/libgcc.a(_aeabi_uldivmod.o)
                0x08000c10                __aeabi_uldivmod
 .text          0x08000c40        0x4 /opt/arm-gnu-toolchain-13.2.Rel1-arm-none-eabi/bin/../lib/gcc/arm-none-eabi/13.2.1/thumb/v8-m.main+fp/hard/libgcc.a(_dvmd_tls.o)
                0x08000c40                __aeabi_ldiv0
                0x08000c40                __aeabi_idiv0
 *(.text*)
 .text.deregister_tm_clones
                0x08000c44       0x1c /opt/arm-gnu-toolchain-13.2.Rel1-arm-none-eabi/bin/../lib/gcc/arm-none-eabi/13.2.1/thumb/v8-m.main+fp/hard/crtbegin.o
 .text.register_tm_clones
                0x08000c60       0x28 /opt/arm-gnu-toolchain-13.2.Rel1-arm-none-eabi/bin/../lib/gcc/arm-none-eabi/13.2.1/thumb/v8-m.main+fp/hard/crtbegin.o
 .text.__do_global_dtors_aux
                0x08000c88       0x28 /opt/arm-gnu-toolchain-13.2.Rel1-arm-none-eabi/bin/../lib/gcc/arm-none-eabi/13.2.1/thumb/v8-m.main+fp/hard/crtbegin.o
 .text.frame_dummy
                0x08000cb0       0x24 /opt/arm-gnu-toolchain-13.2.Rel1-arm-none-eabi/bin/../lib/gcc/arm-none-eabi/13.2.1/thumb/v8-m.main+fp/hard/crtbegin.o
 .text._Z17jumpToApplicationv
                0x08000cd4       0x28 CMakeFiles/Bootloader.dir/bootloader.cpp.obj
                0x08000cd4                jumpToApplication()
 .text.main     0x08000cfc      0x114 CMakeFiles/Bootloader.dir/bootloader.cpp.obj
                0x08000cfc                main
 .text._lseek   0x08000e10       0x1a CMakeFiles/Bootloader.dir/__/Toolchain/syscalls.c.obj
                0x08000e10                _lseek
 .text._fstat   0x08000e2a       0x20 CMakeFiles/Bootloader.dir/__/Toolchain/syscalls.c.obj
                0x08000e2a                _fstat
 .text._close   0x08000e4a       0x18 CMakeFiles/Bootloader.dir/__/Toolchain/syscalls.c.obj
                0x08000e4a                _close
 .text._read    0x08000e62       0x1a CMakeFiles/Bootloader.dir/__/Toolchain/syscalls.c.obj
                0x08000e62                _read
 .text._write   0x08000e7c       0x1a CMakeFiles/Bootloader.dir/__/Toolchain/syscalls.c.obj
                0x08000e7c                _write
 .text._isatty  0x08000e96       0x16 CMakeFiles/Bootloader.dir/__/Toolchain/syscalls.c.obj
                0x08000e96                _isatty
 .text._getpid  0x08000eac       0x10 CMakeFiles/Bootloader.dir/__/Toolchain/syscalls.c.obj
                0x08000eac                _getpid
 .text._kill    0x08000ebc       0x1a CMakeFiles/Bootloader.dir/__/Toolchain/syscalls.c.obj
                0x08000ebc                _kill
 *fill*         0x08000ed6        0x2 
 .text.SystemInit
                0x08000ed8       0xf8 CMakeFiles/Bootloader.dir/__/Deps/stm32h5/system_stm32h5xx_boot.c.obj
                0x08000ed8                SystemInit
 .text.SystemCoreClockUpdate
                0x08000fd0      0x26c CMakeFiles/Bootloader.dir/__/Deps/stm32h5/system_stm32h5xx_boot.c.obj
                0x08000fd0                SystemCoreClockUpdate
 .text._ZN3bsp12configClocksEv
                0x0800123c      0x294 ../BSP/CMakeFiles/BSP.dir/trident-board.cpp.obj
                0x0800123c                bsp::configClocks()
 .text._ZN3bsp8configIOEv
                0x080014d0      0x228 ../BSP/CMakeFiles/BSP.dir/trident-board.cpp.obj
                0x080014d0                bsp::configIO()
 .text._ZN3bsp14initParserCommEv
                0x080016f8       0xe4 ../BSP/CMakeFiles/BSP.dir/trident-board.cpp.obj
                0x080016f8                bsp::initParserComm()
 .text._ZN3bsp21initI2CClockGeneratorEv
                0x080017dc       0x94 ../BSP/CMakeFiles/BSP.dir/trident-board.cpp.obj
                0x080017dc                bsp::initI2CClockGenerator()
 .text._ZN3bsp15enableClkGenI2CEb
                0x08001870       0x4c ../BSP/CMakeFiles/BSP.dir/trident-board.cpp.obj
                0x08001870                bsp::enableClkGenI2C(bool)
 .text._ZN3bsp14writeClkGenI2CEhPKhmm
                0x080018bc       0x38 ../BSP/CMakeFiles/BSP.dir/trident-board.cpp.obj
                0x080018bc                bsp::writeClkGenI2C(unsigned char, unsigned char const*, unsigned long, unsigned long)
 .text._ZN3bsp10getZynqPOREv
                0x080018f4       0x20 ../BSP/CMakeFiles/BSP.dir/trident-board.cpp.obj
                0x080018f4                bsp::getZynqPOR()
 .text._ZN3bsp18setZynqPORAsOutputEv
                0x08001914       0x34 ../BSP/CMakeFiles/BSP.dir/trident-board.cpp.obj
                0x08001914                bsp::setZynqPORAsOutput()
 .text._ZN3bsp10setZynqPOREb
                0x08001948       0x24 ../BSP/CMakeFiles/BSP.dir/trident-board.cpp.obj
                0x08001948                bsp::setZynqPOR(bool)
 .text._ZN3bsp10initSPIBusEv
                0x0800196c       0xcc ../BSP/CMakeFiles/BSP.dir/trident-board.cpp.obj
                0x0800196c                bsp::initSPIBus()
 .text.USART3_IRQHandler
                0x08001a38        0xc ../BSP/CMakeFiles/BSP.dir/trident-board.cpp.obj
                0x08001a38                USART3_IRQHandler
 .text._ZN3bsp7initCANEv
                0x08001a44      0x128 ../BSP/CMakeFiles/BSP.dir/trident-board.cpp.obj
                0x08001a44                bsp::initCAN()
 .text._ZN3bsp16enableInterruptsEv
                0x08001b6c       0x18 ../BSP/CMakeFiles/BSP.dir/trident-board.cpp.obj
                0x08001b6c                bsp::enableInterrupts()
 .text._ZN3bsp6initHWEv
                0x08001b84       0x2e ../BSP/CMakeFiles/BSP.dir/trident-board.cpp.obj
                0x08001b84                bsp::initHW()
 .text.bsp_get_timestamp
                0x08001bb2        0xe ../BSP/CMakeFiles/BSP.dir/trident-board.cpp.obj
                0x08001bb2                bsp_get_timestamp
 .text.FDCAN1_IT0_IRQHandler
                0x08001bc0        0xe ../BSP/CMakeFiles/BSP.dir/trident-board.cpp.obj
                0x08001bc0                FDCAN1_IT0_IRQHandler
 .text.FDCAN1_IT1_IRQHandler
                0x08001bce        0xe ../BSP/CMakeFiles/BSP.dir/trident-board.cpp.obj
                0x08001bce                FDCAN1_IT1_IRQHandler
 .text.GPDMA1_Channel0_IRQHandler
                0x08001bdc       0x14 ../BSP/CMakeFiles/BSP.dir/bsp_audioboard.cpp.obj
                0x08001bdc                GPDMA1_Channel0_IRQHandler
 .text.__NVIC_SetPriorityGrouping
                0x08001bf0       0x48 ../Deps/CMakeFiles/STM32H5_TARGET.dir/Externals/stm32h5_hal-src/Src/stm32h5xx_hal_cortex.c.obj
 .text.__NVIC_GetPriorityGrouping
                0x08001c38       0x1c ../Deps/CMakeFiles/STM32H5_TARGET.dir/Externals/stm32h5_hal-src/Src/stm32h5xx_hal_cortex.c.obj
 .text.__NVIC_EnableIRQ
                0x08001c54       0x3c ../Deps/CMakeFiles/STM32H5_TARGET.dir/Externals/stm32h5_hal-src/Src/stm32h5xx_hal_cortex.c.obj
 .text.__NVIC_SetPriority
                0x08001c90       0x54 ../Deps/CMakeFiles/STM32H5_TARGET.dir/Externals/stm32h5_hal-src/Src/stm32h5xx_hal_cortex.c.obj
 .text.NVIC_EncodePriority
                0x08001ce4       0x66 ../Deps/CMakeFiles/STM32H5_TARGET.dir/Externals/stm32h5_hal-src/Src/stm32h5xx_hal_cortex.c.obj
 .text.HAL_NVIC_SetPriorityGrouping
                0x08001d4a       0x16 ../Deps/CMakeFiles/STM32H5_TARGET.dir/Externals/stm32h5_hal-src/Src/stm32h5xx_hal_cortex.c.obj
                0x08001d4a                HAL_NVIC_SetPriorityGrouping
 .text.HAL_NVIC_SetPriority
                0x08001d60       0x34 ../Deps/CMakeFiles/STM32H5_TARGET.dir/Externals/stm32h5_hal-src/Src/stm32h5xx_hal_cortex.c.obj
                0x08001d60                HAL_NVIC_SetPriority
 .text.HAL_NVIC_EnableIRQ
                0x08001d94       0x1c ../Deps/CMakeFiles/STM32H5_TARGET.dir/Externals/stm32h5_hal-src/Src/stm32h5xx_hal_cortex.c.obj
                0x08001d94                HAL_NVIC_EnableIRQ
 .text.HAL_RCC_OscConfig
                0x08001db0      0x870 ../Deps/CMakeFiles/STM32H5_TARGET.dir/Externals/stm32h5_hal-src/Src/stm32h5xx_hal_rcc.c.obj
                0x08001db0                HAL_RCC_OscConfig
 .text.HAL_RCC_ClockConfig
                0x08002620      0x370 ../Deps/CMakeFiles/STM32H5_TARGET.dir/Externals/stm32h5_hal-src/Src/stm32h5xx_hal_rcc.c.obj
                0x08002620                HAL_RCC_ClockConfig
 .text.HAL_RCC_GetSysClockFreq
                0x08002990      0x258 ../Deps/CMakeFiles/STM32H5_TARGET.dir/Externals/stm32h5_hal-src/Src/stm32h5xx_hal_rcc.c.obj
                0x08002990                HAL_RCC_GetSysClockFreq
 .text.HAL_RCC_GetHCLKFreq
                0x08002be8       0x38 ../Deps/CMakeFiles/STM32H5_TARGET.dir/Externals/stm32h5_hal-src/Src/stm32h5xx_hal_rcc.c.obj
                0x08002be8                HAL_RCC_GetHCLKFreq
 .text.HAL_RCC_GetPCLK1Freq
                0x08002c20       0x2c ../Deps/CMakeFiles/STM32H5_TARGET.dir/Externals/stm32h5_hal-src/Src/stm32h5xx_hal_rcc.c.obj
                0x08002c20                HAL_RCC_GetPCLK1Freq
 .text.HAL_RCC_GetPCLK2Freq
                0x08002c4c       0x2c ../Deps/CMakeFiles/STM32H5_TARGET.dir/Externals/stm32h5_hal-src/Src/stm32h5xx_hal_rcc.c.obj
                0x08002c4c                HAL_RCC_GetPCLK2Freq
 .text.HAL_RCC_GetPCLK3Freq
                0x08002c78       0x2c ../Deps/CMakeFiles/STM32H5_TARGET.dir/Externals/stm32h5_hal-src/Src/stm32h5xx_hal_rcc.c.obj
                0x08002c78                HAL_RCC_GetPCLK3Freq
 .text.HAL_RCC_GetClockConfig
                0x08002ca4       0x70 ../Deps/CMakeFiles/STM32H5_TARGET.dir/Externals/stm32h5_hal-src/Src/stm32h5xx_hal_rcc.c.obj
                0x08002ca4                HAL_RCC_GetClockConfig
 .text.HAL_RCCEx_PeriphCLKConfig
                0x08002d14     0x1f14 ../Deps/CMakeFiles/STM32H5_TARGET.dir/Externals/stm32h5_hal-src/Src/stm32h5xx_hal_rcc_ex.c.obj
                0x08002d14                HAL_RCCEx_PeriphCLKConfig
 .text.HAL_RCCEx_GetPLL1ClockFreq
                0x08004c28      0x2d4 ../Deps/CMakeFiles/STM32H5_TARGET.dir/Externals/stm32h5_hal-src/Src/stm32h5xx_hal_rcc_ex.c.obj
                0x08004c28                HAL_RCCEx_GetPLL1ClockFreq
 .text.HAL_RCCEx_GetPLL2ClockFreq
                0x08004efc      0x2d4 ../Deps/CMakeFiles/STM32H5_TARGET.dir/Externals/stm32h5_hal-src/Src/stm32h5xx_hal_rcc_ex.c.obj
                0x08004efc                HAL_RCCEx_GetPLL2ClockFreq
 .text.HAL_RCCEx_GetPLL3ClockFreq
                0x080051d0      0x2d4 ../Deps/CMakeFiles/STM32H5_TARGET.dir/Externals/stm32h5_hal-src/Src/stm32h5xx_hal_rcc_ex.c.obj
                0x080051d0                HAL_RCCEx_GetPLL3ClockFreq
 .text.HAL_RCCEx_GetPeriphCLKFreq
                0x080054a4     0x26b4 ../Deps/CMakeFiles/STM32H5_TARGET.dir/Externals/stm32h5_hal-src/Src/stm32h5xx_hal_rcc_ex.c.obj
                0x080054a4                HAL_RCCEx_GetPeriphCLKFreq
 .text.RCCEx_PLL2_Config
                0x08007b58      0x130 ../Deps/CMakeFiles/STM32H5_TARGET.dir/Externals/stm32h5_hal-src/Src/stm32h5xx_hal_rcc_ex.c.obj
 .text.RCCEx_PLL3_Config
                0x08007c88      0x130 ../Deps/CMakeFiles/STM32H5_TARGET.dir/Externals/stm32h5_hal-src/Src/stm32h5xx_hal_rcc_ex.c.obj
 .text.HAL_GPIO_Init
                0x08007db8      0x2a4 ../Deps/CMakeFiles/STM32H5_TARGET.dir/Externals/stm32h5_hal-src/Src/stm32h5xx_hal_gpio.c.obj
                0x08007db8                HAL_GPIO_Init
 .text.HAL_GPIO_ReadPin
                0x0800805c       0x30 ../Deps/CMakeFiles/STM32H5_TARGET.dir/Externals/stm32h5_hal-src/Src/stm32h5xx_hal_gpio.c.obj
                0x0800805c                HAL_GPIO_ReadPin
 .text.HAL_GPIO_WritePin
                0x0800808c       0x30 ../Deps/CMakeFiles/STM32H5_TARGET.dir/Externals/stm32h5_hal-src/Src/stm32h5xx_hal_gpio.c.obj
                0x0800808c                HAL_GPIO_WritePin
 .text.HAL_I2C_Init
                0x080080bc      0x136 ../Deps/CMakeFiles/STM32H5_TARGET.dir/Externals/stm32h5_hal-src/Src/stm32h5xx_hal_i2c.c.obj
                0x080080bc                HAL_I2C_Init
 .text.HAL_I2C_MspInit
                0x080081f2       0x14 ../Deps/CMakeFiles/STM32H5_TARGET.dir/Externals/stm32h5_hal-src/Src/stm32h5xx_hal_i2c.c.obj
                0x080081f2                HAL_I2C_MspInit
 *fill*         0x08008206        0x2 
 .text.HAL_I2C_Master_Transmit
                0x08008208      0x1e8 ../Deps/CMakeFiles/STM32H5_TARGET.dir/Externals/stm32h5_hal-src/Src/stm32h5xx_hal_i2c.c.obj
                0x08008208                HAL_I2C_Master_Transmit
 .text.I2C_Flush_TXDR
                0x080083f0       0x48 ../Deps/CMakeFiles/STM32H5_TARGET.dir/Externals/stm32h5_hal-src/Src/stm32h5xx_hal_i2c.c.obj
 .text.I2C_WaitOnFlagUntilTimeout
                0x08008438       0x9e ../Deps/CMakeFiles/STM32H5_TARGET.dir/Externals/stm32h5_hal-src/Src/stm32h5xx_hal_i2c.c.obj
 .text.I2C_WaitOnTXISFlagUntilTimeout
                0x080084d6       0x8e ../Deps/CMakeFiles/STM32H5_TARGET.dir/Externals/stm32h5_hal-src/Src/stm32h5xx_hal_i2c.c.obj
 .text.I2C_WaitOnSTOPFlagUntilTimeout
                0x08008564       0x86 ../Deps/CMakeFiles/STM32H5_TARGET.dir/Externals/stm32h5_hal-src/Src/stm32h5xx_hal_i2c.c.obj
 *fill*         0x080085ea        0x2 
 .text.I2C_IsErrorOccurred
                0x080085ec      0x1c0 ../Deps/CMakeFiles/STM32H5_TARGET.dir/Externals/stm32h5_hal-src/Src/stm32h5xx_hal_i2c.c.obj
 .text.I2C_TransferConfig
                0x080087ac       0x64 ../Deps/CMakeFiles/STM32H5_TARGET.dir/Externals/stm32h5_hal-src/Src/stm32h5xx_hal_i2c.c.obj
 .text.HAL_I2CEx_ConfigAnalogFilter
                0x08008810       0x96 ../Deps/CMakeFiles/STM32H5_TARGET.dir/Externals/stm32h5_hal-src/Src/stm32h5xx_hal_i2c_ex.c.obj
                0x08008810                HAL_I2CEx_ConfigAnalogFilter
 .text.HAL_I2CEx_ConfigDigitalFilter
                0x080088a6       0x98 ../Deps/CMakeFiles/STM32H5_TARGET.dir/Externals/stm32h5_hal-src/Src/stm32h5xx_hal_i2c_ex.c.obj
                0x080088a6                HAL_I2CEx_ConfigDigitalFilter
 .text.HAL_DMA_IRQHandler
                0x0800893e      0x2f4 ../Deps/CMakeFiles/STM32H5_TARGET.dir/Externals/stm32h5_hal-src/Src/stm32h5xx_hal_dma.c.obj
                0x0800893e                HAL_DMA_IRQHandler
 .text.HAL_UART_Init
                0x08008c32       0xa0 ../Deps/CMakeFiles/STM32H5_TARGET.dir/Externals/stm32h5_hal-src/Src/stm32h5xx_hal_uart.c.obj
                0x08008c32                HAL_UART_Init
 .text.HAL_UART_MspInit
                0x08008cd2       0x14 ../Deps/CMakeFiles/STM32H5_TARGET.dir/Externals/stm32h5_hal-src/Src/stm32h5xx_hal_uart.c.obj
                0x08008cd2                HAL_UART_MspInit
 *fill*         0x08008ce6        0x2 
 .text.UART_SetConfig
                0x08008ce8      0x3dc ../Deps/CMakeFiles/STM32H5_TARGET.dir/Externals/stm32h5_hal-src/Src/stm32h5xx_hal_uart.c.obj
                0x08008ce8                UART_SetConfig
 .text.UART_AdvFeatureConfig
                0x080090c4      0x144 ../Deps/CMakeFiles/STM32H5_TARGET.dir/Externals/stm32h5_hal-src/Src/stm32h5xx_hal_uart.c.obj
                0x080090c4                UART_AdvFeatureConfig
 .text.UART_CheckIdleState
                0x08009208      0x154 ../Deps/CMakeFiles/STM32H5_TARGET.dir/Externals/stm32h5_hal-src/Src/stm32h5xx_hal_uart.c.obj
                0x08009208                UART_CheckIdleState
 .text.UART_WaitOnFlagUntilTimeout
                0x0800935c       0xce ../Deps/CMakeFiles/STM32H5_TARGET.dir/Externals/stm32h5_hal-src/Src/stm32h5xx_hal_uart.c.obj
                0x0800935c                UART_WaitOnFlagUntilTimeout
 .text.UART_EndRxTransfer
                0x0800942a       0xcc ../Deps/CMakeFiles/STM32H5_TARGET.dir/Externals/stm32h5_hal-src/Src/stm32h5xx_hal_uart.c.obj
 .text.HAL_TIM_Base_Init
                0x080094f6       0xae ../Deps/CMakeFiles/STM32H5_TARGET.dir/Externals/stm32h5_hal-src/Src/stm32h5xx_hal_tim.c.obj
                0x080094f6                HAL_TIM_Base_Init
 .text.HAL_TIM_Base_MspInit
                0x080095a4       0x14 ../Deps/CMakeFiles/STM32H5_TARGET.dir/Externals/stm32h5_hal-src/Src/stm32h5xx_hal_tim.c.obj
                0x080095a4                HAL_TIM_Base_MspInit
 .text.HAL_TIM_Base_Start_IT
                0x080095b8      0x15c ../Deps/CMakeFiles/STM32H5_TARGET.dir/Externals/stm32h5_hal-src/Src/stm32h5xx_hal_tim.c.obj
                0x080095b8                HAL_TIM_Base_Start_IT
 .text.HAL_TIM_IRQHandler
                0x08009714      0x294 ../Deps/CMakeFiles/STM32H5_TARGET.dir/Externals/stm32h5_hal-src/Src/stm32h5xx_hal_tim.c.obj
                0x08009714                HAL_TIM_IRQHandler
 .text.HAL_TIM_OC_DelayElapsedCallback
                0x080099a8       0x14 ../Deps/CMakeFiles/STM32H5_TARGET.dir/Externals/stm32h5_hal-src/Src/stm32h5xx_hal_tim.c.obj
                0x080099a8                HAL_TIM_OC_DelayElapsedCallback
 .text.HAL_TIM_IC_CaptureCallback
                0x080099bc       0x14 ../Deps/CMakeFiles/STM32H5_TARGET.dir/Externals/stm32h5_hal-src/Src/stm32h5xx_hal_tim.c.obj
                0x080099bc                HAL_TIM_IC_CaptureCallback
 .text.HAL_TIM_PWM_PulseFinishedCallback
                0x080099d0       0x14 ../Deps/CMakeFiles/STM32H5_TARGET.dir/Externals/stm32h5_hal-src/Src/stm32h5xx_hal_tim.c.obj
                0x080099d0                HAL_TIM_PWM_PulseFinishedCallback
 .text.HAL_TIM_TriggerCallback
                0x080099e4       0x14 ../Deps/CMakeFiles/STM32H5_TARGET.dir/Externals/stm32h5_hal-src/Src/stm32h5xx_hal_tim.c.obj
                0x080099e4                HAL_TIM_TriggerCallback
 .text.TIM_Base_SetConfig
                0x080099f8      0x23c ../Deps/CMakeFiles/STM32H5_TARGET.dir/Externals/stm32h5_hal-src/Src/stm32h5xx_hal_tim.c.obj
                0x080099f8                TIM_Base_SetConfig
 .text.HAL_TIMEx_CommutCallback
                0x08009c34       0x14 ../Deps/CMakeFiles/STM32H5_TARGET.dir/Externals/stm32h5_hal-src/Src/stm32h5xx_hal_tim_ex.c.obj
                0x08009c34                HAL_TIMEx_CommutCallback
 .text.HAL_TIMEx_BreakCallback
                0x08009c48       0x14 ../Deps/CMakeFiles/STM32H5_TARGET.dir/Externals/stm32h5_hal-src/Src/stm32h5xx_hal_tim_ex.c.obj
                0x08009c48                HAL_TIMEx_BreakCallback
 .text.HAL_TIMEx_Break2Callback
                0x08009c5c       0x14 ../Deps/CMakeFiles/STM32H5_TARGET.dir/Externals/stm32h5_hal-src/Src/stm32h5xx_hal_tim_ex.c.obj
                0x08009c5c                HAL_TIMEx_Break2Callback
 .text.HAL_TIMEx_EncoderIndexCallback
                0x08009c70       0x14 ../Deps/CMakeFiles/STM32H5_TARGET.dir/Externals/stm32h5_hal-src/Src/stm32h5xx_hal_tim_ex.c.obj
                0x08009c70                HAL_TIMEx_EncoderIndexCallback
 .text.HAL_TIMEx_DirectionChangeCallback
                0x08009c84       0x14 ../Deps/CMakeFiles/STM32H5_TARGET.dir/Externals/stm32h5_hal-src/Src/stm32h5xx_hal_tim_ex.c.obj
                0x08009c84                HAL_TIMEx_DirectionChangeCallback
 .text.HAL_TIMEx_IndexErrorCallback
                0x08009c98       0x14 ../Deps/CMakeFiles/STM32H5_TARGET.dir/Externals/stm32h5_hal-src/Src/stm32h5xx_hal_tim_ex.c.obj
                0x08009c98                HAL_TIMEx_IndexErrorCallback
 .text.HAL_TIMEx_TransitionErrorCallback
                0x08009cac       0x14 ../Deps/CMakeFiles/STM32H5_TARGET.dir/Externals/stm32h5_hal-src/Src/stm32h5xx_hal_tim_ex.c.obj
                0x08009cac                HAL_TIMEx_TransitionErrorCallback
 .text.HAL_UARTEx_DisableFifoMode
                0x08009cc0       0x72 ../Deps/CMakeFiles/STM32H5_TARGET.dir/Externals/stm32h5_hal-src/Src/stm32h5xx_hal_uart_ex.c.obj
                0x08009cc0                HAL_UARTEx_DisableFifoMode
 .text.HAL_UARTEx_SetTxFifoThreshold
                0x08009d32       0x7c ../Deps/CMakeFiles/STM32H5_TARGET.dir/Externals/stm32h5_hal-src/Src/stm32h5xx_hal_uart_ex.c.obj
                0x08009d32                HAL_UARTEx_SetTxFifoThreshold
 .text.HAL_UARTEx_SetRxFifoThreshold
                0x08009dae       0x7c ../Deps/CMakeFiles/STM32H5_TARGET.dir/Externals/stm32h5_hal-src/Src/stm32h5xx_hal_uart_ex.c.obj
                0x08009dae                HAL_UARTEx_SetRxFifoThreshold
 *fill*         0x08009e2a        0x2 
 .text.UARTEx_SetNbDataToProcess
                0x08009e2c       0x9c ../Deps/CMakeFiles/STM32H5_TARGET.dir/Externals/stm32h5_hal-src/Src/stm32h5xx_hal_uart_ex.c.obj
 .text.HAL_FDCAN_Init
                0x08009ec8      0x2b4 ../Deps/CMakeFiles/STM32H5_TARGET.dir/Externals/stm32h5_hal-src/Src/stm32h5xx_hal_fdcan.c.obj
                0x08009ec8                HAL_FDCAN_Init
 .text.HAL_FDCAN_MspInit
                0x0800a17c       0x14 ../Deps/CMakeFiles/STM32H5_TARGET.dir/Externals/stm32h5_hal-src/Src/stm32h5xx_hal_fdcan.c.obj
                0x0800a17c                HAL_FDCAN_MspInit
 .text.HAL_FDCAN_ConfigFilter
                0x0800a190       0xb4 ../Deps/CMakeFiles/STM32H5_TARGET.dir/Externals/stm32h5_hal-src/Src/stm32h5xx_hal_fdcan.c.obj
                0x0800a190                HAL_FDCAN_ConfigFilter
 .text.FDCAN_CalcultateRamBlockAddresses
                0x0800a244       0xc4 ../Deps/CMakeFiles/STM32H5_TARGET.dir/Externals/stm32h5_hal-src/Src/stm32h5xx_hal_fdcan.c.obj
 .text.HAL_SPI_Init
                0x0800a308      0x4e8 ../Deps/CMakeFiles/STM32H5_TARGET.dir/Externals/stm32h5_hal-src/Src/stm32h5xx_hal_spi.c.obj
                0x0800a308                HAL_SPI_Init
 .text.HAL_SPI_MspInit
                0x0800a7f0       0x14 ../Deps/CMakeFiles/STM32H5_TARGET.dir/Externals/stm32h5_hal-src/Src/stm32h5xx_hal_spi.c.obj
                0x0800a7f0                HAL_SPI_MspInit
 .text.SPI_GetPacketSize
                0x0800a804       0x36 ../Deps/CMakeFiles/STM32H5_TARGET.dir/Externals/stm32h5_hal-src/Src/stm32h5xx_hal_spi.c.obj
 *fill*         0x0800a83a        0x2 
 .text.HAL_Init
                0x0800a83c       0x4c ../Deps/CMakeFiles/STM32H5_TARGET.dir/Externals/stm32h5_hal-src/Src/stm32h5xx_hal.c.obj
                0x0800a83c                HAL_Init
 .text.HAL_DeInit
                0x0800a888       0x88 ../Deps/CMakeFiles/STM32H5_TARGET.dir/Externals/stm32h5_hal-src/Src/stm32h5xx_hal.c.obj
                0x0800a888                HAL_DeInit
 .text.HAL_MspInit
                0x0800a910        0xe ../Deps/CMakeFiles/STM32H5_TARGET.dir/Externals/stm32h5_hal-src/Src/stm32h5xx_hal.c.obj
                0x0800a910                HAL_MspInit
 .text.HAL_MspDeInit
                0x0800a91e        0xe ../Deps/CMakeFiles/STM32H5_TARGET.dir/Externals/stm32h5_hal-src/Src/stm32h5xx_hal.c.obj
                0x0800a91e                HAL_MspDeInit
 .text.HAL_IncTick
                0x0800a92c       0x28 ../Deps/CMakeFiles/STM32H5_TARGET.dir/Externals/stm32h5_hal-src/Src/stm32h5xx_hal.c.obj
                0x0800a92c                HAL_IncTick
 .text.HAL_GetTick
                0x0800a954       0x18 ../Deps/CMakeFiles/STM32H5_TARGET.dir/Externals/stm32h5_hal-src/Src/stm32h5xx_hal.c.obj
                0x0800a954                HAL_GetTick
 .text.Reset_Handler
                0x0800a96c       0x50 ../Deps/CMakeFiles/STM32H5_TARGET.dir/Externals/cmsis_device_h5-src/Source/Templates/gcc/startup_stm32h563xx.s.obj
                0x0800a96c                Reset_Handler
 .text.Default_Handler
                0x0800a9bc        0x2 ../Deps/CMakeFiles/STM32H5_TARGET.dir/Externals/cmsis_device_h5-src/Source/Templates/gcc/startup_stm32h563xx.s.obj
                0x0800a9bc                EXTI2_IRQHandler
                0x0800a9bc                TIM8_TRG_COM_IRQHandler
                0x0800a9bc                TIM8_CC_IRQHandler
                0x0800a9bc                EXTI5_IRQHandler
                0x0800a9bc                I3C1_ER_IRQHandler
                0x0800a9bc                DebugMon_Handler
                0x0800a9bc                UART8_IRQHandler
                0x0800a9bc                SPI4_IRQHandler
                0x0800a9bc                GPDMA2_Channel1_IRQHandler
                0x0800a9bc                FLASH_S_IRQHandler
                0x0800a9bc                EXTI13_IRQHandler
                0x0800a9bc                TIM1_CC_IRQHandler
                0x0800a9bc                HardFault_Handler
                0x0800a9bc                GPDMA2_Channel3_IRQHandler
                0x0800a9bc                TAMP_IRQHandler
                0x0800a9bc                EXTI12_IRQHandler
                0x0800a9bc                CORDIC_IRQHandler
                0x0800a9bc                SysTick_Handler
                0x0800a9bc                PendSV_Handler
                0x0800a9bc                USB_DRD_FS_IRQHandler
                0x0800a9bc                NMI_Handler
                0x0800a9bc                EXTI3_IRQHandler
                0x0800a9bc                LPTIM4_IRQHandler
                0x0800a9bc                GPDMA1_Channel5_IRQHandler
                0x0800a9bc                EXTI8_IRQHandler
                0x0800a9bc                GPDMA2_Channel5_IRQHandler
                0x0800a9bc                LPTIM2_IRQHandler
                0x0800a9bc                I2C3_ER_IRQHandler
                0x0800a9bc                GPDMA2_Channel2_IRQHandler
                0x0800a9bc                USART10_IRQHandler
                0x0800a9bc                LPTIM3_IRQHandler
                0x0800a9bc                EXTI0_IRQHandler
                0x0800a9bc                I2C2_EV_IRQHandler
                0x0800a9bc                FPU_IRQHandler
                0x0800a9bc                GPDMA1_Channel3_IRQHandler
                0x0800a9bc                GPDMA1_Channel7_IRQHandler
                0x0800a9bc                RAMCFG_IRQHandler
                0x0800a9bc                UsageFault_Handler
                0x0800a9bc                DCACHE1_IRQHandler
                0x0800a9bc                SPI1_IRQHandler
                0x0800a9bc                OCTOSPI1_IRQHandler
                0x0800a9bc                GPDMA1_Channel2_IRQHandler
                0x0800a9bc                TIM8_UP_IRQHandler
                0x0800a9bc                RCC_S_IRQHandler
                0x0800a9bc                SAI2_IRQHandler
                0x0800a9bc                ADC1_IRQHandler
                0x0800a9bc                USART6_IRQHandler
                0x0800a9bc                EXTI15_IRQHandler
                0x0800a9bc                TIM17_IRQHandler
                0x0800a9bc                RTC_IRQHandler
                0x0800a9bc                EXTI9_IRQHandler
                0x0800a9bc                LPTIM5_IRQHandler
                0x0800a9bc                UART5_IRQHandler
                0x0800a9bc                TIM4_IRQHandler
                0x0800a9bc                I2C1_EV_IRQHandler
                0x0800a9bc                GPDMA1_Channel1_IRQHandler
                0x0800a9bc                TIM16_IRQHandler
                0x0800a9bc                UART4_IRQHandler
                0x0800a9bc                SecureFault_Handler
                0x0800a9bc                TIM3_IRQHandler
                0x0800a9bc                RCC_IRQHandler
                0x0800a9bc                UART9_IRQHandler
                0x0800a9bc                TIM1_TRG_COM_IRQHandler
                0x0800a9bc                Default_Handler
                0x0800a9bc                FMAC_IRQHandler
                0x0800a9bc                CEC_IRQHandler
                0x0800a9bc                USART11_IRQHandler
                0x0800a9bc                TIM14_IRQHandler
                0x0800a9bc                TIM13_IRQHandler
                0x0800a9bc                GPDMA2_Channel4_IRQHandler
                0x0800a9bc                SPI5_IRQHandler
                0x0800a9bc                TIM12_IRQHandler
                0x0800a9bc                TIM7_IRQHandler
                0x0800a9bc                SDMMC1_IRQHandler
                0x0800a9bc                TIM5_IRQHandler
                0x0800a9bc                UCPD1_IRQHandler
                0x0800a9bc                I3C1_EV_IRQHandler
                0x0800a9bc                TIM15_IRQHandler
                0x0800a9bc                PVD_AVD_IRQHandler
                0x0800a9bc                I2C3_EV_IRQHandler
                0x0800a9bc                ETH_WKUP_IRQHandler
                0x0800a9bc                ADC2_IRQHandler
                0x0800a9bc                SPI2_IRQHandler
                0x0800a9bc                MemManage_Handler
                0x0800a9bc                EXTI14_IRQHandler
                0x0800a9bc                EXTI11_IRQHandler
                0x0800a9bc                SVC_Handler
                0x0800a9bc                CRS_IRQHandler
                0x0800a9bc                EXTI4_IRQHandler
                0x0800a9bc                GPDMA2_Channel0_IRQHandler
                0x0800a9bc                RTC_S_IRQHandler
                0x0800a9bc                RNG_IRQHandler
                0x0800a9bc                FDCAN2_IT1_IRQHandler
                0x0800a9bc                ETH_IRQHandler
                0x0800a9bc                GPDMA2_Channel6_IRQHandler
                0x0800a9bc                TIM1_UP_IRQHandler
                0x0800a9bc                UART12_IRQHandler
                0x0800a9bc                WWDG_IRQHandler
                0x0800a9bc                SPI6_IRQHandler
                0x0800a9bc                I2C4_EV_IRQHandler
                0x0800a9bc                FDCAN2_IT0_IRQHandler
                0x0800a9bc                IWDG_IRQHandler
                0x0800a9bc                LPUART1_IRQHandler
                0x0800a9bc                TIM2_IRQHandler
                0x0800a9bc                GPDMA1_Channel4_IRQHandler
                0x0800a9bc                EXTI7_IRQHandler
                0x0800a9bc                TIM1_BRK_IRQHandler
                0x0800a9bc                EXTI1_IRQHandler
                0x0800a9bc                SDMMC2_IRQHandler
                0x0800a9bc                LPTIM6_IRQHandler
                0x0800a9bc                DAC1_IRQHandler
                0x0800a9bc                DTS_IRQHandler
                0x0800a9bc                UART7_IRQHandler
                0x0800a9bc                GTZC_IRQHandler
                0x0800a9bc                USART2_IRQHandler
                0x0800a9bc                GPDMA1_Channel6_IRQHandler
                0x0800a9bc                GPDMA2_Channel7_IRQHandler
                0x0800a9bc                I2C2_ER_IRQHandler
                0x0800a9bc                TIM8_BRK_IRQHandler
                0x0800a9bc                FLASH_IRQHandler
                0x0800a9bc                BusFault_Handler
                0x0800a9bc                USART1_IRQHandler
                0x0800a9bc                EXTI10_IRQHandler
                0x0800a9bc                SPI3_IRQHandler
                0x0800a9bc                I2C1_ER_IRQHandler
                0x0800a9bc                FMC_IRQHandler
                0x0800a9bc                EXTI6_IRQHandler
                0x0800a9bc                LPTIM1_IRQHandler
                0x0800a9bc                DCMI_PSSI_IRQHandler
                0x0800a9bc                I2C4_ER_IRQHandler
                0x0800a9bc                ICACHE_IRQHandler
                0x0800a9bc                SAI1_IRQHandler
                0x0800a9bc                HASH_IRQHandler
 *fill*         0x0800a9be        0x2 
 .text.HAL_InitTick
                0x0800a9c0       0xec ../Deps/CMakeFiles/STM32H5_TARGET.dir/stm32h5/stm32h5xx_hal_timebase_tim.c.obj
                0x0800a9c0                HAL_InitTick
 .text.TIM6_IRQHandler
                0x0800aaac       0x14 ../Deps/CMakeFiles/STM32H5_TARGET.dir/stm32h5/stm32h5xx_hal_timebase_tim.c.obj
                0x0800aaac                TIM6_IRQHandler
 .text.HAL_TIM_PeriodElapsedCallback
                0x0800aac0       0x24 ../Deps/CMakeFiles/STM32H5_TARGET.dir/stm32h5/stm32h5xx_hal_timebase_tim.c.obj
                0x0800aac0                HAL_TIM_PeriodElapsedCallback
 .text.enable_tx_interrupt
                0x0800aae4       0x20 ../Application/Parser/CMakeFiles/parser.dir/rs232.c.obj
 .text.disable_tx_interrupt
                0x0800ab04       0x20 ../Application/Parser/CMakeFiles/parser.dir/rs232.c.obj
 .text.get_tx_interrupt_flag
                0x0800ab24       0x1c ../Application/Parser/CMakeFiles/parser.dir/rs232.c.obj
 .text.parser_received_data
                0x0800ab40      0x180 ../Application/Parser/CMakeFiles/parser.dir/rs232.c.obj
                0x0800ab40                parser_received_data
 .text.__cvt    0x0800acc0       0xca /opt/arm-gnu-toolchain-13.2.Rel1-arm-none-eabi/bin/../lib/gcc/arm-none-eabi/13.2.1/../../../../arm-none-eabi/lib/thumb/v8-m.main+fp/hard/libc_nano.a(libc_a-nano-vfprintf_float.o)
                0x0800acc0                __cvt
 .text.__exponent
                0x0800ad8a       0x72 /opt/arm-gnu-toolchain-13.2.Rel1-arm-none-eabi/bin/../lib/gcc/arm-none-eabi/13.2.1/../../../../arm-none-eabi/lib/thumb/v8-m.main+fp/hard/libc_nano.a(libc_a-nano-vfprintf_float.o)
                0x0800ad8a                __exponent
 .text._printf_float
                0x0800adfc      0x454 /opt/arm-gnu-toolchain-13.2.Rel1-arm-none-eabi/bin/../lib/gcc/arm-none-eabi/13.2.1/../../../../arm-none-eabi/lib/thumb/v8-m.main+fp/hard/libc_nano.a(libc_a-nano-vfprintf_float.o)
                0x0800adfc                _printf_float
 .text._printf_common
                0x0800b250       0xe4 /opt/arm-gnu-toolchain-13.2.Rel1-arm-none-eabi/bin/../lib/gcc/arm-none-eabi/13.2.1/../../../../arm-none-eabi/lib/thumb/v8-m.main+fp/hard/libc_nano.a(libc_a-nano-vfprintf_i.o)
                0x0800b250                _printf_common
 .text._printf_i
                0x0800b334      0x23c /opt/arm-gnu-toolchain-13.2.Rel1-arm-none-eabi/bin/../lib/gcc/arm-none-eabi/13.2.1/../../../../arm-none-eabi/lib/thumb/v8-m.main+fp/hard/libc_nano.a(libc_a-nano-vfprintf_i.o)
                0x0800b334                _printf_i
 .text.std      0x0800b570       0x6c /opt/arm-gnu-toolchain-13.2.Rel1-arm-none-eabi/bin/../lib/gcc/arm-none-eabi/13.2.1/../../../../arm-none-eabi/lib/thumb/v8-m.main+fp/hard/libc_nano.a(libc_a-findfp.o)
 .text.stdio_exit_handler
                0x0800b5dc       0x18 /opt/arm-gnu-toolchain-13.2.Rel1-arm-none-eabi/bin/../lib/gcc/arm-none-eabi/13.2.1/../../../../arm-none-eabi/lib/thumb/v8-m.main+fp/hard/libc_nano.a(libc_a-findfp.o)
 .text.cleanup_stdio
                0x0800b5f4       0x40 /opt/arm-gnu-toolchain-13.2.Rel1-arm-none-eabi/bin/../lib/gcc/arm-none-eabi/13.2.1/../../../../arm-none-eabi/lib/thumb/v8-m.main+fp/hard/libc_nano.a(libc_a-findfp.o)
 .text.global_stdio_init.part.0
                0x0800b634       0x3c /opt/arm-gnu-toolchain-13.2.Rel1-arm-none-eabi/bin/../lib/gcc/arm-none-eabi/13.2.1/../../../../arm-none-eabi/lib/thumb/v8-m.main+fp/hard/libc_nano.a(libc_a-findfp.o)
 .text.__sfp_lock_acquire
                0x0800b670        0xc /opt/arm-gnu-toolchain-13.2.Rel1-arm-none-eabi/bin/../lib/gcc/arm-none-eabi/13.2.1/../../../../arm-none-eabi/lib/thumb/v8-m.main+fp/hard/libc_nano.a(libc_a-findfp.o)
                0x0800b670                __sfp_lock_acquire
 .text.__sfp_lock_release
                0x0800b67c        0xc /opt/arm-gnu-toolchain-13.2.Rel1-arm-none-eabi/bin/../lib/gcc/arm-none-eabi/13.2.1/../../../../arm-none-eabi/lib/thumb/v8-m.main+fp/hard/libc_nano.a(libc_a-findfp.o)
                0x0800b67c                __sfp_lock_release
 .text.__sinit  0x0800b688       0x30 /opt/arm-gnu-toolchain-13.2.Rel1-arm-none-eabi/bin/../lib/gcc/arm-none-eabi/13.2.1/../../../../arm-none-eabi/lib/thumb/v8-m.main+fp/hard/libc_nano.a(libc_a-findfp.o)
                0x0800b688                __sinit
 .text._fwalk_sglue
                0x0800b6b8       0x3c /opt/arm-gnu-toolchain-13.2.Rel1-arm-none-eabi/bin/../lib/gcc/arm-none-eabi/13.2.1/../../../../arm-none-eabi/lib/thumb/v8-m.main+fp/hard/libc_nano.a(libc_a-fwalk.o)
                0x0800b6b8                _fwalk_sglue
 .text.__sread  0x0800b6f4       0x22 /opt/arm-gnu-toolchain-13.2.Rel1-arm-none-eabi/bin/../lib/gcc/arm-none-eabi/13.2.1/../../../../arm-none-eabi/lib/thumb/v8-m.main+fp/hard/libc_nano.a(libc_a-stdio.o)
                0x0800b6f4                __sread
 .text.__swrite
                0x0800b716       0x38 /opt/arm-gnu-toolchain-13.2.Rel1-arm-none-eabi/bin/../lib/gcc/arm-none-eabi/13.2.1/../../../../arm-none-eabi/lib/thumb/v8-m.main+fp/hard/libc_nano.a(libc_a-stdio.o)
                0x0800b716                __swrite
 .text.__sseek  0x0800b74e       0x24 /opt/arm-gnu-toolchain-13.2.Rel1-arm-none-eabi/bin/../lib/gcc/arm-none-eabi/13.2.1/../../../../arm-none-eabi/lib/thumb/v8-m.main+fp/hard/libc_nano.a(libc_a-stdio.o)
                0x0800b74e                __sseek
 .text.__sclose
                0x0800b772        0x8 /opt/arm-gnu-toolchain-13.2.Rel1-arm-none-eabi/bin/../lib/gcc/arm-none-eabi/13.2.1/../../../../arm-none-eabi/lib/thumb/v8-m.main+fp/hard/libc_nano.a(libc_a-stdio.o)
                0x0800b772                __sclose
 *fill*         0x0800b77a        0x2 
 .text._localeconv_r
                0x0800b77c        0x8 /opt/arm-gnu-toolchain-13.2.Rel1-arm-none-eabi/bin/../lib/gcc/arm-none-eabi/13.2.1/../../../../arm-none-eabi/lib/thumb/v8-m.main+fp/hard/libc_nano.a(libc_a-localeconv.o)
                0x0800b77c                _localeconv_r
 .text._close_r
                0x0800b784       0x20 /opt/arm-gnu-toolchain-13.2.Rel1-arm-none-eabi/bin/../lib/gcc/arm-none-eabi/13.2.1/../../../../arm-none-eabi/lib/thumb/v8-m.main+fp/hard/libc_nano.a(libc_a-closer.o)
                0x0800b784                _close_r
 .text._lseek_r
                0x0800b7a4       0x24 /opt/arm-gnu-toolchain-13.2.Rel1-arm-none-eabi/bin/../lib/gcc/arm-none-eabi/13.2.1/../../../../arm-none-eabi/lib/thumb/v8-m.main+fp/hard/libc_nano.a(libc_a-lseekr.o)
                0x0800b7a4                _lseek_r
 .text._read_r  0x0800b7c8       0x24 /opt/arm-gnu-toolchain-13.2.Rel1-arm-none-eabi/bin/../lib/gcc/arm-none-eabi/13.2.1/../../../../arm-none-eabi/lib/thumb/v8-m.main+fp/hard/libc_nano.a(libc_a-readr.o)
                0x0800b7c8                _read_r
 .text._write_r
                0x0800b7ec       0x24 /opt/arm-gnu-toolchain-13.2.Rel1-arm-none-eabi/bin/../lib/gcc/arm-none-eabi/13.2.1/../../../../arm-none-eabi/lib/thumb/v8-m.main+fp/hard/libc_nano.a(libc_a-writer.o)
                0x0800b7ec                _write_r
 .text.__libc_init_array
                0x0800b810       0x48 /opt/arm-gnu-toolchain-13.2.Rel1-arm-none-eabi/bin/../lib/gcc/arm-none-eabi/13.2.1/../../../../arm-none-eabi/lib/thumb/v8-m.main+fp/hard/libc_nano.a(libc_a-init.o)
                0x0800b810                __libc_init_array
 .text.__retarget_lock_init_recursive
                0x0800b858        0x2 /opt/arm-gnu-toolchain-13.2.Rel1-arm-none-eabi/bin/../lib/gcc/arm-none-eabi/13.2.1/../../../../arm-none-eabi/lib/thumb/v8-m.main+fp/hard/libc_nano.a(libc_a-lock.o)
                0x0800b858                __retarget_lock_init_recursive
 .text.__retarget_lock_acquire_recursive
                0x0800b85a        0x2 /opt/arm-gnu-toolchain-13.2.Rel1-arm-none-eabi/bin/../lib/gcc/arm-none-eabi/13.2.1/../../../../arm-none-eabi/lib/thumb/v8-m.main+fp/hard/libc_nano.a(libc_a-lock.o)
                0x0800b85a                __retarget_lock_acquire_recursive
 .text.__retarget_lock_release_recursive
                0x0800b85c        0x2 /opt/arm-gnu-toolchain-13.2.Rel1-arm-none-eabi/bin/../lib/gcc/arm-none-eabi/13.2.1/../../../../arm-none-eabi/lib/thumb/v8-m.main+fp/hard/libc_nano.a(libc_a-lock.o)
                0x0800b85c                __retarget_lock_release_recursive
 .text.memchr   0x0800b85e       0x1c /opt/arm-gnu-toolchain-13.2.Rel1-arm-none-eabi/bin/../lib/gcc/arm-none-eabi/13.2.1/../../../../arm-none-eabi/lib/thumb/v8-m.main+fp/hard/libc_nano.a(libc_a-memchr-stub.o)
                0x0800b85e                memchr
 .text.quorem   0x0800b87a      0x11a /opt/arm-gnu-toolchain-13.2.Rel1-arm-none-eabi/bin/../lib/gcc/arm-none-eabi/13.2.1/../../../../arm-none-eabi/lib/thumb/v8-m.main+fp/hard/libc_nano.a(libc_a-dtoa.o)
 *fill*         0x0800b994        0x4 
 .text._dtoa_r  0x0800b998      0xb7c /opt/arm-gnu-toolchain-13.2.Rel1-arm-none-eabi/bin/../lib/gcc/arm-none-eabi/13.2.1/../../../../arm-none-eabi/lib/thumb/v8-m.main+fp/hard/libc_nano.a(libc_a-dtoa.o)
                0x0800b998                _dtoa_r
 .text._free_r  0x0800c514       0x94 /opt/arm-gnu-toolchain-13.2.Rel1-arm-none-eabi/bin/../lib/gcc/arm-none-eabi/13.2.1/../../../../arm-none-eabi/lib/thumb/v8-m.main+fp/hard/libc_nano.a(libc_a-freer.o)
                0x0800c514                _free_r
 .text.malloc   0x0800c5a8       0x10 /opt/arm-gnu-toolchain-13.2.Rel1-arm-none-eabi/bin/../lib/gcc/arm-none-eabi/13.2.1/../../../../arm-none-eabi/lib/thumb/v8-m.main+fp/hard/libc_nano.a(libc_a-malloc.o)
                0x0800c5a8                malloc
 .text.sbrk_aligned
                0x0800c5b8       0x44 /opt/arm-gnu-toolchain-13.2.Rel1-arm-none-eabi/bin/../lib/gcc/arm-none-eabi/13.2.1/../../../../arm-none-eabi/lib/thumb/v8-m.main+fp/hard/libc_nano.a(libc_a-mallocr.o)
 .text._malloc_r
                0x0800c5fc      0x100 /opt/arm-gnu-toolchain-13.2.Rel1-arm-none-eabi/bin/../lib/gcc/arm-none-eabi/13.2.1/../../../../arm-none-eabi/lib/thumb/v8-m.main+fp/hard/libc_nano.a(libc_a-mallocr.o)
                0x0800c5fc                _malloc_r
 .text.__malloc_lock
                0x0800c6fc        0xc /opt/arm-gnu-toolchain-13.2.Rel1-arm-none-eabi/bin/../lib/gcc/arm-none-eabi/13.2.1/../../../../arm-none-eabi/lib/thumb/v8-m.main+fp/hard/libc_nano.a(libc_a-mlock.o)
                0x0800c6fc                __malloc_lock
 .text.__malloc_unlock
                0x0800c708        0xc /opt/arm-gnu-toolchain-13.2.Rel1-arm-none-eabi/bin/../lib/gcc/arm-none-eabi/13.2.1/../../../../arm-none-eabi/lib/thumb/v8-m.main+fp/hard/libc_nano.a(libc_a-mlock.o)
                0x0800c708                __malloc_unlock
 .text._Balloc  0x0800c714       0x80 /opt/arm-gnu-toolchain-13.2.Rel1-arm-none-eabi/bin/../lib/gcc/arm-none-eabi/13.2.1/../../../../arm-none-eabi/lib/thumb/v8-m.main+fp/hard/libc_nano.a(libc_a-mprec.o)
                0x0800c714                _Balloc
 .text._Bfree   0x0800c794       0x44 /opt/arm-gnu-toolchain-13.2.Rel1-arm-none-eabi/bin/../lib/gcc/arm-none-eabi/13.2.1/../../../../arm-none-eabi/lib/thumb/v8-m.main+fp/hard/libc_nano.a(libc_a-mprec.o)
                0x0800c794                _Bfree
 .text.__multadd
                0x0800c7d8       0x90 /opt/arm-gnu-toolchain-13.2.Rel1-arm-none-eabi/bin/../lib/gcc/arm-none-eabi/13.2.1/../../../../arm-none-eabi/lib/thumb/v8-m.main+fp/hard/libc_nano.a(libc_a-mprec.o)
                0x0800c7d8                __multadd
 .text.__hi0bits
                0x0800c868       0x3e /opt/arm-gnu-toolchain-13.2.Rel1-arm-none-eabi/bin/../lib/gcc/arm-none-eabi/13.2.1/../../../../arm-none-eabi/lib/thumb/v8-m.main+fp/hard/libc_nano.a(libc_a-mprec.o)
                0x0800c868                __hi0bits
 .text.__lo0bits
                0x0800c8a6       0x5a /opt/arm-gnu-toolchain-13.2.Rel1-arm-none-eabi/bin/../lib/gcc/arm-none-eabi/13.2.1/../../../../arm-none-eabi/lib/thumb/v8-m.main+fp/hard/libc_nano.a(libc_a-mprec.o)
                0x0800c8a6                __lo0bits
 .text.__i2b    0x0800c900       0x2c /opt/arm-gnu-toolchain-13.2.Rel1-arm-none-eabi/bin/../lib/gcc/arm-none-eabi/13.2.1/../../../../arm-none-eabi/lib/thumb/v8-m.main+fp/hard/libc_nano.a(libc_a-mprec.o)
                0x0800c900                __i2b
 .text.__multiply
                0x0800c92c      0x148 /opt/arm-gnu-toolchain-13.2.Rel1-arm-none-eabi/bin/../lib/gcc/arm-none-eabi/13.2.1/../../../../arm-none-eabi/lib/thumb/v8-m.main+fp/hard/libc_nano.a(libc_a-mprec.o)
                0x0800c92c                __multiply
 .text.__pow5mult
                0x0800ca74       0xb4 /opt/arm-gnu-toolchain-13.2.Rel1-arm-none-eabi/bin/../lib/gcc/arm-none-eabi/13.2.1/../../../../arm-none-eabi/lib/thumb/v8-m.main+fp/hard/libc_nano.a(libc_a-mprec.o)
                0x0800ca74                __pow5mult
 .text.__lshift
                0x0800cb28       0xd8 /opt/arm-gnu-toolchain-13.2.Rel1-arm-none-eabi/bin/../lib/gcc/arm-none-eabi/13.2.1/../../../../arm-none-eabi/lib/thumb/v8-m.main+fp/hard/libc_nano.a(libc_a-mprec.o)
                0x0800cb28                __lshift
 .text.__mcmp   0x0800cc00       0x36 /opt/arm-gnu-toolchain-13.2.Rel1-arm-none-eabi/bin/../lib/gcc/arm-none-eabi/13.2.1/../../../../arm-none-eabi/lib/thumb/v8-m.main+fp/hard/libc_nano.a(libc_a-mprec.o)
                0x0800cc00                __mcmp
 *fill*         0x0800cc36        0x2 
 .text.__mdiff  0x0800cc38      0x130 /opt/arm-gnu-toolchain-13.2.Rel1-arm-none-eabi/bin/../lib/gcc/arm-none-eabi/13.2.1/../../../../arm-none-eabi/lib/thumb/v8-m.main+fp/hard/libc_nano.a(libc_a-mprec.o)
                0x0800cc38                __mdiff
 .text.__d2b    0x0800cd68       0xb0 /opt/arm-gnu-toolchain-13.2.Rel1-arm-none-eabi/bin/../lib/gcc/arm-none-eabi/13.2.1/../../../../arm-none-eabi/lib/thumb/v8-m.main+fp/hard/libc_nano.a(libc_a-mprec.o)
                0x0800cd68                __d2b
 .text.__sflush_r
                0x0800ce18      0x108 /opt/arm-gnu-toolchain-13.2.Rel1-arm-none-eabi/bin/../lib/gcc/arm-none-eabi/13.2.1/../../../../arm-none-eabi/lib/thumb/v8-m.main+fp/hard/libc_nano.a(libc_a-fflush.o)
                0x0800ce18                __sflush_r
 .text._fflush_r
                0x0800cf20       0x50 /opt/arm-gnu-toolchain-13.2.Rel1-arm-none-eabi/bin/../lib/gcc/arm-none-eabi/13.2.1/../../../../arm-none-eabi/lib/thumb/v8-m.main+fp/hard/libc_nano.a(libc_a-fflush.o)
                0x0800cf20                _fflush_r
 .text._sbrk_r  0x0800cf70       0x20 /opt/arm-gnu-toolchain-13.2.Rel1-arm-none-eabi/bin/../lib/gcc/arm-none-eabi/13.2.1/../../../../arm-none-eabi/lib/thumb/v8-m.main+fp/hard/libc_nano.a(libc_a-sbrkr.o)
                0x0800cf70                _sbrk_r
 .text.memcpy   0x0800cf90       0x1a /opt/arm-gnu-toolchain-13.2.Rel1-arm-none-eabi/bin/../lib/gcc/arm-none-eabi/13.2.1/../../../../arm-none-eabi/lib/thumb/v8-m.main+fp/hard/libc_nano.a(libc_a-memcpy-stub.o)
                0x0800cf90                memcpy
 *fill*         0x0800cfaa        0x2 
 .text.__assert_func
                0x0800cfac       0x3c /opt/arm-gnu-toolchain-13.2.Rel1-arm-none-eabi/bin/../lib/gcc/arm-none-eabi/13.2.1/../../../../arm-none-eabi/lib/thumb/v8-m.main+fp/hard/libc_nano.a(libc_a-assert.o)
                0x0800cfac                __assert_func
 .text._calloc_r
                0x0800cfe8       0x28 /opt/arm-gnu-toolchain-13.2.Rel1-arm-none-eabi/bin/../lib/gcc/arm-none-eabi/13.2.1/../../../../arm-none-eabi/lib/thumb/v8-m.main+fp/hard/libc_nano.a(libc_a-callocr.o)
                0x0800cfe8                _calloc_r
 .text.__ascii_mbtowc
                0x0800d010       0x24 /opt/arm-gnu-toolchain-13.2.Rel1-arm-none-eabi/bin/../lib/gcc/arm-none-eabi/13.2.1/../../../../arm-none-eabi/lib/thumb/v8-m.main+fp/hard/libc_nano.a(libc_a-mbtowc_r.o)
                0x0800d010                __ascii_mbtowc
 .text.__ascii_wctomb
                0x0800d034       0x1a /opt/arm-gnu-toolchain-13.2.Rel1-arm-none-eabi/bin/../lib/gcc/arm-none-eabi/13.2.1/../../../../arm-none-eabi/lib/thumb/v8-m.main+fp/hard/libc_nano.a(libc_a-wctomb_r.o)
                0x0800d034                __ascii_wctomb
 *fill*         0x0800d04e        0x2 
 .text.fprintf  0x0800d050       0x24 /opt/arm-gnu-toolchain-13.2.Rel1-arm-none-eabi/bin/../lib/gcc/arm-none-eabi/13.2.1/../../../../arm-none-eabi/lib/thumb/v8-m.main+fp/hard/libc_nano.a(libc_a-fprintf.o)
                0x0800d050                fprintf
                0x0800d050                fiprintf
 .text.abort    0x0800d074        0xe /opt/arm-gnu-toolchain-13.2.Rel1-arm-none-eabi/bin/../lib/gcc/arm-none-eabi/13.2.1/../../../../arm-none-eabi/lib/thumb/v8-m.main+fp/hard/libc_nano.a(libc_a-abort.o)
                0x0800d074                abort
 .text.__sfputc_r
                0x0800d082       0x2e /opt/arm-gnu-toolchain-13.2.Rel1-arm-none-eabi/bin/../lib/gcc/arm-none-eabi/13.2.1/../../../../arm-none-eabi/lib/thumb/v8-m.main+fp/hard/libc_nano.a(libc_a-nano-vfprintf.o)
 .text.__sfputs_r
                0x0800d0b0       0x24 /opt/arm-gnu-toolchain-13.2.Rel1-arm-none-eabi/bin/../lib/gcc/arm-none-eabi/13.2.1/../../../../arm-none-eabi/lib/thumb/v8-m.main+fp/hard/libc_nano.a(libc_a-nano-vfprintf.o)
                0x0800d0b0                __sfputs_r
 .text._vfprintf_r
                0x0800d0d4      0x230 /opt/arm-gnu-toolchain-13.2.Rel1-arm-none-eabi/bin/../lib/gcc/arm-none-eabi/13.2.1/../../../../arm-none-eabi/lib/thumb/v8-m.main+fp/hard/libc_nano.a(libc_a-nano-vfprintf.o)
                0x0800d0d4                _vfiprintf_r
                0x0800d0d4                _vfprintf_r
 .text.__swbuf_r
                0x0800d304       0x7c /opt/arm-gnu-toolchain-13.2.Rel1-arm-none-eabi/bin/../lib/gcc/arm-none-eabi/13.2.1/../../../../arm-none-eabi/lib/thumb/v8-m.main+fp/hard/libc_nano.a(libc_a-wbuf.o)
                0x0800d304                __swbuf_r
 .text.__swsetup_r
                0x0800d380       0xac /opt/arm-gnu-toolchain-13.2.Rel1-arm-none-eabi/bin/../lib/gcc/arm-none-eabi/13.2.1/../../../../arm-none-eabi/lib/thumb/v8-m.main+fp/hard/libc_nano.a(libc_a-wsetup.o)
                0x0800d380                __swsetup_r
 .text._raise_r
                0x0800d42c       0x50 /opt/arm-gnu-toolchain-13.2.Rel1-arm-none-eabi/bin/../lib/gcc/arm-none-eabi/13.2.1/../../../../arm-none-eabi/lib/thumb/v8-m.main+fp/hard/libc_nano.a(libc_a-signal.o)
                0x0800d42c                _raise_r
 .text.raise    0x0800d47c       0x10 /opt/arm-gnu-toolchain-13.2.Rel1-arm-none-eabi/bin/../lib/gcc/arm-none-eabi/13.2.1/../../../../arm-none-eabi/lib/thumb/v8-m.main+fp/hard/libc_nano.a(libc_a-signal.o)
                0x0800d47c                raise
 .text._kill_r  0x0800d48c       0x24 /opt/arm-gnu-toolchain-13.2.Rel1-arm-none-eabi/bin/../lib/gcc/arm-none-eabi/13.2.1/../../../../arm-none-eabi/lib/thumb/v8-m.main+fp/hard/libc_nano.a(libc_a-signalr.o)
                0x0800d48c                _kill_r
 .text._getpid_r
                0x0800d4b0        0x4 /opt/arm-gnu-toolchain-13.2.Rel1-arm-none-eabi/bin/../lib/gcc/arm-none-eabi/13.2.1/../../../../arm-none-eabi/lib/thumb/v8-m.main+fp/hard/libc_nano.a(libc_a-signalr.o)
                0x0800d4b0                _getpid_r
 .text.__swhatbuf_r
                0x0800d4b4       0x4a /opt/arm-gnu-toolchain-13.2.Rel1-arm-none-eabi/bin/../lib/gcc/arm-none-eabi/13.2.1/../../../../arm-none-eabi/lib/thumb/v8-m.main+fp/hard/libc_nano.a(libc_a-makebuf.o)
                0x0800d4b4                __swhatbuf_r
 .text.__smakebuf_r
                0x0800d4fe       0x78 /opt/arm-gnu-toolchain-13.2.Rel1-arm-none-eabi/bin/../lib/gcc/arm-none-eabi/13.2.1/../../../../arm-none-eabi/lib/thumb/v8-m.main+fp/hard/libc_nano.a(libc_a-makebuf.o)
                0x0800d4fe                __smakebuf_r
 *fill*         0x0800d576        0x2 
 .text._fstat_r
                0x0800d578       0x24 /opt/arm-gnu-toolchain-13.2.Rel1-arm-none-eabi/bin/../lib/gcc/arm-none-eabi/13.2.1/../../../../arm-none-eabi/lib/thumb/v8-m.main+fp/hard/libc_nano.a(libc_a-fstatr.o)
                0x0800d578                _fstat_r
 .text._isatty_r
                0x0800d59c       0x20 /opt/arm-gnu-toolchain-13.2.Rel1-arm-none-eabi/bin/../lib/gcc/arm-none-eabi/13.2.1/../../../../arm-none-eabi/lib/thumb/v8-m.main+fp/hard/libc_nano.a(libc_a-isattyr.o)
                0x0800d59c                _isatty_r
 .text.__udivmoddi4
                0x0800d5bc      0x300 /opt/arm-gnu-toolchain-13.2.Rel1-arm-none-eabi/bin/../lib/gcc/arm-none-eabi/13.2.1/thumb/v8-m.main+fp/hard/libgcc.a(_udivmoddi4.o)
                0x0800d5bc                __udivmoddi4
 .text._sbrk    0x0800d8bc       0x20 /opt/arm-gnu-toolchain-13.2.Rel1-arm-none-eabi/bin/../lib/gcc/arm-none-eabi/13.2.1/../../../../arm-none-eabi/lib/thumb/v8-m.main+fp/hard/libnosys.a(sbrk.o)
                0x0800d8bc                _sbrk
 .text._exit    0x0800d8dc        0x4 /opt/arm-gnu-toolchain-13.2.Rel1-arm-none-eabi/bin/../lib/gcc/arm-none-eabi/13.2.1/../../../../arm-none-eabi/lib/thumb/v8-m.main+fp/hard/libnosys.a(_exit.o)
                0x0800d8dc                _exit
 *(.glue_7)
 .glue_7        0x0800d8e0        0x0 linker stubs
 *(.glue_7t)
 .glue_7t       0x0800d8e0        0x0 linker stubs
 *(.eh_frame)
 .eh_frame      0x0800d8e0        0x0 /opt/arm-gnu-toolchain-13.2.Rel1-arm-none-eabi/bin/../lib/gcc/arm-none-eabi/13.2.1/thumb/v8-m.main+fp/hard/crtbegin.o
 *(.init)
 .init          0x0800d8e0        0x4 /opt/arm-gnu-toolchain-13.2.Rel1-arm-none-eabi/bin/../lib/gcc/arm-none-eabi/13.2.1/thumb/v8-m.main+fp/hard/crti.o
                0x0800d8e0                _init
 .init          0x0800d8e4        0x8 /opt/arm-gnu-toolchain-13.2.Rel1-arm-none-eabi/bin/../lib/gcc/arm-none-eabi/13.2.1/thumb/v8-m.main+fp/hard/crtn.o
 *(.fini)
 .fini          0x0800d8ec        0x4 /opt/arm-gnu-toolchain-13.2.Rel1-arm-none-eabi/bin/../lib/gcc/arm-none-eabi/13.2.1/thumb/v8-m.main+fp/hard/crti.o
                0x0800d8ec                _fini
 .fini          0x0800d8f0        0x8 /opt/arm-gnu-toolchain-13.2.Rel1-arm-none-eabi/bin/../lib/gcc/arm-none-eabi/13.2.1/thumb/v8-m.main+fp/hard/crtn.o
                0x0800d8f8                        . = ALIGN (0x4)
                0x0800d8f8                        _etext = .

.vfp11_veneer   0x0800d8f8        0x0
 .vfp11_veneer  0x0800d8f8        0x0 linker stubs

.v4_bx          0x0800d8f8        0x0
 .v4_bx         0x0800d8f8        0x0 linker stubs

.iplt           0x0800d8f8        0x0
 .iplt          0x0800d8f8        0x0 /opt/arm-gnu-toolchain-13.2.Rel1-arm-none-eabi/bin/../lib/gcc/arm-none-eabi/13.2.1/thumb/v8-m.main+fp/hard/crtbegin.o

.rodata         0x0800d8f8      0x428
                0x0800d8f8                        . = ALIGN (0x4)
 *(.rodata)
 *(.rodata*)
 .rodata._ZL27si5351b_trident_registers_a
                0x0800d8f8        0xa CMakeFiles/Bootloader.dir/bootloader.cpp.obj
 *fill*         0x0800d902        0x2 
 .rodata._ZL27si5351b_trident_registers_b
                0x0800d904        0x9 CMakeFiles/Bootloader.dir/bootloader.cpp.obj
 *fill*         0x0800d90d        0x3 
 .rodata._ZL27si5351b_trident_registers_c
                0x0800d910       0x11 CMakeFiles/Bootloader.dir/bootloader.cpp.obj
 *fill*         0x0800d921        0x3 
 .rodata._ZL27si5351b_trident_registers_d
                0x0800d924       0x11 CMakeFiles/Bootloader.dir/bootloader.cpp.obj
 *fill*         0x0800d935        0x3 
 .rodata._ZL27si5351b_trident_registers_e
                0x0800d938        0x3 CMakeFiles/Bootloader.dir/bootloader.cpp.obj
 *fill*         0x0800d93b        0x1 
 .rodata._ZL27si5351b_trident_registers_f
                0x0800d93c        0x8 CMakeFiles/Bootloader.dir/bootloader.cpp.obj
 .rodata._ZL27si5351b_trident_registers_g
                0x0800d944        0x9 CMakeFiles/Bootloader.dir/bootloader.cpp.obj
 *fill*         0x0800d94d        0x3 
 .rodata._ZL27si5351b_trident_registers_h
                0x0800d950        0x2 CMakeFiles/Bootloader.dir/bootloader.cpp.obj
 *fill*         0x0800d952        0x2 
 .rodata._ZL15powerdown_clock
                0x0800d954        0x9 CMakeFiles/Bootloader.dir/bootloader.cpp.obj
 *fill*         0x0800d95d        0x3 
 .rodata._ZL21disable_clock_outputs
                0x0800d960        0x2 CMakeFiles/Bootloader.dir/bootloader.cpp.obj
 *fill*         0x0800d962        0x2 
 .rodata._ZL20enable_clock_outputs
                0x0800d964        0x2 CMakeFiles/Bootloader.dir/bootloader.cpp.obj
 *fill*         0x0800d966        0x2 
 .rodata._ZL20clock_interrupt_mask
                0x0800d968        0x2 CMakeFiles/Bootloader.dir/bootloader.cpp.obj
 *fill*         0x0800d96a        0x2 
 .rodata._ZL16clock_soft_reset
                0x0800d96c        0x2 CMakeFiles/Bootloader.dir/bootloader.cpp.obj
 *fill*         0x0800d96e        0x2 
 .rodata.AHBPrescTable
                0x0800d970       0x10 CMakeFiles/Bootloader.dir/__/Deps/stm32h5/system_stm32h5xx_boot.c.obj
                0x0800d970                AHBPrescTable
 .rodata.APBPrescTable
                0x0800d980        0x8 CMakeFiles/Bootloader.dir/__/Deps/stm32h5/system_stm32h5xx_boot.c.obj
                0x0800d980                APBPrescTable
 .rodata.UARTPrescTable
                0x0800d988       0x18 ../Deps/CMakeFiles/STM32H5_TARGET.dir/Externals/stm32h5_hal-src/Src/stm32h5xx_hal_uart.c.obj
                0x0800d988                UARTPrescTable
 .rodata.numerator.1
                0x0800d9a0        0x8 ../Deps/CMakeFiles/STM32H5_TARGET.dir/Externals/stm32h5_hal-src/Src/stm32h5xx_hal_uart_ex.c.obj
 .rodata.denominator.0
                0x0800d9a8        0x8 ../Deps/CMakeFiles/STM32H5_TARGET.dir/Externals/stm32h5_hal-src/Src/stm32h5xx_hal_uart_ex.c.obj
 .rodata._ctype_
                0x0800d9b0      0x101 /opt/arm-gnu-toolchain-13.2.Rel1-arm-none-eabi/bin/../lib/gcc/arm-none-eabi/13.2.1/../../../../arm-none-eabi/lib/thumb/v8-m.main+fp/hard/libc_nano.a(libc_a-ctype_.o)
                0x0800d9b0                _ctype_
 .rodata._printf_float.str1.1
                0x0800dab1      0x173 /opt/arm-gnu-toolchain-13.2.Rel1-arm-none-eabi/bin/../lib/gcc/arm-none-eabi/13.2.1/../../../../arm-none-eabi/lib/thumb/v8-m.main+fp/hard/libc_nano.a(libc_a-nano-vfprintf_float.o)
                                 0x12 (size before relaxing)
 .rodata._printf_i.str1.1
                0x0800dc24       0x22 /opt/arm-gnu-toolchain-13.2.Rel1-arm-none-eabi/bin/../lib/gcc/arm-none-eabi/13.2.1/../../../../arm-none-eabi/lib/thumb/v8-m.main+fp/hard/libc_nano.a(libc_a-nano-vfprintf_i.o)
 .rodata._dtoa_r.str1.1
                0x0800dc24       0x90 /opt/arm-gnu-toolchain-13.2.Rel1-arm-none-eabi/bin/../lib/gcc/arm-none-eabi/13.2.1/../../../../arm-none-eabi/lib/thumb/v8-m.main+fp/hard/libc_nano.a(libc_a-dtoa.o)
 .rodata._Balloc.str1.1
                0x0800dc24       0x71 /opt/arm-gnu-toolchain-13.2.Rel1-arm-none-eabi/bin/../lib/gcc/arm-none-eabi/13.2.1/../../../../arm-none-eabi/lib/thumb/v8-m.main+fp/hard/libc_nano.a(libc_a-mprec.o)
 .rodata.__multadd.str1.1
                0x0800dc24       0x11 /opt/arm-gnu-toolchain-13.2.Rel1-arm-none-eabi/bin/../lib/gcc/arm-none-eabi/13.2.1/../../../../arm-none-eabi/lib/thumb/v8-m.main+fp/hard/libc_nano.a(libc_a-mprec.o)
 .rodata.p05.0  0x0800dc24        0xc /opt/arm-gnu-toolchain-13.2.Rel1-arm-none-eabi/bin/../lib/gcc/arm-none-eabi/13.2.1/../../../../arm-none-eabi/lib/thumb/v8-m.main+fp/hard/libc_nano.a(libc_a-mprec.o)
 .rodata.__mprec_bigtens
                0x0800dc30       0x28 /opt/arm-gnu-toolchain-13.2.Rel1-arm-none-eabi/bin/../lib/gcc/arm-none-eabi/13.2.1/../../../../arm-none-eabi/lib/thumb/v8-m.main+fp/hard/libc_nano.a(libc_a-mprec.o)
                0x0800dc30                __mprec_bigtens
 .rodata.__mprec_tens
                0x0800dc58       0xc8 /opt/arm-gnu-toolchain-13.2.Rel1-arm-none-eabi/bin/../lib/gcc/arm-none-eabi/13.2.1/../../../../arm-none-eabi/lib/thumb/v8-m.main+fp/hard/libc_nano.a(libc_a-mprec.o)
                0x0800dc58                __mprec_tens
 .rodata._setlocale_r.str1.1
                0x0800dd20        0x9 /opt/arm-gnu-toolchain-13.2.Rel1-arm-none-eabi/bin/../lib/gcc/arm-none-eabi/13.2.1/../../../../arm-none-eabi/lib/thumb/v8-m.main+fp/hard/libc_nano.a(libc_a-locale.o)
 .rodata.str1.1
                0x0800dd20        0x2 /opt/arm-gnu-toolchain-13.2.Rel1-arm-none-eabi/bin/../lib/gcc/arm-none-eabi/13.2.1/../../../../arm-none-eabi/lib/thumb/v8-m.main+fp/hard/libc_nano.a(libc_a-locale.o)
 .rodata.__assert_func.str1.1
                0x0800dd20       0x3d /opt/arm-gnu-toolchain-13.2.Rel1-arm-none-eabi/bin/../lib/gcc/arm-none-eabi/13.2.1/../../../../arm-none-eabi/lib/thumb/v8-m.main+fp/hard/libc_nano.a(libc_a-assert.o)
 .rodata._vfprintf_r.str1.1
                0x0800dd20       0x11 /opt/arm-gnu-toolchain-13.2.Rel1-arm-none-eabi/bin/../lib/gcc/arm-none-eabi/13.2.1/../../../../arm-none-eabi/lib/thumb/v8-m.main+fp/hard/libc_nano.a(libc_a-nano-vfprintf.o)
                0x0800dd60                        . = ALIGN (0x4)

.ARM.extab      0x0800dd20        0x0
                0x0800dd20                        . = ALIGN (0x4)
 *(.ARM.extab* .gnu.linkonce.armextab.*)
                0x0800dd20                        . = ALIGN (0x4)

.ARM            0x0800dd20        0x8
                0x0800dd20                        . = ALIGN (0x4)
                0x0800dd20                        __exidx_start = .
 *(.ARM.exidx*)
 .ARM.exidx     0x0800dd20        0x8 /opt/arm-gnu-toolchain-13.2.Rel1-arm-none-eabi/bin/../lib/gcc/arm-none-eabi/13.2.1/../../../../arm-none-eabi/lib/thumb/v8-m.main+fp/hard/libc_nano.a(libc_a-strlen.o)
 .ARM.exidx.text.__udivmoddi4
                0x0800dd28        0x0 /opt/arm-gnu-toolchain-13.2.Rel1-arm-none-eabi/bin/../lib/gcc/arm-none-eabi/13.2.1/thumb/v8-m.main+fp/hard/libgcc.a(_udivmoddi4.o)
                                  0x8 (size before relaxing)
                0x0800dd28                        __exidx_end = .
                0x0800dd28                        . = ALIGN (0x4)

.rel.dyn        0x0800dd28        0x0
 .rel.iplt      0x0800dd28        0x0 /opt/arm-gnu-toolchain-13.2.Rel1-arm-none-eabi/bin/../lib/gcc/arm-none-eabi/13.2.1/thumb/v8-m.main+fp/hard/crtbegin.o

.preinit_array  0x0800dd28        0x0
                0x0800dd28                        . = ALIGN (0x4)
                0x0800dd28                        PROVIDE (__preinit_array_start = .)
 *(.preinit_array*)
                0x0800dd28                        PROVIDE (__preinit_array_end = .)
                0x0800dd28                        . = ALIGN (0x4)

.init_array     0x0800dd28        0x4
                0x0800dd28                        . = ALIGN (0x4)
                0x0800dd28                        PROVIDE (__init_array_start = .)
 *(SORT_BY_NAME(.init_array.*))
 *(.init_array*)
 .init_array    0x0800dd28        0x4 /opt/arm-gnu-toolchain-13.2.Rel1-arm-none-eabi/bin/../lib/gcc/arm-none-eabi/13.2.1/thumb/v8-m.main+fp/hard/crtbegin.o
                0x0800dd2c                        PROVIDE (__init_array_end = .)
                0x0800dd2c                        . = ALIGN (0x4)

.fini_array     0x0800dd2c        0x4
                0x0800dd2c                        . = ALIGN (0x4)
                [!provide]                        PROVIDE (__fini_array_start = .)
 *(SORT_BY_NAME(.fini_array.*))
 *(.fini_array*)
 .fini_array    0x0800dd2c        0x4 /opt/arm-gnu-toolchain-13.2.Rel1-arm-none-eabi/bin/../lib/gcc/arm-none-eabi/13.2.1/thumb/v8-m.main+fp/hard/crtbegin.o
                [!provide]                        PROVIDE (__fini_array_end = .)
                0x0800dd30                        . = ALIGN (0x4)

.NoInit         0x2009ff80        0x0
 *(.NoInit)
                0x2009ff80                        . = ALIGN (0x8)
                0x0800dd30                        _sidata = LOADADDR (.data)

.data           0x20000000      0x1d4 load address 0x0800dd30
                0x20000000                        . = ALIGN (0x4)
                0x20000000                        _sdata = .
 *(.data)
 *(.data*)
 .data.SystemCoreClock
                0x20000000        0x4 CMakeFiles/Bootloader.dir/__/Deps/stm32h5/system_stm32h5xx_boot.c.obj
                0x20000000                SystemCoreClock
 .data.uwTickPrio
                0x20000004        0x4 ../Deps/CMakeFiles/STM32H5_TARGET.dir/Externals/stm32h5_hal-src/Src/stm32h5xx_hal.c.obj
                0x20000004                uwTickPrio
 .data.uwTickFreq
                0x20000008        0x1 ../Deps/CMakeFiles/STM32H5_TARGET.dir/Externals/stm32h5_hal-src/Src/stm32h5xx_hal.c.obj
                0x20000008                uwTickFreq
 *fill*         0x20000009        0x3 
 .data.__sglue  0x2000000c        0xc /opt/arm-gnu-toolchain-13.2.Rel1-arm-none-eabi/bin/../lib/gcc/arm-none-eabi/13.2.1/../../../../arm-none-eabi/lib/thumb/v8-m.main+fp/hard/libc_nano.a(libc_a-findfp.o)
                0x2000000c                __sglue
 .data._impure_ptr
                0x20000018        0x4 /opt/arm-gnu-toolchain-13.2.Rel1-arm-none-eabi/bin/../lib/gcc/arm-none-eabi/13.2.1/../../../../arm-none-eabi/lib/thumb/v8-m.main+fp/hard/libc_nano.a(libc_a-impure.o)
                0x20000018                _impure_ptr
 .data._impure_data
                0x2000001c       0x4c /opt/arm-gnu-toolchain-13.2.Rel1-arm-none-eabi/bin/../lib/gcc/arm-none-eabi/13.2.1/../../../../arm-none-eabi/lib/thumb/v8-m.main+fp/hard/libc_nano.a(libc_a-impure.o)
                0x2000001c                _impure_data
 .data.__global_locale
                0x20000068      0x16c /opt/arm-gnu-toolchain-13.2.Rel1-arm-none-eabi/bin/../lib/gcc/arm-none-eabi/13.2.1/../../../../arm-none-eabi/lib/thumb/v8-m.main+fp/hard/libc_nano.a(libc_a-locale.o)
                0x20000068                __global_locale
 *(.RamFunc)
 *(.RamFunc*)
                0x200001d4                        . = ALIGN (0x4)
                0x200001d4                        _edata = .

.tm_clone_table
                0x200001d4        0x0 load address 0x0800df04
 .tm_clone_table
                0x200001d4        0x0 /opt/arm-gnu-toolchain-13.2.Rel1-arm-none-eabi/bin/../lib/gcc/arm-none-eabi/13.2.1/thumb/v8-m.main+fp/hard/crtbegin.o
 .tm_clone_table
                0x200001d4        0x0 /opt/arm-gnu-toolchain-13.2.Rel1-arm-none-eabi/bin/../lib/gcc/arm-none-eabi/13.2.1/thumb/v8-m.main+fp/hard/crtend.o

.igot.plt       0x200001d4        0x0 load address 0x0800df04
 .igot.plt      0x200001d4        0x0 /opt/arm-gnu-toolchain-13.2.Rel1-arm-none-eabi/bin/../lib/gcc/arm-none-eabi/13.2.1/thumb/v8-m.main+fp/hard/crtbegin.o
                0x200001d4                        . = ALIGN (0x4)

.bss            0x200001d4      0x590 load address 0x0800df04
                0x200001d4                        _sbss = .
                0x200001d4                        __bss_start__ = _sbss
 *(.bss)
 *(.bss*)
 .bss.completed.1
                0x200001d4        0x1 /opt/arm-gnu-toolchain-13.2.Rel1-arm-none-eabi/bin/../lib/gcc/arm-none-eabi/13.2.1/thumb/v8-m.main+fp/hard/crtbegin.o
 *fill*         0x200001d5        0x3 
 .bss.object.0  0x200001d8       0x18 /opt/arm-gnu-toolchain-13.2.Rel1-arm-none-eabi/bin/../lib/gcc/arm-none-eabi/13.2.1/thumb/v8-m.main+fp/hard/crtbegin.o
 .bss._ZN3bsp9parserObjE
                0x200001f0       0x94 ../BSP/CMakeFiles/BSP.dir/trident-board.cpp.obj
                0x200001f0                bsp::parserObj
 .bss._ZN3bsp17clockGeneratorI2CE
                0x20000284       0x54 ../BSP/CMakeFiles/BSP.dir/trident-board.cpp.obj
                0x20000284                bsp::clockGeneratorI2C
 .bss._ZN3bsp13eepromGPIOObjE
                0x200002d8       0x90 ../BSP/CMakeFiles/BSP.dir/trident-board.cpp.obj
                0x200002d8                bsp::eepromGPIOObj
 .bss._ZN3bsp6canObjE
                0x20000368       0x64 ../BSP/CMakeFiles/BSP.dir/trident-board.cpp.obj
                0x20000368                bsp::canObj
 .bss._ZN3bsp9canHeaderE
                0x200003cc       0x24 ../BSP/CMakeFiles/BSP.dir/trident-board.cpp.obj
                0x200003cc                bsp::canHeader
 .bss._ZN3bsp20handleGpdma1Channel0E
                0x200003f0       0x78 ../BSP/CMakeFiles/BSP.dir/bsp_audioboard.cpp.obj
                0x200003f0                bsp::handleGpdma1Channel0
 .bss.uwTick    0x20000468        0x4 ../Deps/CMakeFiles/STM32H5_TARGET.dir/Externals/stm32h5_hal-src/Src/stm32h5xx_hal.c.obj
                0x20000468                uwTick
 .bss.htim6     0x2000046c       0x4c ../Deps/CMakeFiles/STM32H5_TARGET.dir/stm32h5/stm32h5xx_hal_timebase_tim.c.obj
                0x2000046c                htim6
 .bss.uart      0x200004b8      0x15c ../Application/Parser/CMakeFiles/parser.dir/rs232.c.obj
 .bss.__sf      0x20000614      0x138 /opt/arm-gnu-toolchain-13.2.Rel1-arm-none-eabi/bin/../lib/gcc/arm-none-eabi/13.2.1/../../../../arm-none-eabi/lib/thumb/v8-m.main+fp/hard/libc_nano.a(libc_a-findfp.o)
                0x20000614                __sf
 .bss.__stdio_exit_handler
                0x2000074c        0x4 /opt/arm-gnu-toolchain-13.2.Rel1-arm-none-eabi/bin/../lib/gcc/arm-none-eabi/13.2.1/../../../../arm-none-eabi/lib/thumb/v8-m.main+fp/hard/libc_nano.a(libc_a-findfp.o)
                0x2000074c                __stdio_exit_handler
 .bss.errno     0x20000750        0x4 /opt/arm-gnu-toolchain-13.2.Rel1-arm-none-eabi/bin/../lib/gcc/arm-none-eabi/13.2.1/../../../../arm-none-eabi/lib/thumb/v8-m.main+fp/hard/libc_nano.a(libc_a-reent.o)
                0x20000750                errno
 .bss.__lock___malloc_recursive_mutex
                0x20000754        0x1 /opt/arm-gnu-toolchain-13.2.Rel1-arm-none-eabi/bin/../lib/gcc/arm-none-eabi/13.2.1/../../../../arm-none-eabi/lib/thumb/v8-m.main+fp/hard/libc_nano.a(libc_a-lock.o)
                0x20000754                __lock___malloc_recursive_mutex
 .bss.__lock___sfp_recursive_mutex
                0x20000755        0x1 /opt/arm-gnu-toolchain-13.2.Rel1-arm-none-eabi/bin/../lib/gcc/arm-none-eabi/13.2.1/../../../../arm-none-eabi/lib/thumb/v8-m.main+fp/hard/libc_nano.a(libc_a-lock.o)
                0x20000755                __lock___sfp_recursive_mutex
 *fill*         0x20000756        0x2 
 .bss.__malloc_sbrk_start
                0x20000758        0x4 /opt/arm-gnu-toolchain-13.2.Rel1-arm-none-eabi/bin/../lib/gcc/arm-none-eabi/13.2.1/../../../../arm-none-eabi/lib/thumb/v8-m.main+fp/hard/libc_nano.a(libc_a-mallocr.o)
                0x20000758                __malloc_sbrk_start
 .bss.__malloc_free_list
                0x2000075c        0x4 /opt/arm-gnu-toolchain-13.2.Rel1-arm-none-eabi/bin/../lib/gcc/arm-none-eabi/13.2.1/../../../../arm-none-eabi/lib/thumb/v8-m.main+fp/hard/libc_nano.a(libc_a-mallocr.o)
                0x2000075c                __malloc_free_list
 .bss.heap_end.0
                0x20000760        0x4 /opt/arm-gnu-toolchain-13.2.Rel1-arm-none-eabi/bin/../lib/gcc/arm-none-eabi/13.2.1/../../../../arm-none-eabi/lib/thumb/v8-m.main+fp/hard/libnosys.a(sbrk.o)
 *(COMMON)
                0x20000764                        . = ALIGN (0x4)
                0x20000764                        _ebss = .
                0x20000764                        __bss_end__ = _ebss

._user_heap_stack
                0x20000764      0x604 load address 0x0800df04
                0x20000768                        . = ALIGN (0x8)
 *fill*         0x20000764        0x4 
                0x20000768                        PROVIDE (end = .)
                [!provide]                        PROVIDE (_end = .)
                0x20000968                        . = (. + _Min_Heap_Size)
 *fill*         0x20000768      0x200 
                0x20000d68                        . = (. + _Min_Stack_Size)
 *fill*         0x20000968      0x400 
                0x20000d68                        . = ALIGN (0x8)

/DISCARD/
 libc.a(*)
 libm.a(*)
 libgcc.a(*)

.ARM.attributes
                0x00000000       0x36
 *(.ARM.attributes)
 .ARM.attributes
                0x00000000       0x26 /opt/arm-gnu-toolchain-13.2.Rel1-arm-none-eabi/bin/../lib/gcc/arm-none-eabi/13.2.1/thumb/v8-m.main+fp/hard/crti.o
 .ARM.attributes
                0x00000026       0x38 /opt/arm-gnu-toolchain-13.2.Rel1-arm-none-eabi/bin/../lib/gcc/arm-none-eabi/13.2.1/thumb/v8-m.main+fp/hard/crtbegin.o
 .ARM.attributes
                0x0000005e       0x3a CMakeFiles/Bootloader.dir/bootloader.cpp.obj
 .ARM.attributes
                0x00000098       0x3a CMakeFiles/Bootloader.dir/__/Toolchain/syscalls.c.obj
 .ARM.attributes
                0x000000d2       0x3a CMakeFiles/Bootloader.dir/__/Deps/stm32h5/system_stm32h5xx_boot.c.obj
 .ARM.attributes
                0x0000010c       0x3a ../BSP/CMakeFiles/BSP.dir/trident-board.cpp.obj
 .ARM.attributes
                0x00000146       0x3a ../BSP/CMakeFiles/BSP.dir/bsp_audioboard.cpp.obj
 .ARM.attributes
                0x00000180       0x3a ../Deps/CMakeFiles/STM32H5_TARGET.dir/Externals/stm32h5_hal-src/Src/stm32h5xx_hal_cortex.c.obj
 .ARM.attributes
                0x000001ba       0x3a ../Deps/CMakeFiles/STM32H5_TARGET.dir/Externals/stm32h5_hal-src/Src/stm32h5xx_hal_rcc.c.obj
 .ARM.attributes
                0x000001f4       0x3a ../Deps/CMakeFiles/STM32H5_TARGET.dir/Externals/stm32h5_hal-src/Src/stm32h5xx_hal_rcc_ex.c.obj
 .ARM.attributes
                0x0000022e       0x3a ../Deps/CMakeFiles/STM32H5_TARGET.dir/Externals/stm32h5_hal-src/Src/stm32h5xx_hal_gpio.c.obj
 .ARM.attributes
                0x00000268       0x3a ../Deps/CMakeFiles/STM32H5_TARGET.dir/Externals/stm32h5_hal-src/Src/stm32h5xx_hal_i2c.c.obj
 .ARM.attributes
                0x000002a2       0x3a ../Deps/CMakeFiles/STM32H5_TARGET.dir/Externals/stm32h5_hal-src/Src/stm32h5xx_hal_i2c_ex.c.obj
 .ARM.attributes
                0x000002dc       0x3a ../Deps/CMakeFiles/STM32H5_TARGET.dir/Externals/stm32h5_hal-src/Src/stm32h5xx_hal_dma.c.obj
 .ARM.attributes
                0x00000316       0x3a ../Deps/CMakeFiles/STM32H5_TARGET.dir/Externals/stm32h5_hal-src/Src/stm32h5xx_hal_uart.c.obj
 .ARM.attributes
                0x00000350       0x3a ../Deps/CMakeFiles/STM32H5_TARGET.dir/Externals/stm32h5_hal-src/Src/stm32h5xx_hal_tim.c.obj
 .ARM.attributes
                0x0000038a       0x3a ../Deps/CMakeFiles/STM32H5_TARGET.dir/Externals/stm32h5_hal-src/Src/stm32h5xx_hal_tim_ex.c.obj
 .ARM.attributes
                0x000003c4       0x3a ../Deps/CMakeFiles/STM32H5_TARGET.dir/Externals/stm32h5_hal-src/Src/stm32h5xx_hal_uart_ex.c.obj
 .ARM.attributes
                0x000003fe       0x3a ../Deps/CMakeFiles/STM32H5_TARGET.dir/Externals/stm32h5_hal-src/Src/stm32h5xx_hal_fdcan.c.obj
 .ARM.attributes
                0x00000438       0x3a ../Deps/CMakeFiles/STM32H5_TARGET.dir/Externals/stm32h5_hal-src/Src/stm32h5xx_hal_spi.c.obj
 .ARM.attributes
                0x00000472       0x3a ../Deps/CMakeFiles/STM32H5_TARGET.dir/Externals/stm32h5_hal-src/Src/stm32h5xx_hal.c.obj
 .ARM.attributes
                0x000004ac       0x24 ../Deps/CMakeFiles/STM32H5_TARGET.dir/Externals/cmsis_device_h5-src/Source/Templates/gcc/startup_stm32h563xx.s.obj
 .ARM.attributes
                0x000004d0       0x3a ../Deps/CMakeFiles/STM32H5_TARGET.dir/stm32h5/stm32h5xx_hal_timebase_tim.c.obj
 .ARM.attributes
                0x0000050a       0x3a ../Application/Parser/CMakeFiles/parser.dir/rs232.c.obj
 .ARM.attributes
                0x00000544       0x1f ../Application/Parser/miscelln/libmiscelln.a(memset.s.obj)
 .ARM.attributes
                0x00000563       0x38 /opt/arm-gnu-toolchain-13.2.Rel1-arm-none-eabi/bin/../lib/gcc/arm-none-eabi/13.2.1/../../../../arm-none-eabi/lib/thumb/v8-m.main+fp/hard/libc_nano.a(libc_a-ctype_.o)
 .ARM.attributes
                0x0000059b       0x38 /opt/arm-gnu-toolchain-13.2.Rel1-arm-none-eabi/bin/../lib/gcc/arm-none-eabi/13.2.1/../../../../arm-none-eabi/lib/thumb/v8-m.main+fp/hard/libc_nano.a(libc_a-nano-vfprintf_float.o)
 .ARM.attributes
                0x000005d3       0x38 /opt/arm-gnu-toolchain-13.2.Rel1-arm-none-eabi/bin/../lib/gcc/arm-none-eabi/13.2.1/../../../../arm-none-eabi/lib/thumb/v8-m.main+fp/hard/libc_nano.a(libc_a-nano-vfprintf_i.o)
 .ARM.attributes
                0x0000060b       0x38 /opt/arm-gnu-toolchain-13.2.Rel1-arm-none-eabi/bin/../lib/gcc/arm-none-eabi/13.2.1/../../../../arm-none-eabi/lib/thumb/v8-m.main+fp/hard/libc_nano.a(libc_a-findfp.o)
 .ARM.attributes
                0x00000643       0x38 /opt/arm-gnu-toolchain-13.2.Rel1-arm-none-eabi/bin/../lib/gcc/arm-none-eabi/13.2.1/../../../../arm-none-eabi/lib/thumb/v8-m.main+fp/hard/libc_nano.a(libc_a-fwalk.o)
 .ARM.attributes
                0x0000067b       0x38 /opt/arm-gnu-toolchain-13.2.Rel1-arm-none-eabi/bin/../lib/gcc/arm-none-eabi/13.2.1/../../../../arm-none-eabi/lib/thumb/v8-m.main+fp/hard/libc_nano.a(libc_a-stdio.o)
 .ARM.attributes
                0x000006b3       0x38 /opt/arm-gnu-toolchain-13.2.Rel1-arm-none-eabi/bin/../lib/gcc/arm-none-eabi/13.2.1/../../../../arm-none-eabi/lib/thumb/v8-m.main+fp/hard/libc_nano.a(libc_a-localeconv.o)
 .ARM.attributes
                0x000006eb       0x38 /opt/arm-gnu-toolchain-13.2.Rel1-arm-none-eabi/bin/../lib/gcc/arm-none-eabi/13.2.1/../../../../arm-none-eabi/lib/thumb/v8-m.main+fp/hard/libc_nano.a(libc_a-closer.o)
 .ARM.attributes
                0x00000723       0x38 /opt/arm-gnu-toolchain-13.2.Rel1-arm-none-eabi/bin/../lib/gcc/arm-none-eabi/13.2.1/../../../../arm-none-eabi/lib/thumb/v8-m.main+fp/hard/libc_nano.a(libc_a-reent.o)
 .ARM.attributes
                0x0000075b       0x38 /opt/arm-gnu-toolchain-13.2.Rel1-arm-none-eabi/bin/../lib/gcc/arm-none-eabi/13.2.1/../../../../arm-none-eabi/lib/thumb/v8-m.main+fp/hard/libc_nano.a(libc_a-impure.o)
 .ARM.attributes
                0x00000793       0x38 /opt/arm-gnu-toolchain-13.2.Rel1-arm-none-eabi/bin/../lib/gcc/arm-none-eabi/13.2.1/../../../../arm-none-eabi/lib/thumb/v8-m.main+fp/hard/libc_nano.a(libc_a-lseekr.o)
 .ARM.attributes
                0x000007cb       0x38 /opt/arm-gnu-toolchain-13.2.Rel1-arm-none-eabi/bin/../lib/gcc/arm-none-eabi/13.2.1/../../../../arm-none-eabi/lib/thumb/v8-m.main+fp/hard/libc_nano.a(libc_a-readr.o)
 .ARM.attributes
                0x00000803       0x38 /opt/arm-gnu-toolchain-13.2.Rel1-arm-none-eabi/bin/../lib/gcc/arm-none-eabi/13.2.1/../../../../arm-none-eabi/lib/thumb/v8-m.main+fp/hard/libc_nano.a(libc_a-writer.o)
 .ARM.attributes
                0x0000083b       0x38 /opt/arm-gnu-toolchain-13.2.Rel1-arm-none-eabi/bin/../lib/gcc/arm-none-eabi/13.2.1/../../../../arm-none-eabi/lib/thumb/v8-m.main+fp/hard/libc_nano.a(libc_a-init.o)
 .ARM.attributes
                0x00000873       0x38 /opt/arm-gnu-toolchain-13.2.Rel1-arm-none-eabi/bin/../lib/gcc/arm-none-eabi/13.2.1/../../../../arm-none-eabi/lib/thumb/v8-m.main+fp/hard/libc_nano.a(libc_a-lock.o)
 .ARM.attributes
                0x000008ab       0x38 /opt/arm-gnu-toolchain-13.2.Rel1-arm-none-eabi/bin/../lib/gcc/arm-none-eabi/13.2.1/../../../../arm-none-eabi/lib/thumb/v8-m.main+fp/hard/libc_nano.a(libc_a-memchr-stub.o)
 .ARM.attributes
                0x000008e3       0x24 /opt/arm-gnu-toolchain-13.2.Rel1-arm-none-eabi/bin/../lib/gcc/arm-none-eabi/13.2.1/../../../../arm-none-eabi/lib/thumb/v8-m.main+fp/hard/libc_nano.a(libc_a-strlen.o)
 .ARM.attributes
                0x00000907       0x38 /opt/arm-gnu-toolchain-13.2.Rel1-arm-none-eabi/bin/../lib/gcc/arm-none-eabi/13.2.1/../../../../arm-none-eabi/lib/thumb/v8-m.main+fp/hard/libc_nano.a(libc_a-dtoa.o)
 .ARM.attributes
                0x0000093f       0x38 /opt/arm-gnu-toolchain-13.2.Rel1-arm-none-eabi/bin/../lib/gcc/arm-none-eabi/13.2.1/../../../../arm-none-eabi/lib/thumb/v8-m.main+fp/hard/libc_nano.a(libc_a-freer.o)
 .ARM.attributes
                0x00000977       0x38 /opt/arm-gnu-toolchain-13.2.Rel1-arm-none-eabi/bin/../lib/gcc/arm-none-eabi/13.2.1/../../../../arm-none-eabi/lib/thumb/v8-m.main+fp/hard/libc_nano.a(libc_a-malloc.o)
 .ARM.attributes
                0x000009af       0x38 /opt/arm-gnu-toolchain-13.2.Rel1-arm-none-eabi/bin/../lib/gcc/arm-none-eabi/13.2.1/../../../../arm-none-eabi/lib/thumb/v8-m.main+fp/hard/libc_nano.a(libc_a-mallocr.o)
 .ARM.attributes
                0x000009e7       0x38 /opt/arm-gnu-toolchain-13.2.Rel1-arm-none-eabi/bin/../lib/gcc/arm-none-eabi/13.2.1/../../../../arm-none-eabi/lib/thumb/v8-m.main+fp/hard/libc_nano.a(libc_a-mlock.o)
 .ARM.attributes
                0x00000a1f       0x38 /opt/arm-gnu-toolchain-13.2.Rel1-arm-none-eabi/bin/../lib/gcc/arm-none-eabi/13.2.1/../../../../arm-none-eabi/lib/thumb/v8-m.main+fp/hard/libc_nano.a(libc_a-mprec.o)
 .ARM.attributes
                0x00000a57       0x38 /opt/arm-gnu-toolchain-13.2.Rel1-arm-none-eabi/bin/../lib/gcc/arm-none-eabi/13.2.1/../../../../arm-none-eabi/lib/thumb/v8-m.main+fp/hard/libc_nano.a(libc_a-fflush.o)
 .ARM.attributes
                0x00000a8f       0x38 /opt/arm-gnu-toolchain-13.2.Rel1-arm-none-eabi/bin/../lib/gcc/arm-none-eabi/13.2.1/../../../../arm-none-eabi/lib/thumb/v8-m.main+fp/hard/libc_nano.a(libc_a-locale.o)
 .ARM.attributes
                0x00000ac7       0x38 /opt/arm-gnu-toolchain-13.2.Rel1-arm-none-eabi/bin/../lib/gcc/arm-none-eabi/13.2.1/../../../../arm-none-eabi/lib/thumb/v8-m.main+fp/hard/libc_nano.a(libc_a-sbrkr.o)
 .ARM.attributes
                0x00000aff       0x38 /opt/arm-gnu-toolchain-13.2.Rel1-arm-none-eabi/bin/../lib/gcc/arm-none-eabi/13.2.1/../../../../arm-none-eabi/lib/thumb/v8-m.main+fp/hard/libc_nano.a(libc_a-memcpy-stub.o)
 .ARM.attributes
                0x00000b37       0x38 /opt/arm-gnu-toolchain-13.2.Rel1-arm-none-eabi/bin/../lib/gcc/arm-none-eabi/13.2.1/../../../../arm-none-eabi/lib/thumb/v8-m.main+fp/hard/libc_nano.a(libc_a-assert.o)
 .ARM.attributes
                0x00000b6f       0x38 /opt/arm-gnu-toolchain-13.2.Rel1-arm-none-eabi/bin/../lib/gcc/arm-none-eabi/13.2.1/../../../../arm-none-eabi/lib/thumb/v8-m.main+fp/hard/libc_nano.a(libc_a-callocr.o)
 .ARM.attributes
                0x00000ba7       0x38 /opt/arm-gnu-toolchain-13.2.Rel1-arm-none-eabi/bin/../lib/gcc/arm-none-eabi/13.2.1/../../../../arm-none-eabi/lib/thumb/v8-m.main+fp/hard/libc_nano.a(libc_a-mbtowc_r.o)
 .ARM.attributes
                0x00000bdf       0x38 /opt/arm-gnu-toolchain-13.2.Rel1-arm-none-eabi/bin/../lib/gcc/arm-none-eabi/13.2.1/../../../../arm-none-eabi/lib/thumb/v8-m.main+fp/hard/libc_nano.a(libc_a-wctomb_r.o)
 .ARM.attributes
                0x00000c17       0x38 /opt/arm-gnu-toolchain-13.2.Rel1-arm-none-eabi/bin/../lib/gcc/arm-none-eabi/13.2.1/../../../../arm-none-eabi/lib/thumb/v8-m.main+fp/hard/libc_nano.a(libc_a-fprintf.o)
 .ARM.attributes
                0x00000c4f       0x38 /opt/arm-gnu-toolchain-13.2.Rel1-arm-none-eabi/bin/../lib/gcc/arm-none-eabi/13.2.1/../../../../arm-none-eabi/lib/thumb/v8-m.main+fp/hard/libc_nano.a(libc_a-abort.o)
 .ARM.attributes
                0x00000c87       0x38 /opt/arm-gnu-toolchain-13.2.Rel1-arm-none-eabi/bin/../lib/gcc/arm-none-eabi/13.2.1/../../../../arm-none-eabi/lib/thumb/v8-m.main+fp/hard/libc_nano.a(libc_a-nano-vfprintf.o)
 .ARM.attributes
                0x00000cbf       0x38 /opt/arm-gnu-toolchain-13.2.Rel1-arm-none-eabi/bin/../lib/gcc/arm-none-eabi/13.2.1/../../../../arm-none-eabi/lib/thumb/v8-m.main+fp/hard/libc_nano.a(libc_a-wbuf.o)
 .ARM.attributes
                0x00000cf7       0x38 /opt/arm-gnu-toolchain-13.2.Rel1-arm-none-eabi/bin/../lib/gcc/arm-none-eabi/13.2.1/../../../../arm-none-eabi/lib/thumb/v8-m.main+fp/hard/libc_nano.a(libc_a-wsetup.o)
 .ARM.attributes
                0x00000d2f       0x38 /opt/arm-gnu-toolchain-13.2.Rel1-arm-none-eabi/bin/../lib/gcc/arm-none-eabi/13.2.1/../../../../arm-none-eabi/lib/thumb/v8-m.main+fp/hard/libc_nano.a(libc_a-signal.o)
 .ARM.attributes
                0x00000d67       0x38 /opt/arm-gnu-toolchain-13.2.Rel1-arm-none-eabi/bin/../lib/gcc/arm-none-eabi/13.2.1/../../../../arm-none-eabi/lib/thumb/v8-m.main+fp/hard/libc_nano.a(libc_a-signalr.o)
 .ARM.attributes
                0x00000d9f       0x38 /opt/arm-gnu-toolchain-13.2.Rel1-arm-none-eabi/bin/../lib/gcc/arm-none-eabi/13.2.1/../../../../arm-none-eabi/lib/thumb/v8-m.main+fp/hard/libc_nano.a(libc_a-makebuf.o)
 .ARM.attributes
                0x00000dd7       0x38 /opt/arm-gnu-toolchain-13.2.Rel1-arm-none-eabi/bin/../lib/gcc/arm-none-eabi/13.2.1/../../../../arm-none-eabi/lib/thumb/v8-m.main+fp/hard/libc_nano.a(libc_a-fstatr.o)
 .ARM.attributes
                0x00000e0f       0x38 /opt/arm-gnu-toolchain-13.2.Rel1-arm-none-eabi/bin/../lib/gcc/arm-none-eabi/13.2.1/../../../../arm-none-eabi/lib/thumb/v8-m.main+fp/hard/libc_nano.a(libc_a-isattyr.o)
 .ARM.attributes
                0x00000e47       0x26 /opt/arm-gnu-toolchain-13.2.Rel1-arm-none-eabi/bin/../lib/gcc/arm-none-eabi/13.2.1/thumb/v8-m.main+fp/hard/libgcc.a(_arm_addsubdf3.o)
 .ARM.attributes
                0x00000e6d       0x26 /opt/arm-gnu-toolchain-13.2.Rel1-arm-none-eabi/bin/../lib/gcc/arm-none-eabi/13.2.1/thumb/v8-m.main+fp/hard/libgcc.a(_arm_muldivdf3.o)
 .ARM.attributes
                0x00000e93       0x26 /opt/arm-gnu-toolchain-13.2.Rel1-arm-none-eabi/bin/../lib/gcc/arm-none-eabi/13.2.1/thumb/v8-m.main+fp/hard/libgcc.a(_arm_cmpdf2.o)
 .ARM.attributes
                0x00000eb9       0x26 /opt/arm-gnu-toolchain-13.2.Rel1-arm-none-eabi/bin/../lib/gcc/arm-none-eabi/13.2.1/thumb/v8-m.main+fp/hard/libgcc.a(_arm_unorddf2.o)
 .ARM.attributes
                0x00000edf       0x26 /opt/arm-gnu-toolchain-13.2.Rel1-arm-none-eabi/bin/../lib/gcc/arm-none-eabi/13.2.1/thumb/v8-m.main+fp/hard/libgcc.a(_arm_fixdfsi.o)
 .ARM.attributes
                0x00000f05       0x26 /opt/arm-gnu-toolchain-13.2.Rel1-arm-none-eabi/bin/../lib/gcc/arm-none-eabi/13.2.1/thumb/v8-m.main+fp/hard/libgcc.a(_aeabi_uldivmod.o)
 .ARM.attributes
                0x00000f2b       0x38 /opt/arm-gnu-toolchain-13.2.Rel1-arm-none-eabi/bin/../lib/gcc/arm-none-eabi/13.2.1/thumb/v8-m.main+fp/hard/libgcc.a(_udivmoddi4.o)
 .ARM.attributes