Archive member included to satisfy reference by file (symbol)

C:/ST/STM32CubeIDE_1.15.1/STM32CubeIDE/plugins/com.st.stm32cube.ide.mcu.externaltools.gnu-tools-for-stm32.12.3.rel1.win32_1.0.100.202403111256/tools/bin/../lib/gcc/arm-none-eabi/12.3.1/../../../../arm-none-eabi/lib/thumb/v8-m.main+fp/hard\libc_nano.a(libc_a-exit.o)
                              C:/ST/STM32CubeIDE_1.15.1/STM32CubeIDE/plugins/com.st.stm32cube.ide.mcu.externaltools.gnu-tools-for-stm32.12.3.rel1.win32_1.0.100.202403111256/tools/bin/../lib/gcc/arm-none-eabi/12.3.1/../../../../arm-none-eabi/lib/thumb/v8-m.main+fp/hard/crt0.o (exit)
C:/ST/STM32CubeIDE_1.15.1/STM32CubeIDE/plugins/com.st.stm32cube.ide.mcu.externaltools.gnu-tools-for-stm32.12.3.rel1.win32_1.0.100.202403111256/tools/bin/../lib/gcc/arm-none-eabi/12.3.1/../../../../arm-none-eabi/lib/thumb/v8-m.main+fp/hard\libc_nano.a(libc_a-findfp.o)
                              C:/ST/STM32CubeIDE_1.15.1/STM32CubeIDE/plugins/com.st.stm32cube.ide.mcu.externaltools.gnu-tools-for-stm32.12.3.rel1.win32_1.0.100.202403111256/tools/bin/../lib/gcc/arm-none-eabi/12.3.1/../../../../arm-none-eabi/lib/thumb/v8-m.main+fp/hard\libc_nano.a(libc_a-exit.o) (__stdio_exit_handler)
C:/ST/STM32CubeIDE_1.15.1/STM32CubeIDE/plugins/com.st.stm32cube.ide.mcu.externaltools.gnu-tools-for-stm32.12.3.rel1.win32_1.0.100.202403111256/tools/bin/../lib/gcc/arm-none-eabi/12.3.1/../../../../arm-none-eabi/lib/thumb/v8-m.main+fp/hard\libc_nano.a(libc_a-fwalk.o)
                              C:/ST/STM32CubeIDE_1.15.1/STM32CubeIDE/plugins/com.st.stm32cube.ide.mcu.externaltools.gnu-tools-for-stm32.12.3.rel1.win32_1.0.100.202403111256/tools/bin/../lib/gcc/arm-none-eabi/12.3.1/../../../../arm-none-eabi/lib/thumb/v8-m.main+fp/hard\libc_nano.a(libc_a-findfp.o) (_fwalk_sglue)
C:/ST/STM32CubeIDE_1.15.1/STM32CubeIDE/plugins/com.st.stm32cube.ide.mcu.externaltools.gnu-tools-for-stm32.12.3.rel1.win32_1.0.100.202403111256/tools/bin/../lib/gcc/arm-none-eabi/12.3.1/../../../../arm-none-eabi/lib/thumb/v8-m.main+fp/hard\libc_nano.a(libc_a-printf.o)
                              ./Core/Src/main.o (printf)
C:/ST/STM32CubeIDE_1.15.1/STM32CubeIDE/plugins/com.st.stm32cube.ide.mcu.externaltools.gnu-tools-for-stm32.12.3.rel1.win32_1.0.100.202403111256/tools/bin/../lib/gcc/arm-none-eabi/12.3.1/../../../../arm-none-eabi/lib/thumb/v8-m.main+fp/hard\libc_nano.a(libc_a-puts.o)
                              ./Core/Src/main.o (puts)
C:/ST/STM32CubeIDE_1.15.1/STM32CubeIDE/plugins/com.st.stm32cube.ide.mcu.externaltools.gnu-tools-for-stm32.12.3.rel1.win32_1.0.100.202403111256/tools/bin/../lib/gcc/arm-none-eabi/12.3.1/../../../../arm-none-eabi/lib/thumb/v8-m.main+fp/hard\libc_nano.a(libc_a-stdio.o)
                              C:/ST/STM32CubeIDE_1.15.1/STM32CubeIDE/plugins/com.st.stm32cube.ide.mcu.externaltools.gnu-tools-for-stm32.12.3.rel1.win32_1.0.100.202403111256/tools/bin/../lib/gcc/arm-none-eabi/12.3.1/../../../../arm-none-eabi/lib/thumb/v8-m.main+fp/hard\libc_nano.a(libc_a-findfp.o) (__sread)
C:/ST/STM32CubeIDE_1.15.1/STM32CubeIDE/plugins/com.st.stm32cube.ide.mcu.externaltools.gnu-tools-for-stm32.12.3.rel1.win32_1.0.100.202403111256/tools/bin/../lib/gcc/arm-none-eabi/12.3.1/../../../../arm-none-eabi/lib/thumb/v8-m.main+fp/hard\libc_nano.a(libc_a-wbuf.o)
                              C:/ST/STM32CubeIDE_1.15.1/STM32CubeIDE/plugins/com.st.stm32cube.ide.mcu.externaltools.gnu-tools-for-stm32.12.3.rel1.win32_1.0.100.202403111256/tools/bin/../lib/gcc/arm-none-eabi/12.3.1/../../../../arm-none-eabi/lib/thumb/v8-m.main+fp/hard\libc_nano.a(libc_a-puts.o) (__swbuf_r)
C:/ST/STM32CubeIDE_1.15.1/STM32CubeIDE/plugins/com.st.stm32cube.ide.mcu.externaltools.gnu-tools-for-stm32.12.3.rel1.win32_1.0.100.202403111256/tools/bin/../lib/gcc/arm-none-eabi/12.3.1/../../../../arm-none-eabi/lib/thumb/v8-m.main+fp/hard\libc_nano.a(libc_a-wsetup.o)
                              C:/ST/STM32CubeIDE_1.15.1/STM32CubeIDE/plugins/com.st.stm32cube.ide.mcu.externaltools.gnu-tools-for-stm32.12.3.rel1.win32_1.0.100.202403111256/tools/bin/../lib/gcc/arm-none-eabi/12.3.1/../../../../arm-none-eabi/lib/thumb/v8-m.main+fp/hard\libc_nano.a(libc_a-puts.o) (__swsetup_r)
C:/ST/STM32CubeIDE_1.15.1/STM32CubeIDE/plugins/com.st.stm32cube.ide.mcu.externaltools.gnu-tools-for-stm32.12.3.rel1.win32_1.0.100.202403111256/tools/bin/../lib/gcc/arm-none-eabi/12.3.1/../../../../arm-none-eabi/lib/thumb/v8-m.main+fp/hard\libc_nano.a(libc_a-memset.o)
                              C:/ST/STM32CubeIDE_1.15.1/STM32CubeIDE/plugins/com.st.stm32cube.ide.mcu.externaltools.gnu-tools-for-stm32.12.3.rel1.win32_1.0.100.202403111256/tools/bin/../lib/gcc/arm-none-eabi/12.3.1/../../../../arm-none-eabi/lib/thumb/v8-m.main+fp/hard/crt0.o (memset)
C:/ST/STM32CubeIDE_1.15.1/STM32CubeIDE/plugins/com.st.stm32cube.ide.mcu.externaltools.gnu-tools-for-stm32.12.3.rel1.win32_1.0.100.202403111256/tools/bin/../lib/gcc/arm-none-eabi/12.3.1/../../../../arm-none-eabi/lib/thumb/v8-m.main+fp/hard\libc_nano.a(libc_a-closer.o)
[...]
Memory Configuration

Name             Origin             Length             Attributes
RAM              0x20000000         0x000a0000         xrw
FLASH            0x08000000         0x00200000         xr
*default*        0x00000000         0xffffffff

Linker script and memory map

LOAD C:/ST/STM32CubeIDE_1.15.1/STM32CubeIDE/plugins/com.st.stm32cube.ide.mcu.externaltools.gnu-tools-for-stm32.12.3.rel1.win32_1.0.100.202403111256/tools/bin/../lib/gcc/arm-none-eabi/12.3.1/thumb/v8-m.main+fp/hard/crti.o
LOAD C:/ST/STM32CubeIDE_1.15.1/STM32CubeIDE/plugins/com.st.stm32cube.ide.mcu.externaltools.gnu-tools-for-stm32.12.3.rel1.win32_1.0.100.202403111256/tools/bin/../lib/gcc/arm-none-eabi/12.3.1/thumb/v8-m.main+fp/hard/crtbegin.o
LOAD C:/ST/STM32CubeIDE_1.15.1/STM32CubeIDE/plugins/com.st.stm32cube.ide.mcu.externaltools.gnu-tools-for-stm32.12.3.rel1.win32_1.0.100.202403111256/tools/bin/../lib/gcc/arm-none-eabi/12.3.1/../../../../arm-none-eabi/lib/thumb/v8-m.main+fp/hard/crt0.o
LOAD ./Core/Src/main.o
LOAD ./Core/Src/stm32h5xx_hal_msp.o
LOAD ./Core/Src/stm32h5xx_it.o
LOAD ./Core/Src/syscalls.o
LOAD ./Core/Src/sysmem.o
LOAD ./Core/Src/system_stm32h5xx.o
LOAD ./Core/Startup/startup_stm32h563zitx.o
LOAD ./Drivers/BSP/STM32H5xx_Nucleo/stm32h5xx_nucleo.o
LOAD ./Drivers/STM32H5xx_HAL_Driver/Src/stm32h5xx_hal.o
LOAD ./Drivers/STM32H5xx_HAL_Driver/Src/stm32h5xx_hal_cortex.o
LOAD ./Drivers/STM32H5xx_HAL_Driver/Src/stm32h5xx_hal_dma.o
LOAD ./Drivers/STM32H5xx_HAL_Driver/Src/stm32h5xx_hal_dma_ex.o
LOAD ./Drivers/STM32H5xx_HAL_Driver/Src/stm32h5xx_hal_exti.o
LOAD ./Drivers/STM32H5xx_HAL_Driver/Src/stm32h5xx_hal_flash.o
LOAD ./Drivers/STM32H5xx_HAL_Driver/Src/stm32h5xx_hal_flash_ex.o
LOAD ./Drivers/STM32H5xx_HAL_Driver/Src/stm32h5xx_hal_gpio.o
LOAD ./Drivers/STM32H5xx_HAL_Driver/Src/stm32h5xx_hal_i2c.o
LOAD ./Drivers/STM32H5xx_HAL_Driver/Src/stm32h5xx_hal_i2c_ex.o
LOAD ./Drivers/STM32H5xx_HAL_Driver/Src/stm32h5xx_hal_pwr.o
LOAD ./Drivers/STM32H5xx_HAL_Driver/Src/stm32h5xx_hal_pwr_ex.o
LOAD ./Drivers/STM32H5xx_HAL_Driver/Src/stm32h5xx_hal_rcc.o
LOAD ./Drivers/STM32H5xx_HAL_Driver/Src/stm32h5xx_hal_rcc_ex.o
LOAD ./Drivers/STM32H5xx_HAL_Driver/Src/stm32h5xx_hal_tim.o
LOAD ./Drivers/STM32H5xx_HAL_Driver/Src/stm32h5xx_hal_tim_ex.o
LOAD ./Drivers/STM32H5xx_HAL_Driver/Src/stm32h5xx_hal_uart.o
LOAD ./Drivers/STM32H5xx_HAL_Driver/Src/stm32h5xx_hal_uart_ex.o
LOAD ./Drivers/STM32H5xx_HAL_Driver/Src/stm32h5xx_hal_usart.o
LOAD ./Drivers/STM32H5xx_HAL_Driver/Src/stm32h5xx_hal_usart_ex.o
START GROUP
LOAD C:/ST/STM32CubeIDE_1.15.1/STM32CubeIDE/plugins/com.st.stm32cube.ide.mcu.externaltools.gnu-tools-for-stm32.12.3.rel1.win32_1.0.100.202403111256/tools/bin/../lib/gcc/arm-none-eabi/12.3.1/../../../../arm-none-eabi/lib/thumb/v8-m.main+fp/hard\libc_nano.a
LOAD C:/ST/STM32CubeIDE_1.15.1/STM32CubeIDE/plugins/com.st.stm32cube.ide.mcu.externaltools.gnu-tools-for-stm32.12.3.rel1.win32_1.0.100.202403111256/tools/bin/../lib/gcc/arm-none-eabi/12.3.1/../../../../arm-none-eabi/lib/thumb/v8-m.main+fp/hard\libm.a
END GROUP
START GROUP
LOAD C:/ST/STM32CubeIDE_1.15.1/STM32CubeIDE/plugins/com.st.stm32cube.ide.mcu.externaltools.gnu-tools-for-stm32.12.3.rel1.win32_1.0.100.202403111256/tools/bin/../lib/gcc/arm-none-eabi/12.3.1/thumb/v8-m.main+fp/hard\libgcc.a
LOAD C:/ST/STM32CubeIDE_1.15.1/STM32CubeIDE/plugins/com.st.stm32cube.ide.mcu.externaltools.gnu-tools-for-stm32.12.3.rel1.win32_1.0.100.202403111256/tools/bin/../lib/gcc/arm-none-eabi/12.3.1/../../../../arm-none-eabi/lib/thumb/v8-m.main+fp/hard\libc_nano.a
END GROUP
START GROUP
LOAD C:/ST/STM32CubeIDE_1.15.1/STM32CubeIDE/plugins/com.st.stm32cube.ide.mcu.externaltools.gnu-tools-for-stm32.12.3.rel1.win32_1.0.100.202403111256/tools/bin/../lib/gcc/arm-none-eabi/12.3.1/thumb/v8-m.main+fp/hard\libgcc.a
LOAD C:/ST/STM32CubeIDE_1.15.1/STM32CubeIDE/plugins/com.st.stm32cube.ide.mcu.externaltools.gnu-tools-for-stm32.12.3.rel1.win32_1.0.100.202403111256/tools/bin/../lib/gcc/arm-none-eabi/12.3.1/../../../../arm-none-eabi/lib/thumb/v8-m.main+fp/hard\libc_nano.a
LOAD C:/ST/STM32CubeIDE_1.15.1/STM32CubeIDE/plugins/com.st.stm32cube.ide.mcu.externaltools.gnu-tools-for-stm32.12.3.rel1.win32_1.0.100.202403111256/tools/bin/../lib/gcc/arm-none-eabi/12.3.1/../../../../arm-none-eabi/lib/thumb/v8-m.main+fp/hard\libnosys.a
END GROUP
START GROUP
LOAD C:/ST/STM32CubeIDE_1.15.1/STM32CubeIDE/plugins/com.st.stm32cube.ide.mcu.externaltools.gnu-tools-for-stm32.12.3.rel1.win32_1.0.100.202403111256/tools/bin/../lib/gcc/arm-none-eabi/12.3.1/thumb/v8-m.main+fp/hard\libgcc.a
LOAD C:/ST/STM32CubeIDE_1.15.1/STM32CubeIDE/plugins/com.st.stm32cube.ide.mcu.externaltools.gnu-tools-for-stm32.12.3.rel1.win32_1.0.100.202403111256/tools/bin/../lib/gcc/arm-none-eabi/12.3.1/../../../../arm-none-eabi/lib/thumb/v8-m.main+fp/hard\libc_nano.a
LOAD C:/ST/STM32CubeIDE_1.15.1/STM32CubeIDE/plugins/com.st.stm32cube.ide.mcu.externaltools.gnu-tools-for-stm32.12.3.rel1.win32_1.0.100.202403111256/tools/bin/../lib/gcc/arm-none-eabi/12.3.1/../../../../arm-none-eabi/lib/thumb/v8-m.main+fp/hard\libnosys.a
END GROUP
LOAD C:/ST/STM32CubeIDE_1.15.1/STM32CubeIDE/plugins/com.st.stm32cube.ide.mcu.externaltools.gnu-tools-for-stm32.12.3.rel1.win32_1.0.100.202403111256/tools/bin/../lib/gcc/arm-none-eabi/12.3.1/thumb/v8-m.main+fp/hard/crtend.o
LOAD C:/ST/STM32CubeIDE_1.15.1/STM32CubeIDE/plugins/com.st.stm32cube.ide.mcu.externaltools.gnu-tools-for-stm32.12.3.rel1.win32_1.0.100.202403111256/tools/bin/../lib/gcc/arm-none-eabi/12.3.1/thumb/v8-m.main+fp/hard/crtn.o
                0x200a0000                        _estack = (ORIGIN (RAM) + LENGTH (RAM))
                0x00000200                        _Min_Heap_Size = 0x200
                0x00000400                        _Min_Stack_Size = 0x400

.isr_vector     0x08000000      0x24c
                0x08000000                        . = ALIGN (0x4)
 *(.isr_vector)
 .isr_vector    0x08000000      0x24c ./Core/Startup/startup_stm32h563zitx.o
                0x08000000                g_pfnVectors
                0x0800024c                        . = ALIGN (0x4)

.text           0x0800024c     0xad70
                0x0800024c                        . = ALIGN (0x4)
 *(.text)
 .text          0x0800024c       0x40 C:/ST/STM32CubeIDE_1.15.1/STM32CubeIDE/plugins/com.st.stm32cube.ide.mcu.externaltools.gnu-tools-for-stm32.12.3.rel1.win32_1.0.100.202403111256/tools/bin/../lib/gcc/arm-none-eabi/12.3.1/thumb/v8-m.main+fp/hard/crtbegin.o
 .text          0x0800028c       0x30 C:/ST/STM32CubeIDE_1.15.1/STM32CubeIDE/plugins/com.st.stm32cube.ide.mcu.externaltools.gnu-tools-for-stm32.12.3.rel1.win32_1.0.100.202403111256/tools/bin/../lib/gcc/arm-none-eabi/12.3.1/thumb/v8-m.main+fp/hard\libgcc.a(_aeabi_uldivmod.o)
                0x0800028c                __aeabi_uldivmod
 .text          0x080002bc      0x2e4 C:/ST/STM32CubeIDE_1.15.1/STM32CubeIDE/plugins/com.st.stm32cube.ide.mcu.externaltools.gnu-tools-for-stm32.12.3.rel1.win32_1.0.100.202403111256/tools/bin/../lib/gcc/arm-none-eabi/12.3.1/thumb/v8-m.main+fp/hard\libgcc.a(_udivmoddi4.o)
                0x080002bc                __udivmoddi4
 .text          0x080005a0        0x4 C:/ST/STM32CubeIDE_1.15.1/STM32CubeIDE/plugins/com.st.stm32cube.ide.mcu.externaltools.gnu-tools-for-stm32.12.3.rel1.win32_1.0.100.202403111256/tools/bin/../lib/gcc/arm-none-eabi/12.3.1/thumb/v8-m.main+fp/hard\libgcc.a(_dvmd_tls.o)
                0x080005a0                __aeabi_idiv0
                0x080005a0                __aeabi_ldiv0
 *(.text*)
 .text.main     0x080005a4      0x2d8 ./Core/Src/main.o
                0x080005a4                main
 .text.SystemClock_Config
                0x0800087c       0xcc ./Core/Src/main.o
                0x0800087c                SystemClock_Config
 .text.MX_I2C2_Init
                0x08000948       0x80 ./Core/Src/main.o
 .text.MX_TIM3_Init
                0x080009c8       0xa0 ./Core/Src/main.o
 .text.MX_GPIO_Init
                0x08000a68      0x218 ./Core/Src/main.o
 .text.HAL_TIM_PeriodElapsedCallback
                0x08000c80       0xac ./Core/Src/main.o
                0x08000c80                HAL_TIM_PeriodElapsedCallback
 .text.Error_Handler
                0x08000d2c        0xc ./Core/Src/main.o
                0x08000d2c                Error_Handler
 .text.HAL_MspInit
                0x08000d38        0xe ./Core/Src/stm32h5xx_hal_msp.o
                0x08000d38                HAL_MspInit
 *fill*         0x08000d46        0x2 
 .text.HAL_I2C_MspInit
                0x08000d48      0x11c ./Core/Src/stm32h5xx_hal_msp.o
                0x08000d48                HAL_I2C_MspInit
 .text.HAL_TIM_Base_MspInit
                0x08000e64       0x50 ./Core/Src/stm32h5xx_hal_msp.o
                0x08000e64                HAL_TIM_Base_MspInit
 .text.NMI_Handler
                0x08000eb4        0x8 ./Core/Src/stm32h5xx_it.o
                0x08000eb4                NMI_Handler
 .text.HardFault_Handler
                0x08000ebc        0x8 ./Core/Src/stm32h5xx_it.o
                0x08000ebc                HardFault_Handler
 .text.MemManage_Handler
                0x08000ec4        0x8 ./Core/Src/stm32h5xx_it.o
                0x08000ec4                MemManage_Handler
 .text.BusFault_Handler
                0x08000ecc        0x8 ./Core/Src/stm32h5xx_it.o
                0x08000ecc                BusFault_Handler
 .text.UsageFault_Handler
                0x08000ed4        0x8 ./Core/Src/stm32h5xx_it.o
                0x08000ed4                UsageFault_Handler
 .text.SVC_Handler
                0x08000edc        0xe ./Core/Src/stm32h5xx_it.o
                0x08000edc                SVC_Handler
 .text.DebugMon_Handler
                0x08000eea        0xe ./Core/Src/stm32h5xx_it.o
                0x08000eea                DebugMon_Handler
 .text.PendSV_Handler
                0x08000ef8        0xe ./Core/Src/stm32h5xx_it.o
                0x08000ef8                PendSV_Handler
 .text.SysTick_Handler
                0x08000f06        0xc ./Core/Src/stm32h5xx_it.o
                0x08000f06                SysTick_Handler
 .text.EXTI13_IRQHandler
                0x08000f12        0xe ./Core/Src/stm32h5xx_it.o
                0x08000f12                EXTI13_IRQHandler
 .text.TIM3_IRQHandler
                0x08000f20       0x14 ./Core/Src/stm32h5xx_it.o
                0x08000f20                TIM3_IRQHandler
 .text._read    0x08000f34       0x3a ./Core/Src/syscalls.o
                0x08000f34                _read
 .text._write   0x08000f6e       0x38 ./Core/Src/syscalls.o
                0x08000f6e                _write
 .text._close   0x08000fa6       0x18 ./Core/Src/syscalls.o
                0x08000fa6                _close
 .text._fstat   0x08000fbe       0x20 ./Core/Src/syscalls.o
                0x08000fbe                _fstat
 .text._isatty  0x08000fde       0x16 ./Core/Src/syscalls.o
                0x08000fde                _isatty
 .text._lseek   0x08000ff4       0x1a ./Core/Src/syscalls.o
                0x08000ff4                _lseek
 *fill*         0x0800100e        0x2 
 .text._sbrk    0x08001010       0x6c ./Core/Src/sysmem.o
                0x08001010                _sbrk
 .text.SystemInit
                0x0800107c       0xf8 ./Core/Src/system_stm32h5xx.o
                0x0800107c                SystemInit
 .text.Reset_Handler
                0x08001174       0x50 ./Core/Startup/startup_stm32h563zitx.o
                0x08001174                Reset_Handler
 .text.Default_Handler
                0x080011c4        0x2 ./Core/Startup/startup_stm32h563zitx.o
                0x080011c4                EXTI2_IRQHandler
                0x080011c4                TIM8_TRG_COM_IRQHandler
                0x080011c4                TIM8_CC_IRQHandler
                0x080011c4                EXTI5_IRQHandler
                0x080011c4                I3C1_ER_IRQHandler
                0x080011c4                UART8_IRQHandler
                0x080011c4                SPI4_IRQHandler
                0x080011c4                GPDMA2_Channel1_IRQHandler
                0x080011c4                FLASH_S_IRQHandler
                0x080011c4                TIM1_CC_IRQHandler
                0x080011c4                GPDMA2_Channel3_IRQHandler
                0x080011c4                TAMP_IRQHandler
                0x080011c4                TIM6_IRQHandler
                0x080011c4                EXTI12_IRQHandler
                0x080011c4                CORDIC_IRQHandler
                0x080011c4                USB_DRD_FS_IRQHandler
                0x080011c4                EXTI3_IRQHandler
                0x080011c4                LPTIM4_IRQHandler
                0x080011c4                GPDMA1_Channel5_IRQHandler
                0x080011c4                EXTI8_IRQHandler
                0x080011c4                GPDMA2_Channel5_IRQHandler
                0x080011c4                LPTIM2_IRQHandler
                0x080011c4                I2C3_ER_IRQHandler
                0x080011c4                GPDMA2_Channel2_IRQHandler
                0x080011c4                USART10_IRQHandler
                0x080011c4                LPTIM3_IRQHandler
                0x080011c4                EXTI0_IRQHandler
                0x080011c4                I2C2_EV_IRQHandler
                0x080011c4                FPU_IRQHandler
                0x080011c4                GPDMA1_Channel3_IRQHandler
                0x080011c4                GPDMA1_Channel7_IRQHandler
                0x080011c4                FDCAN1_IT1_IRQHandler
                0x080011c4                RAMCFG_IRQHandler
                0x080011c4                DCACHE1_IRQHandler
                0x080011c4                SPI1_IRQHandler
                0x080011c4                OCTOSPI1_IRQHandler
                0x080011c4                GPDMA1_Channel2_IRQHandler
                0x080011c4                TIM8_UP_IRQHandler
                0x080011c4                RCC_S_IRQHandler
                0x080011c4                SAI2_IRQHandler
                0x080011c4                ADC1_IRQHandler
                0x080011c4                USART6_IRQHandler
                0x080011c4                EXTI15_IRQHandler
                0x080011c4                TIM17_IRQHandler
                0x080011c4                USART3_IRQHandler
                0x080011c4                RTC_IRQHandler
                0x080011c4                EXTI9_IRQHandler
                0x080011c4                LPTIM5_IRQHandler
                0x080011c4                UART5_IRQHandler
                0x080011c4                TIM4_IRQHandler
                0x080011c4                I2C1_EV_IRQHandler
                0x080011c4                GPDMA1_Channel1_IRQHandler
                0x080011c4                TIM16_IRQHandler
                0x080011c4                UART4_IRQHandler
                0x080011c4                SecureFault_Handler
                0x080011c4                RCC_IRQHandler
                0x080011c4                UART9_IRQHandler
                0x080011c4                TIM1_TRG_COM_IRQHandler
                0x080011c4                Default_Handler
                0x080011c4                FMAC_IRQHandler
                0x080011c4                CEC_IRQHandler
                0x080011c4                USART11_IRQHandler
                0x080011c4                TIM14_IRQHandler
                0x080011c4                TIM13_IRQHandler
                0x080011c4                GPDMA2_Channel4_IRQHandler
                0x080011c4                SPI5_IRQHandler
                0x080011c4                TIM12_IRQHandler
                0x080011c4                TIM7_IRQHandler
                0x080011c4                SDMMC1_IRQHandler
                0x080011c4                TIM5_IRQHandler
                0x080011c4                UCPD1_IRQHandler
                0x080011c4                GPDMA1_Channel0_IRQHandler
                0x080011c4                I3C1_EV_IRQHandler
                0x080011c4                TIM15_IRQHandler
                0x080011c4                PVD_AVD_IRQHandler
                0x080011c4                I2C3_EV_IRQHandler
                0x080011c4                ETH_WKUP_IRQHandler
                0x080011c4                ADC2_IRQHandler
                0x080011c4                SPI2_IRQHandler
                0x080011c4                EXTI14_IRQHandler
                0x080011c4                EXTI11_IRQHandler
                0x080011c4                CRS_IRQHandler
                0x080011c4                EXTI4_IRQHandler
                0x080011c4                GPDMA2_Channel0_IRQHandler
                0x080011c4                RTC_S_IRQHandler
                0x080011c4                RNG_IRQHandler
                0x080011c4                FDCAN2_IT1_IRQHandler
                0x080011c4                ETH_IRQHandler
                0x080011c4                GPDMA2_Channel6_IRQHandler
                0x080011c4                TIM1_UP_IRQHandler
                0x080011c4                UART12_IRQHandler
                0x080011c4                WWDG_IRQHandler
                0x080011c4                SPI6_IRQHandler
                0x080011c4                I2C4_EV_IRQHandler
                0x080011c4                FDCAN2_IT0_IRQHandler
                0x080011c4                IWDG_IRQHandler
                0x080011c4                LPUART1_IRQHandler
                0x080011c4                FDCAN1_IT0_IRQHandler
                0x080011c4                TIM2_IRQHandler
                0x080011c4                GPDMA1_Channel4_IRQHandler
                0x080011c4                EXTI7_IRQHandler
                0x080011c4                TIM1_BRK_IRQHandler
                0x080011c4                EXTI1_IRQHandler
                0x080011c4                SDMMC2_IRQHandler
                0x080011c4                LPTIM6_IRQHandler
                0x080011c4                DAC1_IRQHandler
                0x080011c4                DTS_IRQHandler
                0x080011c4                UART7_IRQHandler
                0x080011c4                GTZC_IRQHandler
                0x080011c4                USART2_IRQHandler
                0x080011c4                GPDMA1_Channel6_IRQHandler
                0x080011c4                GPDMA2_Channel7_IRQHandler
                0x080011c4                I2C2_ER_IRQHandler
                0x080011c4                TIM8_BRK_IRQHandler
                0x080011c4                FLASH_IRQHandler
                0x080011c4                USART1_IRQHandler
                0x080011c4                EXTI10_IRQHandler
                0x080011c4                SPI3_IRQHandler
                0x080011c4                I2C1_ER_IRQHandler
                0x080011c4                FMC_IRQHandler
                0x080011c4                EXTI6_IRQHandler
                0x080011c4                LPTIM1_IRQHandler
                0x080011c4                DCMI_PSSI_IRQHandler
                0x080011c4                I2C4_ER_IRQHandler
                0x080011c4                ICACHE_IRQHandler
                0x080011c4                SAI1_IRQHandler
                0x080011c4                HASH_IRQHandler
 *fill*         0x080011c6        0x2 
 .text.BSP_LED_Init
                0x080011c8       0xec ./Drivers/BSP/STM32H5xx_Nucleo/stm32h5xx_nucleo.o
                0x080011c8                BSP_LED_Init
 .text.BSP_PB_Init
                0x080012b4       0xf0 ./Drivers/BSP/STM32H5xx_Nucleo/stm32h5xx_nucleo.o
                0x080012b4                BSP_PB_Init
 .text.BSP_PB_IRQHandler
                0x080013a4       0x2c ./Drivers/BSP/STM32H5xx_Nucleo/stm32h5xx_nucleo.o
                0x080013a4                BSP_PB_IRQHandler
 .text.BSP_PB_Callback
                0x080013d0       0x16 ./Drivers/BSP/STM32H5xx_Nucleo/stm32h5xx_nucleo.o
                0x080013d0                BSP_PB_Callback
 *fill*         0x080013e6        0x2 
 .text.BSP_COM_Init
                0x080013e8       0x60 ./Drivers/BSP/STM32H5xx_Nucleo/stm32h5xx_nucleo.o
                0x080013e8                BSP_COM_Init
 .text.MX_USART_Init
                0x08001448       0x68 ./Drivers/BSP/STM32H5xx_Nucleo/stm32h5xx_nucleo.o
                0x08001448                MX_USART_Init
 .text.__io_putchar
                0x080014b0       0x38 ./Drivers/BSP/STM32H5xx_Nucleo/stm32h5xx_nucleo.o
                0x080014b0                __io_putchar
 .text.BUTTON_USER_EXTI_Callback
                0x080014e8        0xe ./Drivers/BSP/STM32H5xx_Nucleo/stm32h5xx_nucleo.o
 *fill*         0x080014f6        0x2 
 .text.COM1_MspInit
                0x080014f8       0xb0 ./Drivers/BSP/STM32H5xx_Nucleo/stm32h5xx_nucleo.o
 .text.HAL_Init
                0x080015a8       0x50 ./Drivers/STM32H5xx_HAL_Driver/Src/stm32h5xx_hal.o
                0x080015a8                HAL_Init
 .text.HAL_InitTick
                0x080015f8       0xec ./Drivers/STM32H5xx_HAL_Driver/Src/stm32h5xx_hal.o
                0x080015f8                HAL_InitTick
 .text.HAL_IncTick
                0x080016e4       0x28 ./Drivers/STM32H5xx_HAL_Driver/Src/stm32h5xx_hal.o
                0x080016e4                HAL_IncTick
 .text.HAL_GetTick
                0x0800170c       0x18 ./Drivers/STM32H5xx_HAL_Driver/Src/stm32h5xx_hal.o
                0x0800170c                HAL_GetTick
 .text.HAL_Delay
                0x08001724       0x48 ./Drivers/STM32H5xx_HAL_Driver/Src/stm32h5xx_hal.o
                0x08001724                HAL_Delay
 .text.__NVIC_SetPriorityGrouping
                0x0800176c       0x48 ./Drivers/STM32H5xx_HAL_Driver/Src/stm32h5xx_hal_cortex.o
 .text.__NVIC_GetPriorityGrouping
                0x080017b4       0x1c ./Drivers/STM32H5xx_HAL_Driver/Src/stm32h5xx_hal_cortex.o
 .text.__NVIC_EnableIRQ
                0x080017d0       0x3c ./Drivers/STM32H5xx_HAL_Driver/Src/stm32h5xx_hal_cortex.o
 .text.__NVIC_SetPriority
                0x0800180c       0x54 ./Drivers/STM32H5xx_HAL_Driver/Src/stm32h5xx_hal_cortex.o
 .text.NVIC_EncodePriority
                0x08001860       0x66 ./Drivers/STM32H5xx_HAL_Driver/Src/stm32h5xx_hal_cortex.o
 .text.HAL_NVIC_SetPriorityGrouping
                0x080018c6       0x16 ./Drivers/STM32H5xx_HAL_Driver/Src/stm32h5xx_hal_cortex.o
                0x080018c6                HAL_NVIC_SetPriorityGrouping
 .text.HAL_NVIC_SetPriority
                0x080018dc       0x34 ./Drivers/STM32H5xx_HAL_Driver/Src/stm32h5xx_hal_cortex.o
                0x080018dc                HAL_NVIC_SetPriority
 .text.HAL_NVIC_EnableIRQ
                0x08001910       0x1c ./Drivers/STM32H5xx_HAL_Driver/Src/stm32h5xx_hal_cortex.o
                0x08001910                HAL_NVIC_EnableIRQ
 .text.HAL_SYSTICK_Config
                0x0800192c       0x44 ./Drivers/STM32H5xx_HAL_Driver/Src/stm32h5xx_hal_cortex.o
                0x0800192c                HAL_SYSTICK_Config
 .text.HAL_SYSTICK_CLKSourceConfig
                0x08001970       0xb0 ./Drivers/STM32H5xx_HAL_Driver/Src/stm32h5xx_hal_cortex.o
                0x08001970                HAL_SYSTICK_CLKSourceConfig
 .text.HAL_SYSTICK_GetCLKSourceConfig
                0x08001a20       0x6c ./Drivers/STM32H5xx_HAL_Driver/Src/stm32h5xx_hal_cortex.o
                0x08001a20                HAL_SYSTICK_GetCLKSourceConfig
 .text.HAL_EXTI_RegisterCallback
                0x08001a8c       0x58 ./Drivers/STM32H5xx_HAL_Driver/Src/stm32h5xx_hal_exti.o
                0x08001a8c                HAL_EXTI_RegisterCallback
 .text.HAL_EXTI_GetHandle
                0x08001ae4       0x28 ./Drivers/STM32H5xx_HAL_Driver/Src/stm32h5xx_hal_exti.o
                0x08001ae4                HAL_EXTI_GetHandle
 .text.HAL_EXTI_IRQHandler
                0x08001b0c       0x90 ./Drivers/STM32H5xx_HAL_Driver/Src/stm32h5xx_hal_exti.o
                0x08001b0c                HAL_EXTI_IRQHandler
 .text.HAL_GPIO_Init
                0x08001b9c      0x2a4 ./Drivers/STM32H5xx_HAL_Driver/Src/stm32h5xx_hal_gpio.o
                0x08001b9c                HAL_GPIO_Init
 .text.HAL_GPIO_WritePin
                0x08001e40       0x30 ./Drivers/STM32H5xx_HAL_Driver/Src/stm32h5xx_hal_gpio.o
                0x08001e40                HAL_GPIO_WritePin
 .text.HAL_I2C_Init
                0x08001e70      0x136 ./Drivers/STM32H5xx_HAL_Driver/Src/stm32h5xx_hal_i2c.o
                0x08001e70                HAL_I2C_Init
 *fill*         0x08001fa6        0x2 
 .text.HAL_I2C_Master_Transmit
                0x08001fa8      0x1e8 ./Drivers/STM32H5xx_HAL_Driver/Src/stm32h5xx_hal_i2c.o
                0x08001fa8                HAL_I2C_Master_Transmit
 .text.HAL_I2C_Mem_Read
                0x08002190      0x234 ./Drivers/STM32H5xx_HAL_Driver/Src/stm32h5xx_hal_i2c.o
                0x08002190                HAL_I2C_Mem_Read
 .text.I2C_RequestMemoryRead
                0x080023c4       0xa8 ./Drivers/STM32H5xx_HAL_Driver/Src/stm32h5xx_hal_i2c.o
 .text.I2C_Flush_TXDR
                0x0800246c       0x48 ./Drivers/STM32H5xx_HAL_Driver/Src/stm32h5xx_hal_i2c.o
 .text.I2C_WaitOnFlagUntilTimeout
                0x080024b4       0xb2 ./Drivers/STM32H5xx_HAL_Driver/Src/stm32h5xx_hal_i2c.o
 .text.I2C_WaitOnTXISFlagUntilTimeout
                0x08002566       0x8e ./Drivers/STM32H5xx_HAL_Driver/Src/stm32h5xx_hal_i2c.o
 .text.I2C_WaitOnSTOPFlagUntilTimeout
                0x080025f4       0x86 ./Drivers/STM32H5xx_HAL_Driver/Src/stm32h5xx_hal_i2c.o
 *fill*         0x0800267a        0x2 
 .text.I2C_IsErrorOccurred
                0x0800267c      0x1c0 ./Drivers/STM32H5xx_HAL_Driver/Src/stm32h5xx_hal_i2c.o
 .text.I2C_TransferConfig
                0x0800283c       0x64 ./Drivers/STM32H5xx_HAL_Driver/Src/stm32h5xx_hal_i2c.o
 .text.HAL_I2CEx_ConfigAnalogFilter
                0x080028a0       0x96 ./Drivers/STM32H5xx_HAL_Driver/Src/stm32h5xx_hal_i2c_ex.o
                0x080028a0                HAL_I2CEx_ConfigAnalogFilter
 .text.HAL_I2CEx_ConfigDigitalFilter
                0x08002936       0x98 ./Drivers/STM32H5xx_HAL_Driver/Src/stm32h5xx_hal_i2c_ex.o
                0x08002936                HAL_I2CEx_ConfigDigitalFilter
 *fill*         0x080029ce        0x2 
 .text.HAL_RCC_OscConfig
                0x080029d0      0x870 ./Drivers/STM32H5xx_HAL_Driver/Src/stm32h5xx_hal_rcc.o
                0x080029d0                HAL_RCC_OscConfig
 .text.HAL_RCC_ClockConfig
                0x08003240      0x370 ./Drivers/STM32H5xx_HAL_Driver/Src/stm32h5xx_hal_rcc.o
                0x08003240                HAL_RCC_ClockConfig
 .text.HAL_RCC_GetSysClockFreq
                0x080035b0      0x258 ./Drivers/STM32H5xx_HAL_Driver/Src/stm32h5xx_hal_rcc.o
                0x080035b0                HAL_RCC_GetSysClockFreq
 .text.HAL_RCC_GetHCLKFreq
                0x08003808       0x38 ./Drivers/STM32H5xx_HAL_Driver/Src/stm32h5xx_hal_rcc.o
                0x08003808                HAL_RCC_GetHCLKFreq
 .text.HAL_RCC_GetPCLK1Freq
                0x08003840       0x2c ./Drivers/STM32H5xx_HAL_Driver/Src/stm32h5xx_hal_rcc.o
                0x08003840                HAL_RCC_GetPCLK1Freq
 .text.HAL_RCC_GetPCLK2Freq
                0x0800386c       0x2c ./Drivers/STM32H5xx_HAL_Driver/Src/stm32h5xx_hal_rcc.o
                0x0800386c                HAL_RCC_GetPCLK2Freq
 .text.HAL_RCC_GetPCLK3Freq
                0x08003898       0x2c ./Drivers/STM32H5xx_HAL_Driver/Src/stm32h5xx_hal_rcc.o
                0x08003898                HAL_RCC_GetPCLK3Freq
 .text.HAL_RCCEx_PeriphCLKConfig
                0x080038c4     0x1f14 ./Drivers/STM32H5xx_HAL_Driver/Src/stm32h5xx_hal_rcc_ex.o
                0x080038c4                HAL_RCCEx_PeriphCLKConfig
 .text.HAL_RCCEx_GetPLL1ClockFreq
                0x080057d8      0x2d4 ./Drivers/STM32H5xx_HAL_Driver/Src/stm32h5xx_hal_rcc_ex.o
                0x080057d8                HAL_RCCEx_GetPLL1ClockFreq
 .text.HAL_RCCEx_GetPLL2ClockFreq
                0x08005aac      0x2d4 ./Drivers/STM32H5xx_HAL_Driver/Src/stm32h5xx_hal_rcc_ex.o
                0x08005aac                HAL_RCCEx_GetPLL2ClockFreq
 .text.HAL_RCCEx_GetPLL3ClockFreq
                0x08005d80      0x2d4 ./Drivers/STM32H5xx_HAL_Driver/Src/stm32h5xx_hal_rcc_ex.o
                0x08005d80                HAL_RCCEx_GetPLL3ClockFreq
 .text.HAL_RCCEx_GetPeriphCLKFreq
                0x08006054     0x26b4 ./Drivers/STM32H5xx_HAL_Driver/Src/stm32h5xx_hal_rcc_ex.o
                0x08006054                HAL_RCCEx_GetPeriphCLKFreq
 .text.RCCEx_PLL2_Config
                0x08008708      0x130 ./Drivers/STM32H5xx_HAL_Driver/Src/stm32h5xx_hal_rcc_ex.o
 .text.RCCEx_PLL3_Config
                0x08008838      0x130 ./Drivers/STM32H5xx_HAL_Driver/Src/stm32h5xx_hal_rcc_ex.o
 .text.HAL_TIM_Base_Init
                0x08008968       0xae ./Drivers/STM32H5xx_HAL_Driver/Src/stm32h5xx_hal_tim.o
                0x08008968                HAL_TIM_Base_Init
 *fill*         0x08008a16        0x2 
 .text.HAL_TIM_Base_Start_IT
                0x08008a18      0x15c ./Drivers/STM32H5xx_HAL_Driver/Src/stm32h5xx_hal_tim.o
                0x08008a18                HAL_TIM_Base_Start_IT
 .text.HAL_TIM_IRQHandler
                0x08008b74      0x29e ./Drivers/STM32H5xx_HAL_Driver/Src/stm32h5xx_hal_tim.o
                0x08008b74                HAL_TIM_IRQHandler
 *fill*         0x08008e12        0x2 
 .text.HAL_TIM_ConfigClockSource
                0x08008e14      0x23c ./Drivers/STM32H5xx_HAL_Driver/Src/stm32h5xx_hal_tim.o
                0x08008e14                HAL_TIM_ConfigClockSource
 .text.HAL_TIM_OC_DelayElapsedCallback
                0x08009050       0x14 ./Drivers/STM32H5xx_HAL_Driver/Src/stm32h5xx_hal_tim.o
                0x08009050                HAL_TIM_OC_DelayElapsedCallback
 .text.HAL_TIM_IC_CaptureCallback
                0x08009064       0x14 ./Drivers/STM32H5xx_HAL_Driver/Src/stm32h5xx_hal_tim.o
                0x08009064                HAL_TIM_IC_CaptureCallback
 .text.HAL_TIM_PWM_PulseFinishedCallback
                0x08009078       0x14 ./Drivers/STM32H5xx_HAL_Driver/Src/stm32h5xx_hal_tim.o
                0x08009078                HAL_TIM_PWM_PulseFinishedCallback
 .text.HAL_TIM_TriggerCallback
                0x0800908c       0x14 ./Drivers/STM32H5xx_HAL_Driver/Src/stm32h5xx_hal_tim.o
                0x0800908c                HAL_TIM_TriggerCallback
 .text.TIM_Base_SetConfig
                0x080090a0      0x254 ./Drivers/STM32H5xx_HAL_Driver/Src/stm32h5xx_hal_tim.o
                0x080090a0                TIM_Base_SetConfig
 .text.TIM_TI1_ConfigInputStage
                0x080092f4       0x5e ./Drivers/STM32H5xx_HAL_Driver/Src/stm32h5xx_hal_tim.o
 .text.TIM_TI2_ConfigInputStage
                0x08009352       0x60 ./Drivers/STM32H5xx_HAL_Driver/Src/stm32h5xx_hal_tim.o
 .text.TIM_ITRx_SetConfig
                0x080093b2       0x3a ./Drivers/STM32H5xx_HAL_Driver/Src/stm32h5xx_hal_tim.o
 .text.TIM_ETR_SetConfig
                0x080093ec       0x40 ./Drivers/STM32H5xx_HAL_Driver/Src/stm32h5xx_hal_tim.o
                0x080093ec                TIM_ETR_SetConfig
 .text.HAL_TIMEx_MasterConfigSynchronization
                0x0800942c      0x1a0 ./Drivers/STM32H5xx_HAL_Driver/Src/stm32h5xx_hal_tim_ex.o
                0x0800942c                HAL_TIMEx_MasterConfigSynchronization
 .text.HAL_TIMEx_CommutCallback
                0x080095cc       0x14 ./Drivers/STM32H5xx_HAL_Driver/Src/stm32h5xx_hal_tim_ex.o
                0x080095cc                HAL_TIMEx_CommutCallback
 .text.HAL_TIMEx_BreakCallback
                0x080095e0       0x14 ./Drivers/STM32H5xx_HAL_Driver/Src/stm32h5xx_hal_tim_ex.o
                0x080095e0                HAL_TIMEx_BreakCallback
 .text.HAL_TIMEx_Break2Callback
                0x080095f4       0x14 ./Drivers/STM32H5xx_HAL_Driver/Src/stm32h5xx_hal_tim_ex.o
                0x080095f4                HAL_TIMEx_Break2Callback
 .text.HAL_TIMEx_EncoderIndexCallback
                0x08009608       0x14 ./Drivers/STM32H5xx_HAL_Driver/Src/stm32h5xx_hal_tim_ex.o
                0x08009608                HAL_TIMEx_EncoderIndexCallback
 .text.HAL_TIMEx_DirectionChangeCallback
                0x0800961c       0x14 ./Drivers/STM32H5xx_HAL_Driver/Src/stm32h5xx_hal_tim_ex.o
                0x0800961c                HAL_TIMEx_DirectionChangeCallback
 .text.HAL_TIMEx_IndexErrorCallback
                0x08009630       0x14 ./Drivers/STM32H5xx_HAL_Driver/Src/stm32h5xx_hal_tim_ex.o
                0x08009630                HAL_TIMEx_IndexErrorCallback
 .text.HAL_TIMEx_TransitionErrorCallback
                0x08009644       0x14 ./Drivers/STM32H5xx_HAL_Driver/Src/stm32h5xx_hal_tim_ex.o
                0x08009644                HAL_TIMEx_TransitionErrorCallback
 .text.HAL_UART_Init
                0x08009658       0xa0 ./Drivers/STM32H5xx_HAL_Driver/Src/stm32h5xx_hal_uart.o
                0x08009658                HAL_UART_Init
 .text.HAL_UART_MspInit
                0x080096f8       0x14 ./Drivers/STM32H5xx_HAL_Driver/Src/stm32h5xx_hal_uart.o
                0x080096f8                HAL_UART_MspInit
 .text.HAL_UART_Transmit
                0x0800970c      0x13c ./Drivers/STM32H5xx_HAL_Driver/Src/stm32h5xx_hal_uart.o
                0x0800970c                HAL_UART_Transmit
 .text.UART_SetConfig
                0x08009848      0x3dc ./Drivers/STM32H5xx_HAL_Driver/Src/stm32h5xx_hal_uart.o
                0x08009848                UART_SetConfig
 .text.UART_AdvFeatureConfig
                0x08009c24      0x144 ./Drivers/STM32H5xx_HAL_Driver/Src/stm32h5xx_hal_uart.o
                0x08009c24                UART_AdvFeatureConfig
 .text.UART_CheckIdleState
                0x08009d68      0x154 ./Drivers/STM32H5xx_HAL_Driver/Src/stm32h5xx_hal_uart.o
                0x08009d68                UART_CheckIdleState
 .text.UART_WaitOnFlagUntilTimeout
                0x08009ebc       0xda ./Drivers/STM32H5xx_HAL_Driver/Src/stm32h5xx_hal_uart.o
                0x08009ebc                UART_WaitOnFlagUntilTimeout
 .text.UART_EndRxTransfer
                0x08009f96       0xcc ./Drivers/STM32H5xx_HAL_Driver/Src/stm32h5xx_hal_uart.o
 *fill*         0x0800a062        0x2 
 .text.std      0x0800a064       0x6c C:/ST/STM32CubeIDE_1.15.1/STM32CubeIDE/plugins/com.st.stm32cube.ide.mcu.externaltools.gnu-tools-for-stm32.12.3.rel1.win32_1.0.100.202403111256/tools/bin/../lib/gcc/arm-none-eabi/12.3.1/../../../../arm-none-eabi/lib/thumb/v8-m.main+fp/hard\libc_nano.a(libc_a-findfp.o)
 .text.stdio_exit_handler
                0x0800a0d0       0x18 C:/ST/STM32CubeIDE_1.15.1/STM32CubeIDE/plugins/com.st.stm32cube.ide.mcu.externaltools.gnu-tools-for-stm32.12.3.rel1.win32_1.0.100.202403111256/tools/bin/../lib/gcc/arm-none-eabi/12.3.1/../../../../arm-none-eabi/lib/thumb/v8-m.main+fp/hard\libc_nano.a(libc_a-findfp.o)
 .text.cleanup_stdio
                0x0800a0e8       0x40 C:/ST/STM32CubeIDE_1.15.1/STM32CubeIDE/plugins/com.st.stm32cube.ide.mcu.externaltools.gnu-tools-for-stm32.12.3.rel1.win32_1.0.100.202403111256/tools/bin/../lib/gcc/arm-none-eabi/12.3.1/../../../../arm-none-eabi/lib/thumb/v8-m.main+fp/hard\libc_nano.a(libc_a-findfp.o)
 .text.global_stdio_init.part.0
                0x0800a128       0x3c C:/ST/STM32CubeIDE_1.15.1/STM32CubeIDE/plugins/com.st.stm32cube.ide.mcu.externaltools.gnu-tools-for-stm32.12.3.rel1.win32_1.0.100.202403111256/tools/bin/../lib/gcc/arm-none-eabi/12.3.1/../../../../arm-none-eabi/lib/thumb/v8-m.main+fp/hard\libc_nano.a(libc_a-findfp.o)
 .text.__sfp_lock_acquire
                0x0800a164        0xc C:/ST/STM32CubeIDE_1.15.1/STM32CubeIDE/plugins/com.st.stm32cube.ide.mcu.externaltools.gnu-tools-for-stm32.12.3.rel1.win32_1.0.100.202403111256/tools/bin/../lib/gcc/arm-none-eabi/12.3.1/../../../../arm-none-eabi/lib/thumb/v8-m.main+fp/hard\libc_nano.a(libc_a-findfp.o)
                0x0800a164                __sfp_lock_acquire
 .text.__sfp_lock_release
                0x0800a170        0xc C:/ST/STM32CubeIDE_1.15.1/STM32CubeIDE/plugins/com.st.stm32cube.ide.mcu.externaltools.gnu-tools-for-stm32.12.3.rel1.win32_1.0.100.202403111256/tools/bin/../lib/gcc/arm-none-eabi/12.3.1/../../../../arm-none-eabi/lib/thumb/v8-m.main+fp/hard\libc_nano.a(libc_a-findfp.o)
                0x0800a170                __sfp_lock_release
 .text.__sinit  0x0800a17c       0x30 C:/ST/STM32CubeIDE_1.15.1/STM32CubeIDE/plugins/com.st.stm32cube.ide.mcu.externaltools.gnu-tools-for-stm32.12.3.rel1.win32_1.0.100.202403111256/tools/bin/../lib/gcc/arm-none-eabi/12.3.1/../../../../arm-none-eabi/lib/thumb/v8-m.main+fp/hard\libc_nano.a(libc_a-findfp.o)
                0x0800a17c                __sinit
 .text._fwalk_sglue
                0x0800a1ac       0x3c C:/ST/STM32CubeIDE_1.15.1/STM32CubeIDE/plugins/com.st.stm32cube.ide.mcu.externaltools.gnu-tools-for-stm32.12.3.rel1.win32_1.0.100.202403111256/tools/bin/../lib/gcc/arm-none-eabi/12.3.1/../../../../arm-none-eabi/lib/thumb/v8-m.main+fp/hard\libc_nano.a(libc_a-fwalk.o)
                0x0800a1ac                _fwalk_sglue
 .text.printf   0x0800a1e8       0x24 C:/ST/STM32CubeIDE_1.15.1/STM32CubeIDE/plugins/com.st.stm32cube.ide.mcu.externaltools.gnu-tools-for-stm32.12.3.rel1.win32_1.0.100.202403111256/tools/bin/../lib/gcc/arm-none-eabi/12.3.1/../../../../arm-none-eabi/lib/thumb/v8-m.main+fp/hard\libc_nano.a(libc_a-printf.o)
                0x0800a1e8                iprintf
                0x0800a1e8                printf
 .text._puts_r  0x0800a20c       0xaa C:/ST/STM32CubeIDE_1.15.1/STM32CubeIDE/plugins/com.st.stm32cube.ide.mcu.externaltools.gnu-tools-for-stm32.12.3.rel1.win32_1.0.100.202403111256/tools/bin/../lib/gcc/arm-none-eabi/12.3.1/../../../../arm-none-eabi/lib/thumb/v8-m.main+fp/hard\libc_nano.a(libc_a-puts.o)
                0x0800a20c                _puts_r
 *fill*         0x0800a2b6        0x2 
 .text.puts     0x0800a2b8       0x10 C:/ST/STM32CubeIDE_1.15.1/STM32CubeIDE/plugins/com.st.stm32cube.ide.mcu.externaltools.gnu-tools-for-stm32.12.3.rel1.win32_1.0.100.202403111256/tools/bin/../lib/gcc/arm-none-eabi/12.3.1/../../../../arm-none-eabi/lib/thumb/v8-m.main+fp/hard\libc_nano.a(libc_a-puts.o)
                0x0800a2b8                puts
 .text.__sread  0x0800a2c8       0x22 C:/ST/STM32CubeIDE_1.15.1/STM32CubeIDE/plugins/com.st.stm32cube.ide.mcu.externaltools.gnu-tools-for-stm32.12.3.rel1.win32_1.0.100.202403111256/tools/bin/../lib/gcc/arm-none-eabi/12.3.1/../../../../arm-none-eabi/lib/thumb/v8-m.main+fp/hard\libc_nano.a(libc_a-stdio.o)
                0x0800a2c8                __sread
 .text.__swrite
                0x0800a2ea       0x38 C:/ST/STM32CubeIDE_1.15.1/STM32CubeIDE/plugins/com.st.stm32cube.ide.mcu.externaltools.gnu-tools-for-stm32.12.3.rel1.win32_1.0.100.202403111256/tools/bin/../lib/gcc/arm-none-eabi/12.3.1/../../../../arm-none-eabi/lib/thumb/v8-m.main+fp/hard\libc_nano.a(libc_a-stdio.o)
                0x0800a2ea                __swrite
 .text.__sseek  0x0800a322       0x24 C:/ST/STM32CubeIDE_1.15.1/STM32CubeIDE/plugins/com.st.stm32cube.ide.mcu.externaltools.gnu-tools-for-stm32.12.3.rel1.win32_1.0.100.202403111256/tools/bin/../lib/gcc/arm-none-eabi/12.3.1/../../../../arm-none-eabi/lib/thumb/v8-m.main+fp/hard\libc_nano.a(libc_a-stdio.o)
                0x0800a322                __sseek
 .text.__sclose
                0x0800a346        0x8 C:/ST/STM32CubeIDE_1.15.1/STM32CubeIDE/plugins/com.st.stm32cube.ide.mcu.externaltools.gnu-tools-for-stm32.12.3.rel1.win32_1.0.100.202403111256/tools/bin/../lib/gcc/arm-none-eabi/12.3.1/../../../../arm-none-eabi/lib/thumb/v8-m.main+fp/hard\libc_nano.a(libc_a-stdio.o)
                0x0800a346                __sclose
 .text.__swbuf_r
                0x0800a34e       0x7c C:/ST/STM32CubeIDE_1.15.1/STM32CubeIDE/plugins/com.st.stm32cube.ide.mcu.externaltools.gnu-tools-for-stm32.12.3.rel1.win32_1.0.100.202403111256/tools/bin/../lib/gcc/arm-none-eabi/12.3.1/../../../../arm-none-eabi/lib/thumb/v8-m.main+fp/hard\libc_nano.a(libc_a-wbuf.o)
                0x0800a34e                __swbuf_r
 *fill*         0x0800a3ca        0x2 
 .text.__swsetup_r
                0x0800a3cc       0xac C:/ST/STM32CubeIDE_1.15.1/STM32CubeIDE/plugins/com.st.stm32cube.ide.mcu.externaltools.gnu-tools-for-stm32.12.3.rel1.win32_1.0.100.202403111256/tools/bin/../lib/gcc/arm-none-eabi/12.3.1/../../../../arm-none-eabi/lib/thumb/v8-m.main+fp/hard\libc_nano.a(libc_a-wsetup.o)
                0x0800a3cc                __swsetup_r
 .text.memset   0x0800a478       0x10 C:/ST/STM32CubeIDE_1.15.1/STM32CubeIDE/plugins/com.st.stm32cube.ide.mcu.externaltools.gnu-tools-for-stm32.12.3.rel1.win32_1.0.100.202403111256/tools/bin/../lib/gcc/arm-none-eabi/12.3.1/../../../../arm-none-eabi/lib/thumb/v8-m.main+fp/hard\libc_nano.a(libc_a-memset.o)
                0x0800a478                memset
 .text._close_r
                0x0800a488       0x20 C:/ST/STM32CubeIDE_1.15.1/STM32CubeIDE/plugins/com.st.stm32cube.ide.mcu.externaltools.gnu-tools-for-stm32.12.3.rel1.win32_1.0.100.202403111256/tools/bin/../lib/gcc/arm-none-eabi/12.3.1/../../../../arm-none-eabi/lib/thumb/v8-m.main+fp/hard\libc_nano.a(libc_a-closer.o)
                0x0800a488                _close_r
 .text._lseek_r
                0x0800a4a8       0x24 C:/ST/STM32CubeIDE_1.15.1/STM32CubeIDE/plugins/com.st.stm32cube.ide.mcu.externaltools.gnu-tools-for-stm32.12.3.rel1.win32_1.0.100.202403111256/tools/bin/../lib/gcc/arm-none-eabi/12.3.1/../../../../arm-none-eabi/lib/thumb/v8-m.main+fp/hard\libc_nano.a(libc_a-lseekr.o)
                0x0800a4a8                _lseek_r
 .text._read_r  0x0800a4cc       0x24 C:/ST/STM32CubeIDE_1.15.1/STM32CubeIDE/plugins/com.st.stm32cube.ide.mcu.externaltools.gnu-tools-for-stm32.12.3.rel1.win32_1.0.100.202403111256/tools/bin/../lib/gcc/arm-none-eabi/12.3.1/../../../../arm-none-eabi/lib/thumb/v8-m.main+fp/hard\libc_nano.a(libc_a-readr.o)
                0x0800a4cc                _read_r
 .text._write_r
                0x0800a4f0       0x24 C:/ST/STM32CubeIDE_1.15.1/STM32CubeIDE/plugins/com.st.stm32cube.ide.mcu.externaltools.gnu-tools-for-stm32.12.3.rel1.win32_1.0.100.202403111256/tools/bin/../lib/gcc/arm-none-eabi/12.3.1/../../../../arm-none-eabi/lib/thumb/v8-m.main+fp/hard\libc_nano.a(libc_a-writer.o)
                0x0800a4f0                _write_r
 .text.__errno  0x0800a514        0xc C:/ST/STM32CubeIDE_1.15.1/STM32CubeIDE/plugins/com.st.stm32cube.ide.mcu.externaltools.gnu-tools-for-stm32.12.3.rel1.win32_1.0.100.202403111256/tools/bin/../lib/gcc/arm-none-eabi/12.3.1/../../../../arm-none-eabi/lib/thumb/v8-m.main+fp/hard\libc_nano.a(libc_a-errno.o)
                0x0800a514                __errno
 .text.__libc_init_array
                0x0800a520       0x48 C:/ST/STM32CubeIDE_1.15.1/STM32CubeIDE/plugins/com.st.stm32cube.ide.mcu.externaltools.gnu-tools-for-stm32.12.3.rel1.win32_1.0.100.202403111256/tools/bin/../lib/gcc/arm-none-eabi/12.3.1/../../../../arm-none-eabi/lib/thumb/v8-m.main+fp/hard\libc_nano.a(libc_a-init.o)
                0x0800a520                __libc_init_array
 .text.__retarget_lock_init_recursive
                0x0800a568        0x2 C:/ST/STM32CubeIDE_1.15.1/STM32CubeIDE/plugins/com.st.stm32cube.ide.mcu.externaltools.gnu-tools-for-stm32.12.3.rel1.win32_1.0.100.202403111256/tools/bin/../lib/gcc/arm-none-eabi/12.3.1/../../../../arm-none-eabi/lib/thumb/v8-m.main+fp/hard\libc_nano.a(libc_a-lock.o)
                0x0800a568                __retarget_lock_init_recursive
 .text.__retarget_lock_acquire_recursive
                0x0800a56a        0x2 C:/ST/STM32CubeIDE_1.15.1/STM32CubeIDE/plugins/com.st.stm32cube.ide.mcu.externaltools.gnu-tools-for-stm32.12.3.rel1.win32_1.0.100.202403111256/tools/bin/../lib/gcc/arm-none-eabi/12.3.1/../../../../arm-none-eabi/lib/thumb/v8-m.main+fp/hard\libc_nano.a(libc_a-lock.o)
                0x0800a56a                __retarget_lock_acquire_recursive
 .text.__retarget_lock_release_recursive
                0x0800a56c        0x2 C:/ST/STM32CubeIDE_1.15.1/STM32CubeIDE/plugins/com.st.stm32cube.ide.mcu.externaltools.gnu-tools-for-stm32.12.3.rel1.win32_1.0.100.202403111256/tools/bin/../lib/gcc/arm-none-eabi/12.3.1/../../../../arm-none-eabi/lib/thumb/v8-m.main+fp/hard\libc_nano.a(libc_a-lock.o)
                0x0800a56c                __retarget_lock_release_recursive
 *fill*         0x0800a56e        0x2 
 .text._free_r  0x0800a570       0x94 C:/ST/STM32CubeIDE_1.15.1/STM32CubeIDE/plugins/com.st.stm32cube.ide.mcu.externaltools.gnu-tools-for-stm32.12.3.rel1.win32_1.0.100.202403111256/tools/bin/../lib/gcc/arm-none-eabi/12.3.1/../../../../arm-none-eabi/lib/thumb/v8-m.main+fp/hard\libc_nano.a(libc_a-freer.o)
                0x0800a570                _free_r
 .text.sbrk_aligned
                0x0800a604       0x44 C:/ST/STM32CubeIDE_1.15.1/STM32CubeIDE/plugins/com.st.stm32cube.ide.mcu.externaltools.gnu-tools-for-stm32.12.3.rel1.win32_1.0.100.202403111256/tools/bin/../lib/gcc/arm-none-eabi/12.3.1/../../../../arm-none-eabi/lib/thumb/v8-m.main+fp/hard\libc_nano.a(libc_a-mallocr.o)
 .text._malloc_r
                0x0800a648      0x100 C:/ST/STM32CubeIDE_1.15.1/STM32CubeIDE/plugins/com.st.stm32cube.ide.mcu.externaltools.gnu-tools-for-stm32.12.3.rel1.win32_1.0.100.202403111256/tools/bin/../lib/gcc/arm-none-eabi/12.3.1/../../../../arm-none-eabi/lib/thumb/v8-m.main+fp/hard\libc_nano.a(libc_a-mallocr.o)
                0x0800a648                _malloc_r
 .text.__malloc_lock
                0x0800a748        0xc C:/ST/STM32CubeIDE_1.15.1/STM32CubeIDE/plugins/com.st.stm32cube.ide.mcu.externaltools.gnu-tools-for-stm32.12.3.rel1.win32_1.0.100.202403111256/tools/bin/../lib/gcc/arm-none-eabi/12.3.1/../../../../arm-none-eabi/lib/thumb/v8-m.main+fp/hard\libc_nano.a(libc_a-mlock.o)
                0x0800a748                __malloc_lock
 .text.__malloc_unlock
                0x0800a754        0xc C:/ST/STM32CubeIDE_1.15.1/STM32CubeIDE/plugins/com.st.stm32cube.ide.mcu.externaltools.gnu-tools-for-stm32.12.3.rel1.win32_1.0.100.202403111256/tools/bin/../lib/gcc/arm-none-eabi/12.3.1/../../../../arm-none-eabi/lib/thumb/v8-m.main+fp/hard\libc_nano.a(libc_a-mlock.o)
                0x0800a754                __malloc_unlock
 .text.__sfputc_r
                0x0800a760       0x2e C:/ST/STM32CubeIDE_1.15.1/STM32CubeIDE/plugins/com.st.stm32cube.ide.mcu.externaltools.gnu-tools-for-stm32.12.3.rel1.win32_1.0.100.202403111256/tools/bin/../lib/gcc/arm-none-eabi/12.3.1/../../../../arm-none-eabi/lib/thumb/v8-m.main+fp/hard\libc_nano.a(libc_a-nano-vfprintf.o)
 .text.__sfputs_r
                0x0800a78e       0x24 C:/ST/STM32CubeIDE_1.15.1/STM32CubeIDE/plugins/com.st.stm32cube.ide.mcu.externaltools.gnu-tools-for-stm32.12.3.rel1.win32_1.0.100.202403111256/tools/bin/../lib/gcc/arm-none-eabi/12.3.1/../../../../arm-none-eabi/lib/thumb/v8-m.main+fp/hard\libc_nano.a(libc_a-nano-vfprintf.o)
                0x0800a78e                __sfputs_r
 *fill*         0x0800a7b2        0x2 
 .text._vfprintf_r
                0x0800a7b4      0x230 C:/ST/STM32CubeIDE_1.15.1/STM32CubeIDE/plugins/com.st.stm32cube.ide.mcu.externaltools.gnu-tools-for-stm32.12.3.rel1.win32_1.0.100.202403111256/tools/bin/../lib/gcc/arm-none-eabi/12.3.1/../../../../arm-none-eabi/lib/thumb/v8-m.main+fp/hard\libc_nano.a(libc_a-nano-vfprintf.o)
                0x0800a7b4                _vfprintf_r
                0x0800a7b4                _vfiprintf_r
 .text._printf_common
                0x0800a9e4       0xe4 C:/ST/STM32CubeIDE_1.15.1/STM32CubeIDE/plugins/com.st.stm32cube.ide.mcu.externaltools.gnu-tools-for-stm32.12.3.rel1.win32_1.0.100.202403111256/tools/bin/../lib/gcc/arm-none-eabi/12.3.1/../../../../arm-none-eabi/lib/thumb/v8-m.main+fp/hard\libc_nano.a(libc_a-nano-vfprintf_i.o)
                0x0800a9e4                _printf_common
 .text._printf_i
                0x0800aac8      0x240 C:/ST/STM32CubeIDE_1.15.1/STM32CubeIDE/plugins/com.st.stm32cube.ide.mcu.externaltools.gnu-tools-for-stm32.12.3.rel1.win32_1.0.100.202403111256/tools/bin/../lib/gcc/arm-none-eabi/12.3.1/../../../../arm-none-eabi/lib/thumb/v8-m.main+fp/hard\libc_nano.a(libc_a-nano-vfprintf_i.o)
                0x0800aac8                _printf_i
 .text.__sflush_r
                0x0800ad08      0x108 C:/ST/STM32CubeIDE_1.15.1/STM32CubeIDE/plugins/com.st.stm32cube.ide.mcu.externaltools.gnu-tools-for-stm32.12.3.rel1.win32_1.0.100.202403111256/tools/bin/../lib/gcc/arm-none-eabi/12.3.1/../../../../arm-none-eabi/lib/thumb/v8-m.main+fp/hard\libc_nano.a(libc_a-fflush.o)
                0x0800ad08                __sflush_r
 .text._fflush_r
                0x0800ae10       0x50 C:/ST/STM32CubeIDE_1.15.1/STM32CubeIDE/plugins/com.st.stm32cube.ide.mcu.externaltools.gnu-tools-for-stm32.12.3.rel1.win32_1.0.100.202403111256/tools/bin/../lib/gcc/arm-none-eabi/12.3.1/../../../../arm-none-eabi/lib/thumb/v8-m.main+fp/hard\libc_nano.a(libc_a-fflush.o)
                0x0800ae10                _fflush_r
 .text.__swhatbuf_r
                0x0800ae60       0x4a C:/ST/STM32CubeIDE_1.15.1/STM32CubeIDE/plugins/com.st.stm32cube.ide.mcu.externaltools.gnu-tools-for-stm32.12.3.rel1.win32_1.0.100.202403111256/tools/bin/../lib/gcc/arm-none-eabi/12.3.1/../../../../arm-none-eabi/lib/thumb/v8-m.main+fp/hard\libc_nano.a(libc_a-makebuf.o)
                0x0800ae60                __swhatbuf_r
 .text.__smakebuf_r
                0x0800aeaa       0x78 C:/ST/STM32CubeIDE_1.15.1/STM32CubeIDE/plugins/com.st.stm32cube.ide.mcu.externaltools.gnu-tools-for-stm32.12.3.rel1.win32_1.0.100.202403111256/tools/bin/../lib/gcc/arm-none-eabi/12.3.1/../../../../arm-none-eabi/lib/thumb/v8-m.main+fp/hard\libc_nano.a(libc_a-makebuf.o)
                0x0800aeaa                __smakebuf_r
 *fill*         0x0800af22        0x2 
 .text._fstat_r
                0x0800af24       0x24 C:/ST/STM32CubeIDE_1.15.1/STM32CubeIDE/plugins/com.st.stm32cube.ide.mcu.externaltools.gnu-tools-for-stm32.12.3.rel1.win32_1.0.100.202403111256/tools/bin/../lib/gcc/arm-none-eabi/12.3.1/../../../../arm-none-eabi/lib/thumb/v8-m.main+fp/hard\libc_nano.a(libc_a-fstatr.o)
                0x0800af24                _fstat_r
 .text._isatty_r
                0x0800af48       0x20 C:/ST/STM32CubeIDE_1.15.1/STM32CubeIDE/plugins/com.st.stm32cube.ide.mcu.externaltools.gnu-tools-for-stm32.12.3.rel1.win32_1.0.100.202403111256/tools/bin/../lib/gcc/arm-none-eabi/12.3.1/../../../../arm-none-eabi/lib/thumb/v8-m.main+fp/hard\libc_nano.a(libc_a-isattyr.o)
                0x0800af48                _isatty_r
 .text._sbrk_r  0x0800af68       0x20 C:/ST/STM32CubeIDE_1.15.1/STM32CubeIDE/plugins/com.st.stm32cube.ide.mcu.externaltools.gnu-tools-for-stm32.12.3.rel1.win32_1.0.100.202403111256/tools/bin/../lib/gcc/arm-none-eabi/12.3.1/../../../../arm-none-eabi/lib/thumb/v8-m.main+fp/hard\libc_nano.a(libc_a-sbrkr.o)
                0x0800af68                _sbrk_r
 .text.memchr   0x0800af88       0x1c C:/ST/STM32CubeIDE_1.15.1/STM32CubeIDE/plugins/com.st.stm32cube.ide.mcu.externaltools.gnu-tools-for-stm32.12.3.rel1.win32_1.0.100.202403111256/tools/bin/../lib/gcc/arm-none-eabi/12.3.1/../../../../arm-none-eabi/lib/thumb/v8-m.main+fp/hard\libc_nano.a(libc_a-memchr-stub.o)
                0x0800af88                memchr
 *(.glue_7)
 .glue_7        0x0800afa4        0x0 linker stubs
 *(.glue_7t)
 .glue_7t       0x0800afa4        0x0 linker stubs
 *(.eh_frame)
 .eh_frame      0x0800afa4        0x0 C:/ST/STM32CubeIDE_1.15.1/STM32CubeIDE/plugins/com.st.stm32cube.ide.mcu.externaltools.gnu-tools-for-stm32.12.3.rel1.win32_1.0.100.202403111256/tools/bin/../lib/gcc/arm-none-eabi/12.3.1/thumb/v8-m.main+fp/hard/crtbegin.o
 *(.init)
 .init          0x0800afa4        0x4 C:/ST/STM32CubeIDE_1.15.1/STM32CubeIDE/plugins/com.st.stm32cube.ide.mcu.externaltools.gnu-tools-for-stm32.12.3.rel1.win32_1.0.100.202403111256/tools/bin/../lib/gcc/arm-none-eabi/12.3.1/thumb/v8-m.main+fp/hard/crti.o
                0x0800afa4                _init
 .init          0x0800afa8        0x8 C:/ST/STM32CubeIDE_1.15.1/STM32CubeIDE/plugins/com.st.stm32cube.ide.mcu.externaltools.gnu-tools-for-stm32.12.3.rel1.win32_1.0.100.202403111256/tools/bin/../lib/gcc/arm-none-eabi/12.3.1/thumb/v8-m.main+fp/hard/crtn.o
 *(.fini)
 .fini          0x0800afb0        0x4 C:/ST/STM32CubeIDE_1.15.1/STM32CubeIDE/plugins/com.st.stm32cube.ide.mcu.externaltools.gnu-tools-for-stm32.12.3.rel1.win32_1.0.100.202403111256/tools/bin/../lib/gcc/arm-none-eabi/12.3.1/thumb/v8-m.main+fp/hard/crti.o
                0x0800afb0                _fini
 .fini          0x0800afb4        0x8 C:/ST/STM32CubeIDE_1.15.1/STM32CubeIDE/plugins/com.st.stm32cube.ide.mcu.externaltools.gnu-tools-for-stm32.12.3.rel1.win32_1.0.100.202403111256/tools/bin/../lib/gcc/arm-none-eabi/12.3.1/thumb/v8-m.main+fp/hard/crtn.o
                0x0800afbc                        . = ALIGN (0x4)
                0x0800afbc                        _etext = .

.vfp11_veneer   0x0800afbc        0x0
 .vfp11_veneer  0x0800afbc        0x0 linker stubs

.v4_bx          0x0800afbc        0x0
 .v4_bx         0x0800afbc        0x0 linker stubs

.iplt           0x0800afbc        0x0
 .iplt          0x0800afbc        0x0 C:/ST/STM32CubeIDE_1.15.1/STM32CubeIDE/plugins/com.st.stm32cube.ide.mcu.externaltools.gnu-tools-for-stm32.12.3.rel1.win32_1.0.100.202403111256/tools/bin/../lib/gcc/arm-none-eabi/12.3.1/thumb/v8-m.main+fp/hard/crtbegin.o

.rodata         0x0800afbc      0x150
                0x0800afbc                        . = ALIGN (0x4)
 *(.rodata)
 .rodata        0x0800afbc       0xe0 ./Core/Src/main.o
 *(.rodata*)
 .rodata.AHBPrescTable
                0x0800b09c       0x10 ./Core/Src/system_stm32h5xx.o
                0x0800b09c                AHBPrescTable
 .rodata.APBPrescTable
                0x0800b0ac        0x8 ./Core/Src/system_stm32h5xx.o
                0x0800b0ac                APBPrescTable
 .rodata.LED_PIN
                0x0800b0b4        0x6 ./Drivers/BSP/STM32H5xx_Nucleo/stm32h5xx_nucleo.o
 *fill*         0x0800b0ba        0x2 
 .rodata.BUTTON_EXTI_LINE.2
                0x0800b0bc        0x4 ./Drivers/BSP/STM32H5xx_Nucleo/stm32h5xx_nucleo.o
 .rodata.UARTPrescTable
                0x0800b0c0       0x18 ./Drivers/STM32H5xx_HAL_Driver/Src/stm32h5xx_hal_uart.o
                0x0800b0c0                UARTPrescTable
 .rodata._vfprintf_r.str1.1
                0x0800b0d8       0x11 C:/ST/STM32CubeIDE_1.15.1/STM32CubeIDE/plugins/com.st.stm32cube.ide.mcu.externaltools.gnu-tools-for-stm32.12.3.rel1.win32_1.0.100.202403111256/tools/bin/../lib/gcc/arm-none-eabi/12.3.1/../../../../arm-none-eabi/lib/thumb/v8-m.main+fp/hard\libc_nano.a(libc_a-nano-vfprintf.o)
 .rodata._printf_i.str1.1
                0x0800b0e9       0x22 C:/ST/STM32CubeIDE_1.15.1/STM32CubeIDE/plugins/com.st.stm32cube.ide.mcu.externaltools.gnu-tools-for-stm32.12.3.rel1.win32_1.0.100.202403111256/tools/bin/../lib/gcc/arm-none-eabi/12.3.1/../../../../arm-none-eabi/lib/thumb/v8-m.main+fp/hard\libc_nano.a(libc_a-nano-vfprintf_i.o)
                0x0800b10c                        . = ALIGN (0x4)
 *fill*         0x0800b10b        0x1 

.ARM.extab      0x0800b10c        0x0
                0x0800b10c                        . = ALIGN (0x4)
 *(.ARM.extab* .gnu.linkonce.armextab.*)
                0x0800b10c                        . = ALIGN (0x4)

.ARM            0x0800b10c        0x8
                0x0800b10c                        . = ALIGN (0x4)
                0x0800b10c                        __exidx_start = .
 *(.ARM.exidx*)
 .ARM.exidx     0x0800b10c        0x8 C:/ST/STM32CubeIDE_1.15.1/STM32CubeIDE/plugins/com.st.stm32cube.ide.mcu.externaltools.gnu-tools-for-stm32.12.3.rel1.win32_1.0.100.202403111256/tools/bin/../lib/gcc/arm-none-eabi/12.3.1/thumb/v8-m.main+fp/hard\libgcc.a(_udivmoddi4.o)
                0x0800b114                        __exidx_end = .
                0x0800b114                        . = ALIGN (0x4)

.preinit_array  0x0800b114        0x0
                0x0800b114                        . = ALIGN (0x4)
                0x0800b114                        PROVIDE (__preinit_array_start = .)
 *(.preinit_array*)
                0x0800b114                        PROVIDE (__preinit_array_end = .)
                0x0800b114                        . = ALIGN (0x4)

.init_array     0x0800b114        0x4
                0x0800b114                        . = ALIGN (0x4)
                0x0800b114                        PROVIDE (__init_array_start = .)
 *(SORT_BY_NAME(.init_array.*))
 *(.init_array*)
 .init_array    0x0800b114        0x4 C:/ST/STM32CubeIDE_1.15.1/STM32CubeIDE/plugins/com.st.stm32cube.ide.mcu.externaltools.gnu-tools-for-stm32.12.3.rel1.win32_1.0.100.202403111256/tools/bin/../lib/gcc/arm-none-eabi/12.3.1/thumb/v8-m.main+fp/hard/crtbegin.o
                0x0800b118                        PROVIDE (__init_array_end = .)
                0x0800b118                        . = ALIGN (0x4)

.fini_array     0x0800b118        0x4
                0x0800b118                        . = ALIGN (0x4)
                [!provide]                        PROVIDE (__fini_array_start = .)
 *(SORT_BY_NAME(.fini_array.*))
 *(.fini_array*)
 .fini_array    0x0800b118        0x4 C:/ST/STM32CubeIDE_1.15.1/STM32CubeIDE/plugins/com.st.stm32cube.ide.mcu.externaltools.gnu-tools-for-stm32.12.3.rel1.win32_1.0.100.202403111256/tools/bin/../lib/gcc/arm-none-eabi/12.3.1/thumb/v8-m.main+fp/hard/crtbegin.o
                [!provide]                        PROVIDE (__fini_array_end = .)
                0x0800b11c                        . = ALIGN (0x4)
                0x0800b11c                        _sidata = LOADADDR (.data)

.rel.dyn        0x0800b11c        0x0
 .rel.iplt      0x0800b11c        0x0 C:/ST/STM32CubeIDE_1.15.1/STM32CubeIDE/plugins/com.st.stm32cube.ide.mcu.externaltools.gnu-tools-for-stm32.12.3.rel1.win32_1.0.100.202403111256/tools/bin/../lib/gcc/arm-none-eabi/12.3.1/thumb/v8-m.main+fp/hard/crtbegin.o

.data           0x20000000       0x84 load address 0x0800b11c
                0x20000000                        . = ALIGN (0x4)
                0x20000000                        _sdata = .
 *(.data)
 *(.data*)
 .data.SystemCoreClock
                0x20000000        0x4 ./Core/Src/system_stm32h5xx.o
                0x20000000                SystemCoreClock
 .data.COM_USART
                0x20000004        0x4 ./Drivers/BSP/STM32H5xx_Nucleo/stm32h5xx_nucleo.o
                0x20000004                COM_USART
 .data.LED_PORT
                0x20000008        0xc ./Drivers/BSP/STM32H5xx_Nucleo/stm32h5xx_nucleo.o
 .data.BUTTON_PORT
                0x20000014        0x4 ./Drivers/BSP/STM32H5xx_Nucleo/stm32h5xx_nucleo.o
 .data.ButtonCallback.1
                0x20000018        0x4 ./Drivers/BSP/STM32H5xx_Nucleo/stm32h5xx_nucleo.o
 .data.BSP_BUTTON_PRIO.0
                0x2000001c        0x4 ./Drivers/BSP/STM32H5xx_Nucleo/stm32h5xx_nucleo.o
 .data.uwTickPrio
                0x20000020        0x4 ./Drivers/STM32H5xx_HAL_Driver/Src/stm32h5xx_hal.o
                0x20000020                uwTickPrio
 .data.uwTickFreq
                0x20000024        0x1 ./Drivers/STM32H5xx_HAL_Driver/Src/stm32h5xx_hal.o
                0x20000024                uwTickFreq
 *fill*         0x20000025        0x3 
 .data.__sglue  0x20000028        0xc C:/ST/STM32CubeIDE_1.15.1/STM32CubeIDE/plugins/com.st.stm32cube.ide.mcu.externaltools.gnu-tools-for-stm32.12.3.rel1.win32_1.0.100.202403111256/tools/bin/../lib/gcc/arm-none-eabi/12.3.1/../../../../arm-none-eabi/lib/thumb/v8-m.main+fp/hard\libc_nano.a(libc_a-findfp.o)
                0x20000028                __sglue
 .data._impure_ptr
                0x20000034        0x4 C:/ST/STM32CubeIDE_1.15.1/STM32CubeIDE/plugins/com.st.stm32cube.ide.mcu.externaltools.gnu-tools-for-stm32.12.3.rel1.win32_1.0.100.202403111256/tools/bin/../lib/gcc/arm-none-eabi/12.3.1/../../../../arm-none-eabi/lib/thumb/v8-m.main+fp/hard\libc_nano.a(libc_a-impure.o)
                0x20000034                _impure_ptr
 .data._impure_data
                0x20000038       0x4c C:/ST/STM32CubeIDE_1.15.1/STM32CubeIDE/plugins/com.st.stm32cube.ide.mcu.externaltools.gnu-tools-for-stm32.12.3.rel1.win32_1.0.100.202403111256/tools/bin/../lib/gcc/arm-none-eabi/12.3.1/../../../../arm-none-eabi/lib/thumb/v8-m.main+fp/hard\libc_nano.a(libc_a-impure.o)
                0x20000038                _impure_data
 *(.RamFunc)
 *(.RamFunc*)
                0x20000084                        . = ALIGN (0x4)
                0x20000084                        _edata = .

.igot.plt       0x20000084        0x0 load address 0x0800b1a0
 .igot.plt      0x20000084        0x0 C:/ST/STM32CubeIDE_1.15.1/STM32CubeIDE/plugins/com.st.stm32cube.ide.mcu.externaltools.gnu-tools-for-stm32.12.3.rel1.win32_1.0.100.202403111256/tools/bin/../lib/gcc/arm-none-eabi/12.3.1/thumb/v8-m.main+fp/hard/crtbegin.o
                0x20000084                        . = ALIGN (0x4)

.bss            0x20000084      0x2d0 load address 0x0800b1a0
                0x20000084                        _sbss = .
                0x20000084                        __bss_start__ = _sbss
 *(.bss)
 .bss           0x20000084       0x1c C:/ST/STM32CubeIDE_1.15.1/STM32CubeIDE/plugins/com.st.stm32cube.ide.mcu.externaltools.gnu-tools-for-stm32.12.3.rel1.win32_1.0.100.202403111256/tools/bin/../lib/gcc/arm-none-eabi/12.3.1/thumb/v8-m.main+fp/hard/crtbegin.o
 *(.bss*)
 .bss.BspCOMInit
                0x200000a0       0x10 ./Core/Src/main.o
                0x200000a0                BspCOMInit
 .bss.hi2c2     0x200000b0       0x54 ./Core/Src/main.o
                0x200000b0                hi2c2
 .bss.htim3     0x20000104       0x4c ./Core/Src/main.o
                0x20000104                htim3
 .bss.VEML3328_DATA_C
                0x20000150        0x2 ./Core/Src/main.o
                0x20000150                VEML3328_DATA_C
 .bss.VEML3328_DATA_R
                0x20000152        0x2 ./Core/Src/main.o
                0x20000152                VEML3328_DATA_R
 .bss.VEML3328_DATA_G
                0x20000154        0x2 ./Core/Src/main.o
                0x20000154                VEML3328_DATA_G
 .bss.VEML3328_DATA_B
                0x20000156        0x2 ./Core/Src/main.o
                0x20000156                VEML3328_DATA_B
 .bss.VEML3328_DATA_IR
                0x20000158        0x2 ./Core/Src/main.o
                0x20000158                VEML3328_DATA_IR
 *fill*         0x2000015a        0x2 
 .bss.__sbrk_heap_end
                0x2000015c        0x4 ./Core/Src/sysmem.o
 .bss.hpb_exti  0x20000160        0xc ./Drivers/BSP/STM32H5xx_Nucleo/stm32h5xx_nucleo.o
                0x20000160                hpb_exti
 .bss.hcom_uart
                0x2000016c       0x94 ./Drivers/BSP/STM32H5xx_Nucleo/stm32h5xx_nucleo.o
                0x2000016c                hcom_uart
 .bss.COM_ActiveLogPort
                0x20000200        0x1 ./Drivers/BSP/STM32H5xx_Nucleo/stm32h5xx_nucleo.o
 *fill*         0x20000201        0x3 
 .bss.uwTick    0x20000204        0x4 ./Drivers/STM32H5xx_HAL_Driver/Src/stm32h5xx_hal.o
                0x20000204                uwTick
 .bss.__sf      0x20000208      0x138 C:/ST/STM32CubeIDE_1.15.1/STM32CubeIDE/plugins/com.st.stm32cube.ide.mcu.externaltools.gnu-tools-for-stm32.12.3.rel1.win32_1.0.100.202403111256/tools/bin/../lib/gcc/arm-none-eabi/12.3.1/../../../../arm-none-eabi/lib/thumb/v8-m.main+fp/hard\libc_nano.a(libc_a-findfp.o)
                0x20000208                __sf
 .bss.__stdio_exit_handler
                0x20000340        0x4 C:/ST/STM32CubeIDE_1.15.1/STM32CubeIDE/plugins/com.st.stm32cube.ide.mcu.externaltools.gnu-tools-for-stm32.12.3.rel1.win32_1.0.100.202403111256/tools/bin/../lib/gcc/arm-none-eabi/12.3.1/../../../../arm-none-eabi/lib/thumb/v8-m.main+fp/hard\libc_nano.a(libc_a-findfp.o)
                0x20000340                __stdio_exit_handler
 .bss.errno     0x20000344        0x4 C:/ST/STM32CubeIDE_1.15.1/STM32CubeIDE/plugins/com.st.stm32cube.ide.mcu.externaltools.gnu-tools-for-stm32.12.3.rel1.win32_1.0.100.202403111256/tools/bin/../lib/gcc/arm-none-eabi/12.3.1/../../../../arm-none-eabi/lib/thumb/v8-m.main+fp/hard\libc_nano.a(libc_a-reent.o)
                0x20000344                errno
 .bss.__lock___malloc_recursive_mutex
                0x20000348        0x1 C:/ST/STM32CubeIDE_1.15.1/STM32CubeIDE/plugins/com.st.stm32cube.ide.mcu.externaltools.gnu-tools-for-stm32.12.3.rel1.win32_1.0.100.202403111256/tools/bin/../lib/gcc/arm-none-eabi/12.3.1/../../../../arm-none-eabi/lib/thumb/v8-m.main+fp/hard\libc_nano.a(libc_a-lock.o)
                0x20000348                __lock___malloc_recursive_mutex
 .bss.__lock___sfp_recursive_mutex
                0x20000349        0x1 C:/ST/STM32CubeIDE_1.15.1/STM32CubeIDE/plugins/com.st.stm32cube.ide.mcu.externaltools.gnu-tools-for-stm32.12.3.rel1.win32_1.0.100.202403111256/tools/bin/../lib/gcc/arm-none-eabi/12.3.1/../../../../arm-none-eabi/lib/thumb/v8-m.main+fp/hard\libc_nano.a(libc_a-lock.o)
                0x20000349                __lock___sfp_recursive_mutex
 *fill*         0x2000034a        0x2 
 .bss.__malloc_sbrk_start
                0x2000034c        0x4 C:/ST/STM32CubeIDE_1.15.1/STM32CubeIDE/plugins/com.st.stm32cube.ide.mcu.externaltools.gnu-tools-for-stm32.12.3.rel1.win32_1.0.100.202403111256/tools/bin/../lib/gcc/arm-none-eabi/12.3.1/../../../../arm-none-eabi/lib/thumb/v8-m.main+fp/hard\libc_nano.a(libc_a-mallocr.o)
                0x2000034c                __malloc_sbrk_start
 .bss.__malloc_free_list
                0x20000350        0x4 C:/ST/STM32CubeIDE_1.15.1/STM32CubeIDE/plugins/com.st.stm32cube.ide.mcu.externaltools.gnu-tools-for-stm32.12.3.rel1.win32_1.0.100.202403111256/tools/bin/../lib/gcc/arm-none-eabi/12.3.1/../../../../arm-none-eabi/lib/thumb/v8-m.main+fp/hard\libc_nano.a(libc_a-mallocr.o)
                0x20000350                __malloc_free_list
 *(COMMON)
                0x20000354                        . = ALIGN (0x4)
                0x20000354                        _ebss = .
                0x20000354                        __bss_end__ = _ebss

._user_heap_stack
                0x20000354      0x604 load address 0x0800b1a0
                0x20000358                        . = ALIGN (0x8)
 *fill*         0x20000354        0x4 
                [!provide]                        PROVIDE (end = .)
                0x20000358                        PROVIDE (_end = .)
                0x20000558                        . = (. + _Min_Heap_Size)
 *fill*         0x20000358      0x200 
                0x20000958                        . = (. + _Min_Stack_Size)
 *fill*         0x20000558      0x400 
                0x20000958                        . = ALIGN (0x8)

/DISCARD/
 libc.a(*)
 libm.a(*)
 libgcc.a(*)

.ARM.attributes
                0x00000000       0x36
 *(.ARM.attributes)
 .ARM.attributes
                0x00000000       0x26 C:/ST/STM32CubeIDE_1.15.1/STM32CubeIDE/plugins/com.st.stm32cube.ide.mcu.externaltools.gnu-tools-for-stm32.12.3.rel1.win32_1.0.100.202403111256/tools/bin/../lib/gcc/arm-none-eabi/12.3.1/thumb/v8-m.main+fp/hard/crti.o
 .ARM.attributes
                0x00000026       0x38 C:/ST/STM32CubeIDE_1.15.1/STM32CubeIDE/plugins/com.st.stm32cube.ide.mcu.externaltools.gnu-tools-for-stm32.12.3.rel1.win32_1.0.100.202403111256/tools/bin/../lib/gcc/arm-none-eabi/12.3.1/thumb/v8-m.main+fp/hard/crtbegin.o
 .ARM.attributes
                0x0000005e       0x3a ./Core/Src/main.o
 .ARM.attributes
                0x00000098       0x3a ./Core/Src/stm32h5xx_hal_msp.o
 .ARM.attributes
                0x000000d2       0x3a ./Core/Src/stm32h5xx_it.o
 .ARM.attributes
                0x0000010c       0x3a ./Core/Src/syscalls.o
 .ARM.attributes
                0x00000146       0x3a ./Core/Src/sysmem.o
 .ARM.attributes
                0x00000180       0x3a ./Core/Src/system_stm32h5xx.o
 .ARM.attributes
                0x000001ba       0x24 ./Core/Startup/startup_stm32h563zitx.o
 .ARM.attributes
                0x000001de       0x3a ./Drivers/BSP/STM32H5xx_Nucleo/stm32h5xx_nucleo.o
 .ARM.attributes
                0x00000218       0x3a ./Drivers/STM32H5xx_HAL_Driver/Src/stm32h5xx_hal.o
 .ARM.attributes
                0x00000252       0x3a ./Drivers/STM32H5xx_HAL_Driver/Src/stm32h5xx_hal_cortex.o
 .ARM.attributes
                0x0000028c       0x3a ./Drivers/STM32H5xx_HAL_Driver/Src/stm32h5xx_hal_exti.o
 .ARM.attributes
                0x000002c6       0x3a ./Drivers/STM32H5xx_HAL_Driver/Src/stm32h5xx_hal_gpio.o
 .ARM.attributes
                0x00000300       0x3a ./Drivers/STM32H5xx_HAL_Driver/Src/stm32h5xx_hal_i2c.o
 .ARM.attributes
                0x0000033a       0x3a ./Drivers/STM32H5xx_HAL_Driver/Src/stm32h5xx_hal_i2c_ex.o
 .ARM.attributes
                0x00000374       0x3a ./Drivers/STM32H5xx_HAL_Driver/Src/stm32h5xx_hal_rcc.o
 .ARM.attributes
                0x000003ae       0x3a ./Drivers/STM32H5xx_HAL_Driver/Src/stm32h5xx_hal_rcc_ex.o
 .ARM.attributes
                0x000003e8       0x3a ./Drivers/STM32H5xx_HAL_Driver/Src/stm32h5xx_hal_tim.o
 .ARM.attributes
                0x00000422       0x3a ./Drivers/STM32H5xx_HAL_Driver/Src/stm32h5xx_hal_tim_ex.o
 .ARM.attributes
                0x0000045c       0x3a ./Drivers/STM32H5xx_HAL_Driver/Src/stm32h5xx_hal_uart.o
 .ARM.attributes
                0x00000496       0x38 C:/ST/STM32CubeIDE_1.15.1/STM32CubeIDE/plugins/com.st.stm32cube.ide.mcu.externaltools.gnu-tools-for-stm32.12.3.rel1.win32_1.0.100.202403111256/tools/bin/../lib/gcc/arm-none-eabi/12.3.1/../../../../arm-none-eabi/lib/thumb/v8-m.main+fp/hard\libc_nano.a(libc_a-findfp.o)
 .ARM.attributes
                0x000004ce       0x38 C:/ST/STM32CubeIDE_1.15.1/STM32CubeIDE/plugins/com.st.stm32cube.ide.mcu.externaltools.gnu-tools-for-stm32.12.3.rel1.win32_1.0.100.202403111256/tools/bin/../lib/gcc/arm-none-eabi/12.3.1/../../../../arm-none-eabi/lib/thumb/v8-m.main+fp/hard\libc_nano.a(libc_a-fwalk.o)
 .ARM.attributes
                0x00000506       0x38 C:/ST/STM32CubeIDE_1.15.1/STM32CubeIDE/plugins/com.st.stm32cube.ide.mcu.externaltools.gnu-tools-for-stm32.12.3.rel1.win32_1.0.100.202403111256/tools/bin/../lib/gcc/arm-none-eabi/12.3.1/../../../../arm-none-eabi/lib/thumb/v8-m.main+fp/hard\libc_nano.a(libc_a-printf.o)
 .ARM.attributes
                0x0000053e       0x38 C:/ST/STM32CubeIDE_1.15.1/STM32CubeIDE/plugins/com.st.stm32cube.ide.mcu.externaltools.gnu-tools-for-stm32.12.3.rel1.win32_1.0.100.202403111256/tools/bin/../lib/gcc/arm-none-eabi/12.3.1/../../../../arm-none-eabi/lib/thumb/v8-m.main+fp/hard\libc_nano.a(libc_a-puts.o)
 .ARM.attributes
                0x00000576       0x38 C:/ST/STM32CubeIDE_1.15.1/STM32CubeIDE/plugins/com.st.stm32cube.ide.mcu.externaltools.gnu-tools-for-stm32.12.3.rel1.win32_1.0.100.202403111256/tools/bin/../lib/gcc/arm-none-eabi/12.3.1/../../../../arm-none-eabi/lib/thumb/v8-m.main+fp/hard\libc_nano.a(libc_a-stdio.o)
 .ARM.attributes
                0x000005ae       0x38 C:/ST/STM32CubeIDE_1.15.1/STM32CubeIDE/plugins/com.st.stm32cube.ide.mcu.externaltools.gnu-tools-for-stm32.12.3.rel1.win32_1.0.100.202403111256/tools/bin/../lib/gcc/arm-none-eabi/12.3.1/../../../../arm-none-eabi/lib/thumb/v8-m.main+fp/hard\libc_nano.a(libc_a-wbuf.o)
 .ARM.attributes
                0x000005e6       0x38 C:/ST/STM32CubeIDE_1.15.1/STM32CubeIDE/plugins/com.st.stm32cube.ide.mcu.externaltools.gnu-tools-for-stm32.12.3.rel1.win32_1.0.100.202403111256/tools/bin/../lib/gcc/arm-none-eabi/12.3.1/../../../../arm-none-eabi/lib/thumb/v8-m.main+fp/hard\libc_nano.a(libc_a-wsetup.o)
 .ARM.attributes
                0x0000061e       0x38 C:/ST/STM32CubeIDE_1.15.1/STM32CubeIDE/plugins/com.st.stm32cube.ide.mcu.externaltools.gnu-tools-for-stm32.12.3.rel1.win32_1.0.100.202403111256/tools/bin/../lib/gcc/arm-none-eabi/12.3.1/../../../../arm-none-eabi/lib/thumb/v8-m.main+fp/hard\libc_nano.a(libc_a-memset.o)
 .ARM.attributes
                0x00000656       0x38 C:/ST/STM32CubeIDE_1.15.1/STM32CubeIDE/plugins/com.st.stm32cube.ide.mcu.externaltools.gnu-tools-for-stm32.12.3.rel1.win32_1.0.100.202403111256/tools/bin/../lib/gcc/arm-none-eabi/12.3.1/../../../../arm-none-eabi/lib/thumb/v8-m.main+fp/hard\libc_nano.a(libc_a-closer.o)
 .ARM.attributes
                0x0000068e       0x38 C:/ST/STM32CubeIDE_1.15.1/STM32CubeIDE/plugins/com.st.stm32cube.ide.mcu.externaltools.gnu-tools-for-stm32.12.3.rel1.win32_1.0.100.202403111256/tools/bin/../lib/gcc/arm-none-eabi/12.3.1/../../../../arm-none-eabi/lib/thumb/v8-m.main+fp/hard\libc_nano.a(libc_a-reent.o)
 .ARM.attributes
                0x000006c6       0x38 C:/ST/STM32CubeIDE_1.15.1/STM32CubeIDE/plugins/com.st.stm32cube.ide.mcu.externaltools.gnu-tools-for-stm32.12.3.rel1.win32_1.0.100.202403111256/tools/bin/../lib/gcc/arm-none-eabi/12.3.1/../../../../arm-none-eabi/lib/thumb/v8-m.main+fp/hard\libc_nano.a(libc_a-impure.o)
 .ARM.attributes
                0x000006fe       0x38 C:/ST/STM32CubeIDE_1.15.1/STM32CubeIDE/plugins/com.st.stm32cube.ide.mcu.externaltools.gnu-tools-for-stm32.12.3.rel1.win32_1.0.100.202403111256/tools/bin/../lib/gcc/arm-none-eabi/12.3.1/../../../../arm-none-eabi/lib/thumb/v8-m.main+fp/hard\libc_nano.a(libc_a-lseekr.o)
 .ARM.attributes
                0x00000736       0x38 C:/ST/STM32CubeIDE_1.15.1/STM32CubeIDE/plugins/com.st.stm32cube.ide.mcu.externaltools.gnu-tools-for-stm32.12.3.rel1.win32_1.0.100.202403111256/tools/bin/../lib/gcc/arm-none-eabi/12.3.1/../../../../arm-none-eabi/lib/thumb/v8-m.main+fp/hard\libc_nano.a(libc_a-readr.o)
 .ARM.attributes
                0x0000076e       0x38 C:/ST/STM32CubeIDE_1.15.1/STM32CubeIDE/plugins/com.st.stm32cube.ide.mcu.externaltools.gnu-tools-for-stm32.12.3.rel1.win32_1.0.100.202403111256/tools/bin/../lib/gcc/arm-none-eabi/12.3.1/../../../../arm-none-eabi/lib/thumb/v8-m.main+fp/hard\libc_nano.a(libc_a-writer.o)
 .ARM.attributes
                0x000007a6       0x38 C:/ST/STM32CubeIDE_1.15.1/STM32CubeIDE/plugins/com.st.stm32cube.ide.mcu.externaltools.gnu-tools-for-stm32.12.3.rel1.win32_1.0.100.202403111256/tools/bin/../lib/gcc/arm-none-eabi/12.3.1/../../../../arm-none-eabi/lib/thumb/v8-m.main+fp/hard\libc_nano.a(libc_a-errno.o)
 .ARM.attributes
                0x000007de       0x38 C:/ST/STM32CubeIDE_1.15.1/STM32CubeIDE/plugins/com.st.stm32cube.ide.mcu.externaltools.gnu-tools-for-stm32.12.3.rel1.win32_1.0.100.202403111256/tools/bin/../lib/gcc/arm-none-eabi/12.3.1/../../../../arm-none-eabi/lib/thumb/v8-m.main+fp/hard\libc_nano.a(libc_a-init.o)
 .ARM.attributes
                0x00000816       0x38 C:/ST/STM32CubeIDE_1.15.1/STM32CubeIDE/plugins/com.st.stm32cube.ide.mcu.externaltools.gnu-tools-for-stm32.12.3.rel1.win32_1.0.100.202403111256/tools/bin/../lib/gcc/arm-none-eabi/12.3.1/../../../../arm-none-eabi/lib/thumb/v8-m.main+fp/hard\libc_nano.a(libc_a-lock.o)
 .ARM.attributes
                0x0000084e       0x38 C:/ST/STM32CubeIDE_1.15.1/STM32CubeIDE/plugins/com.st.stm32cube.ide.mcu.externaltools.gnu-tools-for-stm32.12.3.rel1.win32_1.0.100.202403111256/tools/bin/../lib/gcc/arm-none-eabi/12.3.1/../../../../arm-none-eabi/lib/thumb/v8-m.main+fp/hard\libc_nano.a(libc_a-freer.o)
 .ARM.attributes
                0x00000886       0x38 C:/ST/STM32CubeIDE_1.15.1/STM32CubeIDE/plugins/com.st.stm32cube.ide.mcu.externaltools.gnu-tools-for-stm32.12.3.rel1.win32_1.0.100.202403111256/tools/bin/../lib/gcc/arm-none-eabi/12.3.1/../../../../arm-none-eabi/lib/thumb/v8-m.main+fp/hard\libc_nano.a(libc_a-mallocr.o)
 .ARM.attributes
                0x000008be       0x38 C:/ST/STM32CubeIDE_1.15.1/STM32CubeIDE/plugins/com.st.stm32cube.ide.mcu.externaltools.gnu-tools-for-stm32.12.3.rel1.win32_1.0.100.202403111256/tools/bin/../lib/gcc/arm-none-eabi/12.3.1/../../../../arm-none-eabi/lib/thumb/v8-m.main+fp/hard\libc_nano.a(libc_a-mlock.o)
 .ARM.attributes
                0x000008f6       0x38 C:/ST/STM32CubeIDE_1.15.1/STM32CubeIDE/plugins/com.st.stm32cube.ide.mcu.externaltools.gnu-tools-for-stm32.12.3.rel1.win32_1.0.100.202403111256/tools/bin/../lib/gcc/arm-none-eabi/12.3.1/../../../../arm-none-eabi/lib/thumb/v8-m.main+fp/hard\libc_nano.a(libc_a-nano-vfprintf.o)
 .ARM.attributes
                0x0000092e       0x38 C:/ST/STM32CubeIDE_1.15.1/STM32CubeIDE/plugins/com.st.stm32cube.ide.mcu.externaltools.gnu-tools-for-stm32.12.3.rel1.win32_1.0.100.202403111256/tools/bin/../lib/gcc/arm-none-eabi/12.3.1/../../../../arm-none-eabi/lib/thumb/v8-m.main+fp/hard\libc_nano.a(libc_a-nano-vfprintf_i.o)
 .ARM.attributes
                0x00000966       0x38 C:/ST/STM32CubeIDE_1.15.1/STM32CubeIDE/plugins/com.st.stm32cube.ide.mcu.externaltools.gnu-tools-for-stm32.12.3.rel1.win32_1.0.100.202403111256/tools/bin/../lib/gcc/arm-none-eabi/12.3.1/../../../../arm-none-eabi/lib/thumb/v8-m.main+fp/hard\libc_nano.a(libc_a-fflush.o)
 .ARM.attributes
                0x0000099e       0x38 C:/ST/STM32CubeIDE_1.15.1/STM32CubeIDE/plugins/com.st.stm32cube.ide.mcu.externaltools.gnu-tools-for-stm32.12.3.rel1.win32_1.0.100.202403111256/tools/bin/../lib/gcc/arm-none-eabi/12.3.1/../../../../arm-none-eabi/lib/thumb/v8-m.main+fp/hard\libc_nano.a(libc_a-makebuf.o)
 .ARM.attributes
                0x000009d6       0x38 C:/ST/STM32CubeIDE_1.15.1/STM32CubeIDE/plugins/com.st.stm32cube.ide.mcu.externaltools.gnu-tools-for-stm32.12.3.rel1.win32_1.0.100.202403111256/tools/bin/../lib/gcc/arm-none-eabi/12.3.1/../../../../arm-none-eabi/lib/thumb/v8-m.main+fp/hard\libc_nano.a(libc_a-fstatr.o)
 .ARM.attributes
                0x00000a0e       0x38 C:/ST/STM32CubeIDE_1.15.1/STM32CubeIDE/plugins/com.st.stm32cube.ide.mcu.externaltools.gnu-tools-for-stm32.12.3.rel1.win32_1.0.100.202403111256/tools/bin/../lib/gcc/arm-none-eabi/12.3.1/../../../../arm-none-eabi/lib/thumb/v8-m.main+fp/hard\libc_nano.a(libc_a-isattyr.o)
 .ARM.attributes
                0x00000a46       0x38 C:/ST/STM32CubeIDE_1.15.1/STM32CubeIDE/plugins/com.st.stm32cube.ide.mcu.externaltools.gnu-tools-for-stm32.12.3.rel1.win32_1.0.100.202403111256/tools/bin/../lib/gcc/arm-none-eabi/12.3.1/../../../../arm-none-eabi/lib/thumb/v8-m.main+fp/hard\libc_nano.a(libc_a-sbrkr.o)
 .ARM.attributes
                0x00000a7e       0x38 C:/ST/STM32CubeIDE_1.15.1/STM32CubeIDE/plugins/com.st.stm32cube.ide.mcu.externaltools.gnu-tools-for-stm32.12.3.rel1.win32_1.0.100.202403111256/tools/bin/../lib/gcc/arm-none-eabi/12.3.1/../../../../arm-none-eabi/lib/thumb/v8-m.main+fp/hard\libc_nano.a(libc_a-memchr-stub.o)
 .ARM.attributes
                0x00000ab6       0x26 C:/ST/STM32CubeIDE_1.15.1/STM32CubeIDE/plugins/com.st.stm32cube.ide.mcu.externaltools.gnu-tools-for-stm32.12.3.rel1.win32_1.0.100.202403111256/tools/bin/../lib/gcc/arm-none-eabi/12.3.1/thumb/v8-m.main+fp/hard\libgcc.a(_aeabi_uldivmod.o)
 .ARM.attributes
                0x00000adc       0x38 C:/ST/STM32CubeIDE_1.15.1/STM32CubeIDE/plugins/com.st.stm32cube.ide.mcu.externaltools.gnu-tools-for-stm32.12.3.rel1.win32_1.0.100.202403111256/tools/bin/../lib/gcc/arm-none-eabi/12.3.1/thumb/v8-m.main+fp/hard\libgcc.a(_udivmoddi4.o)
 .ARM.attributes
                0x00000b14       0x26 C:/ST/STM32CubeIDE_1.15.1/STM32CubeIDE/plugins/com.st.stm32cube.ide.mcu.externaltools.gnu-tools-for-stm32.12.3.rel1.win32_1.0.100.202403111256/tools/bin/../lib/gcc/arm-none-eabi/12.3.1/thumb/v8-m.main+fp/hard\libgcc.a(_dvmd_tls.o)
 .ARM.attributes
                0x00000b3a       0x26 C:/ST/STM32CubeIDE_1.15.1/STM32CubeIDE/plugins/com.st.stm32cube.ide.mcu.externaltools.gnu-tools-for-stm32.12.3.rel1.win32_1.0.100.202403111256/tools/bin/../lib/gcc/arm-none-eabi/12.3.1/thumb/v8-m.main+fp/hard/crtn.o
OUTPUT(rgb_sensor.elf elf32-littlearm)
LOAD linker stubs
LOAD C:/ST/STM32CubeIDE_1.15.1/STM32CubeIDE/plugins/com.st.stm32cube.ide.mcu.externaltools.gnu-tools-for-stm32.12.3.rel1.win32_1.0.100.202403111256/tools/bin/../lib/gcc/arm-none-eabi/12.3.1/../../../../arm-none-eabi/lib/thumb/v8-m.main+fp/hard\libc.a
LOAD C:/ST/STM32CubeIDE_1.15.1/STM32CubeIDE/plugins/com.st.stm32cube.ide.mcu.externaltools.gnu-tools-for-stm32.12.3.rel1.win32_1.0.100.202403111256/tools/bin/../lib/gcc/arm-none-eabi/12.3.1/../../../../arm-none-eabi/lib/thumb/v8-m.main+fp/hard\libm.a
LOAD C:/ST/STM32CubeIDE_1.15.1/STM32CubeIDE/plugins/com.st.stm32cube.ide.mcu.externaltools.gnu-tools-for-stm32.12.3.rel1.win32_1.0.100.202403111256/tools/bin/../lib/gcc/arm-none-eabi/12.3.1/thumb/v8-m.main+fp/hard\libgcc.a

.debug_info     0x00000000    0x1855b
 .debug_info    0x00000000     0x1b43 ./Core/Src/main.o
 .debug_info    0x00001b43     0x19aa ./Core/Src/stm32h5xx_hal_msp.o
 .debug_info    0x000034ed      0x9c4 ./Core/Src/stm32h5xx_it.o
 .debug_info    0x00003eb1      0x6a3 ./Core/Src/syscalls.o
 .debug_info    0x00004554      0x168 ./Core/Src/sysmem.o
 .debug_info    0x000046bc      0xd8e ./Core/Src/system_stm32h5xx.o
 .debug_info    0x0000544a       0x30 ./Core/Startup/startup_stm32h563zitx.o
 .debug_info    0x0000547a     0x1bc0 ./Drivers/BSP/STM32H5xx_Nucleo/stm32h5xx_nucleo.o
 .debug_info    0x0000703a     0x139f ./Drivers/STM32H5xx_HAL_Driver/Src/stm32h5xx_hal.o
 .debug_info    0x000083d9     0x1658 ./Drivers/STM32H5xx_HAL_Driver/Src/stm32h5xx_hal_cortex.o
 .debug_info    0x00009a31      0x7ca ./Drivers/STM32H5xx_HAL_Driver/Src/stm32h5xx_hal_exti.o
 .debug_info    0x0000a1fb      0x6b6 ./Drivers/STM32H5xx_HAL_Driver/Src/stm32h5xx_hal_gpio.o
 .debug_info    0x0000a8b1     0x2313 ./Drivers/STM32H5xx_HAL_Driver/Src/stm32h5xx_hal_i2c.o
 .debug_info    0x0000cbc4      0x8f3 ./Drivers/STM32H5xx_HAL_Driver/Src/stm32h5xx_hal_i2c_ex.o
 .debug_info    0x0000d4b7     0x109f ./Drivers/STM32H5xx_HAL_Driver/Src/stm32h5xx_hal_rcc.o
 .debug_info    0x0000e556     0x12d7 ./Drivers/STM32H5xx_HAL_Driver/Src/stm32h5xx_hal_rcc_ex.o
 .debug_info    0x0000f82d     0x2e54 ./Drivers/STM32H5xx_HAL_Driver/Src/stm32h5xx_hal_tim.o
 .debug_info    0x00012681     0x1eaa ./Drivers/STM32H5xx_HAL_Driver/Src/stm32h5xx_hal_tim_ex.o
 .debug_info    0x0001452b     0x4030 ./Drivers/STM32H5xx_HAL_Driver/Src/stm32h5xx_hal_uart.o

.debug_abbrev   0x00000000     0x28cd
 .debug_abbrev  0x00000000      0x300 ./Core/Src/main.o
 .debug_abbrev  0x00000300      0x23b ./Core/Src/stm32h5xx_hal_msp.o
 .debug_abbrev  0x0000053b      0x1c4 ./Core/Src/stm32h5xx_it.o
 .debug_abbrev  0x000006ff      0x1b6 ./Core/Src/syscalls.o
 .debug_abbrev  0x000008b5       0xbc ./Core/Src/sysmem.o
 .debug_abbrev  0x00000971      0x13a ./Core/Src/system_stm32h5xx.o
 .debug_abbrev  0x00000aab       0x24 ./Core/Startup/startup_stm32h563zitx.o
 .debug_abbrev  0x00000acf      0x330 ./Drivers/BSP/STM32H5xx_Nucleo/stm32h5xx_nucleo.o
 .debug_abbrev  0x00000dff      0x2af ./Drivers/STM32H5xx_HAL_Driver/Src/stm32h5xx_hal.o
 .debug_abbrev  0x000010ae      0x311 ./Drivers/STM32H5xx_HAL_Driver/Src/stm32h5xx_hal_cortex.o
 .debug_abbrev  0x000013bf      0x198 ./Drivers/STM32H5xx_HAL_Driver/Src/stm32h5xx_hal_exti.o
 .debug_abbrev  0x00001557      0x1db ./Drivers/STM32H5xx_HAL_Driver/Src/stm32h5xx_hal_gpio.o
 .debug_abbrev  0x00001732      0x271 ./Drivers/STM32H5xx_HAL_Driver/Src/stm32h5xx_hal_i2c.o
 .debug_abbrev  0x000019a3      0x1a8 ./Drivers/STM32H5xx_HAL_Driver/Src/stm32h5xx_hal_i2c_ex.o
 .debug_abbrev  0x00001b4b      0x290 ./Drivers/STM32H5xx_HAL_Driver/Src/stm32h5xx_hal_rcc.o
 .debug_abbrev  0x00001ddb      0x269 ./Drivers/STM32H5xx_HAL_Driver/Src/stm32h5xx_hal_rcc_ex.o
 .debug_abbrev  0x00002044      0x2bd ./Drivers/STM32H5xx_HAL_Driver/Src/stm32h5xx_hal_tim.o
 .debug_abbrev  0x00002301      0x2c7 ./Drivers/STM32H5xx_HAL_Driver/Src/stm32h5xx_hal_tim_ex.o
 .debug_abbrev  0x000025c8      0x305 ./Drivers/STM32H5xx_HAL_Driver/Src/stm32h5xx_hal_uart.o

.debug_aranges  0x00000000     0x1400
 .debug_aranges
                0x00000000       0x50 ./Core/Src/main.o
 .debug_aranges
                0x00000050       0x40 ./Core/Src/stm32h5xx_hal_msp.o
 .debug_aranges
                0x00000090       0x70 ./Core/Src/stm32h5xx_it.o
 .debug_aranges
                0x00000100       0xa8 ./Core/Src/syscalls.o
 .debug_aranges
                0x000001a8       0x20 ./Core/Src/sysmem.o
 .debug_aranges
                0x000001c8       0x28 ./Core/Src/system_stm32h5xx.o
 .debug_aranges
                0x000001f0       0x28 ./Core/Startup/startup_stm32h563zitx.o
 .debug_aranges
                0x00000218       0xc8 ./Drivers/BSP/STM32H5xx_Nucleo/stm32h5xx_nucleo.o
 .debug_aranges
                0x000002e0      0x200 ./Drivers/STM32H5xx_HAL_Driver/Src/stm32h5xx_hal.o
 .debug_aranges
                0x000004e0      0x140 ./Drivers/STM32H5xx_HAL_Driver/Src/stm32h5xx_hal_cortex.o
 .debug_aranges
                0x00000620       0x70 ./Drivers/STM32H5xx_HAL_Driver/Src/stm32h5xx_hal_exti.o
 .debug_aranges
                0x00000690       0x78 ./Drivers/STM32H5xx_HAL_Driver/Src/stm32h5xx_hal_gpio.o
 .debug_aranges
                0x00000708      0x2a0 ./Drivers/STM32H5xx_HAL_Driver/Src/stm32h5xx_hal_i2c.o
 .debug_aranges
                0x000009a8       0x40 ./Drivers/STM32H5xx_HAL_Driver/Src/stm32h5xx_hal_i2c_ex.o
 .debug_aranges
                0x000009e8       0xa0 ./Drivers/STM32H5xx_HAL_Driver/Src/stm32h5xx_hal_rcc.o
 .debug_aranges
                0x00000a88      0x108 ./Drivers/STM32H5xx_HAL_Driver/Src/stm32h5xx_hal_rcc_ex.o
 .debug_aranges
                0x00000b90      0x3e8 ./Drivers/STM32H5xx_HAL_Driver/Src/stm32h5xx_hal_tim.o
 .debug_aranges
                0x00000f78      0x240 ./Drivers/STM32H5xx_HAL_Driver/Src/stm32h5xx_hal_tim_ex.o
 .debug_aranges
                0x000011b8      0x248 ./Drivers/STM32H5xx_HAL_Driver/Src/stm32h5xx_hal_uart.o

.debug_rnglists
                0x00000000      0xfb3
 .debug_rnglists
                0x00000000       0x3d ./Core/Src/main.o
 .debug_rnglists
                0x0000003d       0x2c ./Core/Src/stm32h5xx_hal_msp.o
 .debug_rnglists
                0x00000069       0x4f ./Core/Src/stm32h5xx_it.o
 .debug_rnglists
                0x000000b8       0x79 ./Core/Src/syscalls.o
 .debug_rnglists
                0x00000131       0x13 ./Core/Src/sysmem.o
 .debug_rnglists
                0x00000144       0x1b ./Core/Src/system_stm32h5xx.o
 .debug_rnglists
                0x0000015f       0x19 ./Core/Startup/startup_stm32h563zitx.o
 .debug_rnglists
                0x00000178       0x94 ./Drivers/BSP/STM32H5xx_Nucleo/stm32h5xx_nucleo.o
 .debug_rnglists
                0x0000020c      0x17d ./Drivers/STM32H5xx_HAL_Driver/Src/stm32h5xx_hal.o
 .debug_rnglists
                0x00000389       0xec ./Drivers/STM32H5xx_HAL_Driver/Src/stm32h5xx_hal_cortex.o
 .debug_rnglists
                0x00000475       0x53 ./Drivers/STM32H5xx_HAL_Driver/Src/stm32h5xx_hal_exti.o
 .debug_rnglists
                0x000004c8       0x57 ./Drivers/STM32H5xx_HAL_Driver/Src/stm32h5xx_hal_gpio.o
 .debug_rnglists
                0x0000051f      0x228 ./Drivers/STM32H5xx_HAL_Driver/Src/stm32h5xx_hal_i2c.o
 .debug_rnglists
                0x00000747       0x30 ./Drivers/STM32H5xx_HAL_Driver/Src/stm32h5xx_hal_i2c_ex.o
 .debug_rnglists
                0x00000777       0x79 ./Drivers/STM32H5xx_HAL_Driver/Src/stm32h5xx_hal_rcc.o
 .debug_rnglists
                0x000007f0       0xcf ./Drivers/STM32H5xx_HAL_Driver/Src/stm32h5xx_hal_rcc_ex.o
 .debug_rnglists
                0x000008bf      0x32e ./Drivers/STM32H5xx_HAL_Driver/Src/stm32h5xx_hal_tim.o
 .debug_rnglists
                0x00000bed      0x1cb ./Drivers/STM32H5xx_HAL_Driver/Src/stm32h5xx_hal_tim_ex.o
 .debug_rnglists
                0x00000db8      0x1fb ./Drivers/STM32H5xx_HAL_Driver/Src/stm32h5xx_hal_uart.o

.debug_macro    0x00000000    0x33309
 .debug_macro   0x00000000      0x31d ./Core/Src/main.o
 .debug_macro   0x0000031d      0xac0 ./Core/Src/main.o
 .debug_macro   0x00000ddd      0x1d0 ./Core/Src/main.o
 .debug_macro   0x00000fad       0x22 ./Core/Src/main.o
 .debug_macro   0x00000fcf       0x5b ./Core/Src/main.o
 .debug_macro   0x0000102a       0x2a ./Core/Src/main.o
 .debug_macro   0x00001054       0x94 ./Core/Src/main.o
 .debug_macro   0x000010e8       0x43 ./Core/Src/main.o
 .debug_macro   0x0000112b       0x34 ./Core/Src/main.o
 .debug_macro   0x0000115f      0x189 ./Core/Src/main.o
 .debug_macro   0x000012e8       0x16 ./Core/Src/main.o
 .debug_macro   0x000012fe       0x43 ./Core/Src/main.o
 .debug_macro   0x00001341       0x57 ./Core/Src/main.o
 .debug_macro   0x00001398       0x34 ./Core/Src/main.o
 .debug_macro   0x000013cc       0x10 ./Core/Src/main.o
 .debug_macro   0x000013dc       0x58 ./Core/Src/main.o
 .debug_macro   0x00001434       0x8e ./Core/Src/main.o
 .debug_macro   0x000014c2       0x1c ./Core/Src/main.o
 .debug_macro   0x000014de      0x177 ./Core/Src/main.o
 .debug_macro   0x00001655      0x369 ./Core/Src/main.o
 .debug_macro   0x000019be      0x19b ./Core/Src/main.o
 .debug_macro   0x00001b59       0x28 ./Core/Src/main.o
 .debug_macro   0x00001b81       0x49 ./Core/Src/main.o
 .debug_macro   0x00001bca      0x103 ./Core/Src/main.o
 .debug_macro   0x00001ccd       0x6a ./Core/Src/main.o
 .debug_macro   0x00001d37      0x1df ./Core/Src/main.o
 .debug_macro   0x00001f16       0x1c ./Core/Src/main.o
 .debug_macro   0x00001f32       0x29 ./Core/Src/main.o
 .debug_macro   0x00001f5b       0xfb ./Core/Src/main.o
 .debug_macro   0x00002056     0x1685 ./Core/Src/main.o
 .debug_macro   0x000036db       0x5e ./Core/Src/main.o
 .debug_macro   0x00003739    0x211a2 ./Core/Src/main.o
 .debug_macro   0x000248db       0x6d ./Core/Src/main.o
 .debug_macro   0x00024948     0x3891 ./Core/Src/main.o
 .debug_macro   0x000281d9       0x63 ./Core/Src/main.o
 .debug_macro   0x0002823c     0x1f0d ./Core/Src/main.o
 .debug_macro   0x0002a149      0xe96 ./Core/Src/main.o
 .debug_macro   0x0002afdf      0x166 ./Core/Src/main.o
 .debug_macro   0x0002b145      0x300 ./Core/Src/main.o
 .debug_macro   0x0002b445      0x917 ./Core/Src/main.o
 .debug_macro   0x0002bd5c      0x478 ./Core/Src/main.o
 .debug_macro   0x0002c1d4       0xd6 ./Core/Src/main.o
 .debug_macro   0x0002c2aa      0x1ce ./Core/Src/main.o
 .debug_macro   0x0002c478      0x554 ./Core/Src/main.o
 .debug_macro   0x0002c9cc      0x63f ./Core/Src/main.o
 .debug_macro   0x0002d00b       0x74 ./Core/Src/main.o
 .debug_macro   0x0002d07f      0x22c ./Core/Src/main.o
 .debug_macro   0x0002d2ab       0x35 ./Core/Src/main.o
 .debug_macro   0x0002d2e0       0xa5 ./Core/Src/main.o
 .debug_macro   0x0002d385      0x313 ./Core/Src/main.o
 .debug_macro   0x0002d698      0x1bb ./Core/Src/main.o
 .debug_macro   0x0002d853      0xbef ./Core/Src/main.o
 .debug_macro   0x0002e442      0x3ce ./Core/Src/main.o
 .debug_macro   0x0002e810      0x693 ./Core/Src/main.o
 .debug_macro   0x0002eea3       0xa6 ./Core/Src/main.o
 .debug_macro   0x0002ef49      0x2a7 ./Core/Src/main.o
 .debug_macro   0x0002f1f0      0x47e ./Core/Src/main.o
 .debug_macro   0x0002f66e       0x28 ./Core/Src/main.o
 .debug_macro   0x0002f696       0x52 ./Core/Src/main.o
 .debug_macro   0x0002f6e8       0x1c ./Core/Src/main.o
 .debug_macro   0x0002f704       0x35 ./Core/Src/main.o
 .debug_macro   0x0002f739       0x10 ./Core/Src/main.o
 .debug_macro   0x0002f749       0x1c ./Core/Src/main.o
 .debug_macro   0x0002f765       0x16 ./Core/Src/main.o
 .debug_macro   0x0002f77b      0x146 ./Core/Src/main.o
 .debug_macro   0x0002f8c1      0x130 ./Core/Src/main.o
 .debug_macro   0x0002f9f1      0x154 ./Core/Src/main.o
 .debug_macro   0x0002fb45       0x22 ./Core/Src/main.o
 .debug_macro   0x0002fb67      0x2ea ./Core/Src/stm32h5xx_hal_msp.o
 .debug_macro   0x0002fe51      0x2f4 ./Core/Src/stm32h5xx_it.o
 .debug_macro   0x00030145      0x274 ./Core/Src/syscalls.o
 .debug_macro   0x000303b9       0x10 ./Core/Src/syscalls.o
 .debug_macro   0x000303c9       0x10 ./Core/Src/syscalls.o
 .debug_macro   0x000303d9       0x10 ./Core/Src/syscalls.o
 .debug_macro   0x000303e9       0x10 ./Core/Src/syscalls.o
 .debug_macro   0x000303f9       0x1c ./Core/Src/syscalls.o
 .debug_macro   0x00030415       0x52 ./Core/Src/syscalls.o
 .debug_macro   0x00030467       0x22 ./Core/Src/syscalls.o
 .debug_macro   0x00030489       0x10 ./Core/Src/syscalls.o
 .debug_macro   0x00030499       0x52 ./Core/Src/syscalls.o
 .debug_macro   0x000304eb       0xcf ./Core/Src/syscalls.o
 .debug_macro   0x000305ba       0x1c ./Core/Src/syscalls.o
 .debug_macro   0x000305d6       0x3d ./Core/Src/syscalls.o
 .debug_macro   0x00030613       0x35 ./Core/Src/syscalls.o
 .debug_macro   0x00030648      0x12c ./Core/Src/syscalls.o
 .debug_macro   0x00030774       0x16 ./Core/Src/syscalls.o
 .debug_macro   0x0003078a       0x16 ./Core/Src/syscalls.o
 .debug_macro   0x000307a0       0x29 ./Core/Src/syscalls.o
 .debug_macro   0x000307c9       0x10 ./Core/Src/syscalls.o
 .debug_macro   0x000307d9      0x242 ./Core/Src/syscalls.o
 .debug_macro   0x00030a1b       0x10 ./Core/Src/syscalls.o
 .debug_macro   0x00030a2b      0x18a ./Core/Src/syscalls.o
 .debug_macro   0x00030bb5       0x16 ./Core/Src/syscalls.o
 .debug_macro   0x00030bcb       0xce ./Core/Src/syscalls.o
 .debug_macro   0x00030c99       0xff ./Core/Src/sysmem.o
 .debug_macro   0x00030d98      0x23c ./Core/Src/sysmem.o
 .debug_macro   0x00030fd4      0x28d ./Core/Src/system_stm32h5xx.o
 .debug_macro   0x00031261      0x2e7 ./Drivers/BSP/STM32H5xx_Nucleo/stm32h5xx_nucleo.o
 .debug_macro   0x00031548       0x22 ./Drivers/BSP/STM32H5xx_Nucleo/stm32h5xx_nucleo.o
 .debug_macro   0x0003156a      0x2bc ./Drivers/STM32H5xx_HAL_Driver/Src/stm32h5xx_hal.o
 .debug_macro   0x00031826      0x286 ./Drivers/STM32H5xx_HAL_Driver/Src/stm32h5xx_hal_cortex.o
 .debug_macro   0x00031aac      0x29e ./Drivers/STM32H5xx_HAL_Driver/Src/stm32h5xx_hal_exti.o
 .debug_macro   0x00031d4a      0x2bc ./Drivers/STM32H5xx_HAL_Driver/Src/stm32h5xx_hal_gpio.o
 .debug_macro   0x00032006      0x352 ./Drivers/STM32H5xx_HAL_Driver/Src/stm32h5xx_hal_i2c.o
 .debug_macro   0x00032358      0x286 ./Drivers/STM32H5xx_HAL_Driver/Src/stm32h5xx_hal_i2c_ex.o
 .debug_macro   0x000325de      0x2c8 ./Drivers/STM32H5xx_HAL_Driver/Src/stm32h5xx_hal_rcc.o
 .debug_macro   0x000328a6      0x298 ./Drivers/STM32H5xx_HAL_Driver/Src/stm32h5xx_hal_rcc_ex.o
 .debug_macro   0x00032b3e      0x28e ./Drivers/STM32H5xx_HAL_Driver/Src/stm32h5xx_hal_tim.o
 .debug_macro   0x00032dcc      0x28c ./Drivers/STM32H5xx_HAL_Driver/Src/stm32h5xx_hal_tim_ex.o
 .debug_macro   0x00033058      0x2b1 ./Drivers/STM32H5xx_HAL_Driver/Src/stm32h5xx_hal_uart.o

.debug_line     0x00000000    0x1ae0a
 .debug_line    0x00000000      0xc00 ./Core/Src/main.o
 .debug_line    0x00000c00      0x9df ./Core/Src/stm32h5xx_hal_msp.o
 .debug_line    0x000015df      0xa37 ./Core/Src/stm32h5xx_it.o
 .debug_line    0x00002016      0x8b2 ./Core/Src/syscalls.o
 .debug_line    0x000028c8      0x583 ./Core/Src/sysmem.o
 .debug_line    0x00002e4b      0xa37 ./Core/Src/system_stm32h5xx.o
 .debug_line    0x00003882       0x7b ./Core/Startup/startup_stm32h563zitx.o
 .debug_line    0x000038fd      0xce5 ./Drivers/BSP/STM32H5xx_Nucleo/stm32h5xx_nucleo.o
 .debug_line    0x000045e2      0xfbe ./Drivers/STM32H5xx_HAL_Driver/Src/stm32h5xx_hal.o
 .debug_line    0x000055a0      0xf26 ./Drivers/STM32H5xx_HAL_Driver/Src/stm32h5xx_hal_cortex.o
 .debug_line    0x000064c6      0xcfd ./Drivers/STM32H5xx_HAL_Driver/Src/stm32h5xx_hal_exti.o
 .debug_line    0x000071c3      0xcb2 ./Drivers/STM32H5xx_HAL_Driver/Src/stm32h5xx_hal_gpio.o
 .debug_line    0x00007e75     0x3e4b ./Drivers/STM32H5xx_HAL_Driver/Src/stm32h5xx_hal_i2c.o
 .debug_line    0x0000bcc0      0xb05 ./Drivers/STM32H5xx_HAL_Driver/Src/stm32h5xx_hal_i2c_ex.o